Archive member included because of file (symbol)

.\CortexM3\ARM_GCC_493\Debug\Display.a(cyfitter_cfg.o)
                              .\CortexM3\ARM_GCC_493\Debug\Cm3Start.o (cyfitter_cfg)
.\CortexM3\ARM_GCC_493\Debug\Display.a(D.o)
                              .\CortexM3\ARM_GCC_493\Debug\Ultrasonics.o (D_Read)
.\CortexM3\ARM_GCC_493\Debug\Display.a(CS.o)
                              .\CortexM3\ARM_GCC_493\Debug\camera_display.o (CS_Write)
.\CortexM3\ARM_GCC_493\Debug\Display.a(CyBootAsmGnu.o)
                              .\CortexM3\ARM_GCC_493\Debug\Display.a(cyfitter_cfg.o) (CyDelayCycles)
.\CortexM3\ARM_GCC_493\Debug\Display.a(CyDmac.o)
                              .\CortexM3\ARM_GCC_493\Debug\Cm3Start.o (CyDmacConfigure)
.\CortexM3\ARM_GCC_493\Debug\Display.a(CyLib.o)
                              .\CortexM3\ARM_GCC_493\Debug\Cm3Start.o (CyHalt)
.\CortexM3\ARM_GCC_493\Debug\Display.a(cyPm.o)
                              .\CortexM3\ARM_GCC_493\Debug\Display.a(CyLib.o) (CyPmReadStatus)
.\CortexM3\ARM_GCC_493\Debug\Display.a(LCD.o)
                              .\CortexM3\ARM_GCC_493\Debug\main.o (LCD_Start)
.\CortexM3\ARM_GCC_493\Debug\Display.a(OE.o)
                              .\CortexM3\ARM_GCC_493\Debug\camera_display.o (OE_Read)
.\CortexM3\ARM_GCC_493\Debug\Display.a(Camera.o)
                              .\CortexM3\ARM_GCC_493\Debug\main.o (Camera_WriteReg)
.\CortexM3\ARM_GCC_493\Debug\Display.a(Camera_DMA_dma.o)
                              .\CortexM3\ARM_GCC_493\Debug\Display.a(Camera.o) (Camera_DMA_DmaInitialize)
.\CortexM3\ARM_GCC_493\Debug\Display.a(Camera_VSYNC.o)
                              .\CortexM3\ARM_GCC_493\Debug\camera_display.o (Camera_VSYNC_Read)
.\CortexM3\ARM_GCC_493\Debug\Display.a(Camera_I2C.o)
                              .\CortexM3\ARM_GCC_493\Debug\Display.a(Camera.o) (Camera_I2C_Start)
.\CortexM3\ARM_GCC_493\Debug\Display.a(Camera_I2C_INT.o)
                              .\CortexM3\ARM_GCC_493\Debug\Display.a(Camera_I2C.o) (Camera_I2C_ISR)
.\CortexM3\ARM_GCC_493\Debug\Display.a(Camera_I2C_PM.o)
                              .\CortexM3\ARM_GCC_493\Debug\Display.a(Camera_I2C.o) (Camera_I2C_backup)
.\CortexM3\ARM_GCC_493\Debug\Display.a(Camera_I2C_MASTER.o)
                              .\CortexM3\ARM_GCC_493\Debug\Display.a(Camera_I2C.o) (Camera_I2C_mstrStatus)
.\CortexM3\ARM_GCC_493\Debug\Display.a(Camera_end_line.o)
                              .\CortexM3\ARM_GCC_493\Debug\Display.a(Camera.o) (Camera_end_line_StartEx)
.\CortexM3\ARM_GCC_493\Debug\Display.a(LCD_DMA_dma.o)
                              .\CortexM3\ARM_GCC_493\Debug\camera_display.o (LCD_DMA_DmaInitialize)
.\CortexM3\ARM_GCC_493\Debug\Display.a(Camera_DMA_Colours_dma.o)
                              .\CortexM3\ARM_GCC_493\Debug\Display.a(Camera.o) (Camera_DMA_Colours_DmaInitialize)
.\CortexM3\ARM_GCC_493\Debug\Display.a(Camera_end_line_colours.o)
                              .\CortexM3\ARM_GCC_493\Debug\Display.a(Camera.o) (Camera_end_line_colours_StartEx)
.\CortexM3\ARM_GCC_493\Debug\Display.a(SW_DAC.o)
                              .\CortexM3\ARM_GCC_493\Debug\main.o (SW_DAC_Start)
.\CortexM3\ARM_GCC_493\Debug\Display.a(SW_Comparator.o)
                              .\CortexM3\ARM_GCC_493\Debug\main.o (SW_Comparator_Start)
.\CortexM3\ARM_GCC_493\Debug\Display.a(PWM_Pan.o)
                              .\CortexM3\ARM_GCC_493\Debug\pwm_functions.o (PWM_Pan_WriteCompare)
.\CortexM3\ARM_GCC_493\Debug\Display.a(PWM_Tilt.o)
                              .\CortexM3\ARM_GCC_493\Debug\pwm_functions.o (PWM_Tilt_WriteCompare)
.\CortexM3\ARM_GCC_493\Debug\Display.a(PWM_Claw.o)
                              .\CortexM3\ARM_GCC_493\Debug\pwm_functions.o (PWM_Claw_WriteCompare)
.\CortexM3\ARM_GCC_493\Debug\Display.a(Quad_1.o)
                              .\CortexM3\ARM_GCC_493\Debug\movement_functions.o (Quad_1_GetCounter)
.\CortexM3\ARM_GCC_493\Debug\Display.a(Quad_2.o)
                              .\CortexM3\ARM_GCC_493\Debug\movement_functions.o (Quad_2_GetCounter)
.\CortexM3\ARM_GCC_493\Debug\Display.a(Quad_1_Cnt16.o)
                              .\CortexM3\ARM_GCC_493\Debug\Display.a(Quad_1.o) (Quad_1_Cnt16_Stop)
.\CortexM3\ARM_GCC_493\Debug\Display.a(Quad_2_Cnt16.o)
                              .\CortexM3\ARM_GCC_493\Debug\Display.a(Quad_2.o) (Quad_2_Cnt16_Stop)
.\CortexM3\ARM_GCC_493\Debug\Display.a(USTX.o)
                              .\CortexM3\ARM_GCC_493\Debug\Ultrasonics.o (USTX_Write)
.\CortexM3\ARM_GCC_493\Debug\Display.a(Timer_1.o)
                              .\CortexM3\ARM_GCC_493\Debug\main.o (Timer_1_Start)
.\CortexM3\ARM_GCC_493\Debug\Display.a(USTX2.o)
                              .\CortexM3\ARM_GCC_493\Debug\Ultrasonics.o (USTX2_Write)
.\CortexM3\ARM_GCC_493\Debug\Display.a(Quad_3.o)
                              .\CortexM3\ARM_GCC_493\Debug\lift_functions.o (Quad_3_GetCounter)
[...]
Memory Configuration

Name             Origin             Length             Attributes
rom              0x00000000         0x00040000         xr
ram              0x1fff8000         0x00010000         xrw
*default*        0x00000000         0xffffffff

Linker script and memory map

LOAD c:/program files (x86)/cypress/psoc creator/3.3/psoc creator/import/gnu/arm/4.9.3/bin/../lib/gcc/arm-none-eabi/4.9.3/armv7-m/crti.o
LOAD c:/program files (x86)/cypress/psoc creator/3.3/psoc creator/import/gnu/arm/4.9.3/bin/../lib/gcc/arm-none-eabi/4.9.3/armv7-m/crtbegin.o
LOAD c:/program files (x86)/cypress/psoc creator/3.3/psoc creator/import/gnu/arm/4.9.3/bin/../lib/gcc/arm-none-eabi/4.9.3/../../../../arm-none-eabi/lib/armv7-m/crt0.o
START GROUP
LOAD .\CortexM3\ARM_GCC_493\Debug\main.o
LOAD .\CortexM3\ARM_GCC_493\Debug\camera_display.o
LOAD .\CortexM3\ARM_GCC_493\Debug\camera_functions.o
LOAD .\CortexM3\ARM_GCC_493\Debug\pwm_functions.o
LOAD .\CortexM3\ARM_GCC_493\Debug\movement_functions.o
LOAD .\CortexM3\ARM_GCC_493\Debug\puck_functions.o
LOAD .\CortexM3\ARM_GCC_493\Debug\Ultrasonics.o
LOAD .\CortexM3\ARM_GCC_493\Debug\pathing.o
LOAD .\CortexM3\ARM_GCC_493\Debug\initial_path_sequence.o
LOAD .\CortexM3\ARM_GCC_493\Debug\lift_functions.o
LOAD .\CortexM3\ARM_GCC_493\Debug\utils.o
LOAD .\CortexM3\ARM_GCC_493\Debug\cymetadata.o
LOAD .\CortexM3\ARM_GCC_493\Debug\Cm3Start.o
LOAD .\CortexM3\ARM_GCC_493\Debug\Display.a
LOAD C:\Program Files (x86)\Cypress\PSoC Creator\3.3\PSoC Creator\psoc\content\cycomponentlibrary\CyComponentLibrary.cylib\CortexM3\ARM_GCC_493\Debug\CyComponentLibrary.a
LOAD c:/program files (x86)/cypress/psoc creator/3.3/psoc creator/import/gnu/arm/4.9.3/bin/../lib/gcc/arm-none-eabi/4.9.3/../../../../arm-none-eabi/lib/armv7-m\libm.a
END GROUP
START GROUP
LOAD c:/program files (x86)/cypress/psoc creator/3.3/psoc creator/import/gnu/arm/4.9.3/bin/../lib/gcc/arm-none-eabi/4.9.3/armv7-m\libgcc.a
LOAD c:/program files (x86)/cypress/psoc creator/3.3/psoc creator/import/gnu/arm/4.9.3/bin/../lib/gcc/arm-none-eabi/4.9.3/../../../../arm-none-eabi/lib/armv7-m\libg_nano.a
LOAD c:/program files (x86)/cypress/psoc creator/3.3/psoc creator/import/gnu/arm/4.9.3/bin/../lib/gcc/arm-none-eabi/4.9.3/../../../../arm-none-eabi/lib/armv7-m\libc_nano.a
END GROUP
START GROUP
LOAD c:/program files (x86)/cypress/psoc creator/3.3/psoc creator/import/gnu/arm/4.9.3/bin/../lib/gcc/arm-none-eabi/4.9.3/armv7-m\libgcc.a
LOAD c:/program files (x86)/cypress/psoc creator/3.3/psoc creator/import/gnu/arm/4.9.3/bin/../lib/gcc/arm-none-eabi/4.9.3/../../../../arm-none-eabi/lib/armv7-m\libc_nano.a
END GROUP
LOAD c:/program files (x86)/cypress/psoc creator/3.3/psoc creator/import/gnu/arm/4.9.3/bin/../lib/gcc/arm-none-eabi/4.9.3/armv7-m/crtend.o
LOAD c:/program files (x86)/cypress/psoc creator/3.3/psoc creator/import/gnu/arm/4.9.3/bin/../lib/gcc/arm-none-eabi/4.9.3/armv7-m/crtn.o
START GROUP
LOAD c:/program files (x86)/cypress/psoc creator/3.3/psoc creator/import/gnu/arm/4.9.3/bin/../lib/gcc/arm-none-eabi/4.9.3/armv7-m\libgcc.a
LOAD c:/program files (x86)/cypress/psoc creator/3.3/psoc creator/import/gnu/arm/4.9.3/bin/../lib/gcc/arm-none-eabi/4.9.3/../../../../arm-none-eabi/lib/armv7-m\libc.a
LOAD c:/program files (x86)/cypress/psoc creator/3.3/psoc creator/import/gnu/arm/4.9.3/bin/../lib/gcc/arm-none-eabi/4.9.3/../../../../arm-none-eabi/lib/armv7-m\libnosys.a
END GROUP
                0x00000000                CY_APPL_ORIGIN = 0x0
                0x00000100                CY_FLASH_ROW_SIZE = 0x100
                0x00000020                CY_ECC_ROW_SIZE = 0x20
                0x00000000                CY_EE_IN_BTLDR = 0x0
                0x00000000                CY_APPL_LOADABLE = 0x0
                0x00000800                CY_EE_SIZE = 0x800
                0x00000001                CY_APPL_NUM = 0x1
                0x00000001                CY_APPL_MAX = 0x1
                0x00000040                CY_METADATA_SIZE = 0x40
                0x00000000                CY_APPL_LOADABLE = 0x0
                0x00000000                CY_CHECKSUM_EXCLUDE_SIZE = ALIGN (0x0, CY_FLASH_ROW_SIZE)
                0x1fff94e0                PROVIDE (__cy_heap_start, _end)
                0x00000001                PROVIDE (__cy_region_num, ((__cy_regions_end - __cy_regions) / 0x10))
                0x20008000                PROVIDE (__cy_stack, (ORIGIN (ram) + 0x10000))
                0x20007800                PROVIDE (__cy_heap_end, (__cy_stack - 0x800))

.cybootloader   0x00000000        0x0
 *(.cybootloader)
                0x00000000                appl1_start = CY_APPL_ORIGIN?CY_APPL_ORIGIN:ALIGN (CY_FLASH_ROW_SIZE)
                0x0001ff00                appl2_start = (appl1_start + ALIGN ((((0x40000 - appl1_start) - (0x2 * CY_FLASH_ROW_SIZE)) / 0x2), CY_FLASH_ROW_SIZE))
                0x00000000                appl_start = (CY_APPL_NUM == 0x1)?appl1_start:appl2_start
                0x00000000                ecc_offset = ((appl_start / CY_FLASH_ROW_SIZE) * CY_ECC_ROW_SIZE)
                0x00000000                ee_offset = (CY_APPL_LOADABLE && ! (CY_EE_IN_BTLDR))?((CY_EE_SIZE / CY_APPL_MAX) * (CY_APPL_NUM - 0x1)):0x0
                0x00000800                ee_size = (CY_APPL_LOADABLE && ! (CY_EE_IN_BTLDR))?(CY_EE_SIZE / CY_APPL_MAX):CY_EE_SIZE
                0x00000000                PROVIDE (CY_ECC_OFFSET, ecc_offset)

.text           0x00000000     0x6b0a
 CREATE_OBJECT_SYMBOLS
                0x00000000                PROVIDE (__cy_interrupt_vector, RomVectors)
 *(.romvectors)
 .romvectors    0x00000000       0x10 .\CortexM3\ARM_GCC_493\Debug\Cm3Start.o
                0x00000000                RomVectors
                0x00000001                ASSERT ((. != __cy_interrupt_vector), No interrupt vector)
                0x00000001                ASSERT (CY_APPL_ORIGIN?(SIZEOF (.cybootloader) <= CY_APPL_ORIGIN):0x1, Wrong image location)
                0x00000010                PROVIDE (__cy_reset, Reset)
 *(.text.Reset)
 .text.Reset    0x00000010       0x18 .\CortexM3\ARM_GCC_493\Debug\Cm3Start.o
                0x00000010                Reset
                0x00000001                ASSERT ((. != __cy_reset), No reset code)
 *(.dma_init)
                0x00000001                ASSERT ((((appl_start + .) <= 0x10000) || 0x1), DMA Init must be within the first 64k of flash)
 *(.text .text.* .gnu.linkonce.t.*)
 .text          0x00000028       0x5c c:/program files (x86)/cypress/psoc creator/3.3/psoc creator/import/gnu/arm/4.9.3/bin/../lib/gcc/arm-none-eabi/4.9.3/armv7-m/crtbegin.o
 .text.Initialise
                0x00000084       0x38 .\CortexM3\ARM_GCC_493\Debug\main.o
                0x00000084                Initialise
 .text.main     0x000000bc      0x1c4 .\CortexM3\ARM_GCC_493\Debug\main.o
                0x000000bc                main
 .text.LCD_DMA_Start
                0x00000280       0x4c .\CortexM3\ARM_GCC_493\Debug\camera_display.o
                0x00000280                LCD_DMA_Start
 .text.CaptureFrame
                0x000002cc      0x1a8 .\CortexM3\ARM_GCC_493\Debug\camera_display.o
                0x000002cc                CaptureFrame
 .text.Camera_SetBlankTime
                0x00000474       0x1c .\CortexM3\ARM_GCC_493\Debug\camera_display.o
                0x00000474                Camera_SetBlankTime
 .text.Camera_SetThresholds
                0x00000490       0x68 .\CortexM3\ARM_GCC_493\Debug\camera_display.o
                0x00000490                Camera_SetThresholds
 .text.Camera_SetEGWB
                0x000004f8       0x4c .\CortexM3\ARM_GCC_493\Debug\camera_display.o
                0x000004f8                Camera_SetEGWB
 .text.CamDisplaySeq
                0x00000544       0xbc .\CortexM3\ARM_GCC_493\Debug\camera_functions.o
                0x00000544                CamDisplaySeq
 .text.CamOrderLargest
                0x00000600       0x94 .\CortexM3\ARM_GCC_493\Debug\camera_functions.o
                0x00000600                CamOrderLargest
 .text.CamAnalyseFrame
                0x00000694      0x460 .\CortexM3\ARM_GCC_493\Debug\camera_functions.o
                0x00000694                CamAnalyseFrame
 .text.CamMarkBlobs
                0x00000af4       0x84 .\CortexM3\ARM_GCC_493\Debug\camera_functions.o
                0x00000af4                CamMarkBlobs
 .text.CamSeqOperations
                0x00000b78       0xdc .\CortexM3\ARM_GCC_493\Debug\camera_functions.o
                0x00000b78                CamSeqOperations
 .text.CamGetSequence
                0x00000c54      0x16c .\CortexM3\ARM_GCC_493\Debug\camera_functions.o
                0x00000c54                CamGetSequence
 .text.CamScanClosest
                0x00000dc0      0x104 .\CortexM3\ARM_GCC_493\Debug\camera_functions.o
                0x00000dc0                CamScanClosest
 .text.CamMarkClosest
                0x00000ec4       0x68 .\CortexM3\ARM_GCC_493\Debug\camera_functions.o
                0x00000ec4                CamMarkClosest
 .text.CamIdenifyEndzonePuck
                0x00000f2c       0xdc .\CortexM3\ARM_GCC_493\Debug\camera_functions.o
                0x00000f2c                CamIdenifyEndzonePuck
 .text.ClawOpen
                0x00001008        0xc .\CortexM3\ARM_GCC_493\Debug\pwm_functions.o
                0x00001008                ClawOpen
 .text.ClawClose
                0x00001014        0xc .\CortexM3\ARM_GCC_493\Debug\pwm_functions.o
                0x00001014                ClawClose
 .text.TiltUp   0x00001020       0x10 .\CortexM3\ARM_GCC_493\Debug\pwm_functions.o
                0x00001020                TiltUp
 .text.TiltStraight
                0x00001030       0x10 .\CortexM3\ARM_GCC_493\Debug\pwm_functions.o
                0x00001030                TiltStraight
 .text.TiltDown45
                0x00001040        0xc .\CortexM3\ARM_GCC_493\Debug\pwm_functions.o
                0x00001040                TiltDown45
 .text.PanRight
                0x0000104c       0x1c .\CortexM3\ARM_GCC_493\Debug\pwm_functions.o
                0x0000104c                PanRight
 .text.PanMid   0x00001068        0xc .\CortexM3\ARM_GCC_493\Debug\pwm_functions.o
                0x00001068                PanMid
 .text.Movement
                0x00001074       0x5c .\CortexM3\ARM_GCC_493\Debug\movement_functions.o
                0x00001074                Movement
 .text.MovementResetQuadCount
                0x000010d0       0x38 .\CortexM3\ARM_GCC_493\Debug\movement_functions.o
                0x000010d0                MovementResetQuadCount
 .text.MovementLinearCorrected
                0x00001108       0x34 .\CortexM3\ARM_GCC_493\Debug\movement_functions.o
                0x00001108                MovementLinearCorrected
 .text.MovementForward
                0x0000113c        0xc .\CortexM3\ARM_GCC_493\Debug\movement_functions.o
                0x0000113c                MovementForward
 .text.MovementBackward
                0x00001148        0xc .\CortexM3\ARM_GCC_493\Debug\movement_functions.o
                0x00001148                MovementBackward
 .text.MovementAquireQuadCount
                0x00001154       0x18 .\CortexM3\ARM_GCC_493\Debug\movement_functions.o
                0x00001154                MovementAquireQuadCount
 *fill*         0x0000116c        0x4 
 .text.MovementPivot
                0x00001170      0x158 .\CortexM3\ARM_GCC_493\Debug\movement_functions.o
                0x00001170                MovementPivot
 .text.MovementPivotRight90
                0x000012c8       0x14 .\CortexM3\ARM_GCC_493\Debug\movement_functions.o
                0x000012c8                MovementPivotRight90
 .text.MovementPivotLeft90
                0x000012dc       0x14 .\CortexM3\ARM_GCC_493\Debug\movement_functions.o
                0x000012dc                MovementPivotLeft90
 .text.MovementPivotRight
                0x000012f0       0x10 .\CortexM3\ARM_GCC_493\Debug\movement_functions.o
                0x000012f0                MovementPivotRight
 .text.MovementPivotLeft
                0x00001300       0x10 .\CortexM3\ARM_GCC_493\Debug\movement_functions.o
                0x00001300                MovementPivotLeft
 .text.PuckCloseScan
                0x00001310       0x8c .\CortexM3\ARM_GCC_493\Debug\puck_functions.o
                0x00001310                PuckCloseScan
 *fill*         0x0000139c        0x4 
 .text.PuckCloseAquire
                0x000013a0      0x288 .\CortexM3\ARM_GCC_493\Debug\puck_functions.o
                0x000013a0                PuckCloseAquire
 .text.PuckFarScan
                0x00001628       0x84 .\CortexM3\ARM_GCC_493\Debug\puck_functions.o
                0x00001628                PuckFarScan
 *fill*         0x000016ac        0x4 
 .text.PuckFarAquire
                0x000016b0      0x170 .\CortexM3\ARM_GCC_493\Debug\puck_functions.o
                0x000016b0                PuckFarAquire
 .text.PuckCanCollect
                0x00001820      0x124 .\CortexM3\ARM_GCC_493\Debug\puck_functions.o
                0x00001820                PuckCanCollect
 .text.PuckResetAngleTotal
                0x00001944        0xc .\CortexM3\ARM_GCC_493\Debug\puck_functions.o
                0x00001944                PuckResetAngleTotal
 .text.PuckAquire
                0x00001950       0xbc .\CortexM3\ARM_GCC_493\Debug\puck_functions.o
                0x00001950                PuckAquire
 *fill*         0x00001a0c        0x4 
 .text.PuckPositionToStack2
                0x00001a10      0x290 .\CortexM3\ARM_GCC_493\Debug\puck_functions.o
                0x00001a10                PuckPositionToStack2
 .text.PuckPositionToStack
                0x00001ca0      0x308 .\CortexM3\ARM_GCC_493\Debug\puck_functions.o
                0x00001ca0                PuckPositionToStack
 .text.Ultrasonics
                0x00001fa8       0xd0 .\CortexM3\ARM_GCC_493\Debug\Ultrasonics.o
                0x00001fa8                Ultrasonics
 .text.UltrasonicsSensitive
                0x00002078       0xd0 .\CortexM3\ARM_GCC_493\Debug\Ultrasonics.o
                0x00002078                UltrasonicsSensitive
 .text.Wall_Align
                0x00002148      0x228 .\CortexM3\ARM_GCC_493\Debug\Ultrasonics.o
                0x00002148                Wall_Align
 .text.MoveAlign
                0x00002370       0xe0 .\CortexM3\ARM_GCC_493\Debug\Ultrasonics.o
                0x00002370                MoveAlign
 .text.PathForward
                0x00002450       0x9c .\CortexM3\ARM_GCC_493\Debug\pathing.o
                0x00002450                PathForward
 .text.PathBackward
                0x000024ec      0x144 .\CortexM3\ARM_GCC_493\Debug\pathing.o
                0x000024ec                PathBackward
 .text.PathInitialSequence
                0x00002630      0x108 .\CortexM3\ARM_GCC_493\Debug\initial_path_sequence.o
                0x00002630                PathInitialSequence
 .text.LiftInital
                0x00002738       0x1c .\CortexM3\ARM_GCC_493\Debug\lift_functions.o
                0x00002738                LiftInital
 .text.LiftSetGround
                0x00002754       0x14 .\CortexM3\ARM_GCC_493\Debug\lift_functions.o
                0x00002754                LiftSetGround
 .text.LiftDownReset
                0x00002768       0x24 .\CortexM3\ARM_GCC_493\Debug\lift_functions.o
                0x00002768                LiftDownReset
 .text.LiftUpReset
                0x0000278c       0x24 .\CortexM3\ARM_GCC_493\Debug\lift_functions.o
                0x0000278c                LiftUpReset
 .text.LiftLvN  0x000027b0       0x90 .\CortexM3\ARM_GCC_493\Debug\lift_functions.o
                0x000027b0                LiftLvN
 .text.LiftLvMax
                0x00002840        0xc .\CortexM3\ARM_GCC_493\Debug\lift_functions.o
                0x00002840                LiftLvMax
 .text.HeadlightsOff
                0x0000284c       0x28 .\CortexM3\ARM_GCC_493\Debug\utils.o
                0x0000284c                HeadlightsOff
 .text.BiDirPortOutPut
                0x00002874        0xc .\CortexM3\ARM_GCC_493\Debug\utils.o
                0x00002874                BiDirPortOutPut
 .text.BiDirPortInPut
                0x00002880        0xc .\CortexM3\ARM_GCC_493\Debug\utils.o
                0x00002880                BiDirPortInPut
 .text.Beep     0x0000288c       0x44 .\CortexM3\ARM_GCC_493\Debug\utils.o
                0x0000288c                Beep
 .text.CaptureFrameWithLights
                0x000028d0       0x14 .\CortexM3\ARM_GCC_493\Debug\utils.o
                0x000028d0                CaptureFrameWithLights
 .text.IntDefaultHandler
                0x000028e4        0x4 .\CortexM3\ARM_GCC_493\Debug\Cm3Start.o
                0x000028e4                IntDefaultHandler
 .text.Start_c  0x000028e8       0x4c .\CortexM3\ARM_GCC_493\Debug\Cm3Start.o
                0x000028e8                Start_c
 .text.initialize_psoc
                0x00002934       0x78 .\CortexM3\ARM_GCC_493\Debug\Cm3Start.o
                0x00002934                initialize_psoc
 .text.CyClockStartupError
                0x000029ac        0x4 .\CortexM3\ARM_GCC_493\Debug\Display.a(cyfitter_cfg.o)
 .text.cfg_write_bytes32
                0x000029b0       0x34 .\CortexM3\ARM_GCC_493\Debug\Display.a(cyfitter_cfg.o)
 .text.AnalogSetDefault
                0x000029e4       0x58 .\CortexM3\ARM_GCC_493\Debug\Display.a(cyfitter_cfg.o)
 .text.ClockSetup
                0x00002a3c       0xf4 .\CortexM3\ARM_GCC_493\Debug\Display.a(cyfitter_cfg.o)
 .text.CYMEMZERO
                0x00002b30        0xc .\CortexM3\ARM_GCC_493\Debug\Display.a(cyfitter_cfg.o)
 .text.CYCONFIGCPY
                0x00002b3c        0x8 .\CortexM3\ARM_GCC_493\Debug\Display.a(cyfitter_cfg.o)
 .text.cyfitter_cfg
                0x00002b44      0x150 .\CortexM3\ARM_GCC_493\Debug\Display.a(cyfitter_cfg.o)
                0x00002b44                cyfitter_cfg
 .text.D_Read   0x00002c94        0xc .\CortexM3\ARM_GCC_493\Debug\Display.a(D.o)
                0x00002c94                D_Read
 .text.CS_Write
                0x00002ca0       0x18 .\CortexM3\ARM_GCC_493\Debug\Display.a(CS.o)
                0x00002ca0                CS_Write
 .text.CS_Read  0x00002cb8       0x10 .\CortexM3\ARM_GCC_493\Debug\Display.a(CS.o)
                0x00002cb8                CS_Read
 .text          0x00002cc8       0x20 .\CortexM3\ARM_GCC_493\Debug\Display.a(CyBootAsmGnu.o)
                0x00002cc8                CyDelayCycles
                0x00002cd8                CyEnterCriticalSection
                0x00002ce0                CyExitCriticalSection
 .text.CyDmacConfigure
                0x00002ce8       0x34 .\CortexM3\ARM_GCC_493\Debug\Display.a(CyDmac.o)
                0x00002ce8                CyDmacConfigure
 .text.CyDmaChEnable
                0x00002d1c       0x38 .\CortexM3\ARM_GCC_493\Debug\Display.a(CyDmac.o)
                0x00002d1c                CyDmaChEnable
 .text.CyDmaClearPendingDrq
                0x00002d54       0x28 .\CortexM3\ARM_GCC_493\Debug\Display.a(CyDmac.o)
                0x00002d54                CyDmaClearPendingDrq
 .text.CyDmaChPriority
                0x00002d7c       0x24 .\CortexM3\ARM_GCC_493\Debug\Display.a(CyDmac.o)
                0x00002d7c                CyDmaChPriority
 .text.CyDmaChSetExtendedAddress
                0x00002da0       0x34 .\CortexM3\ARM_GCC_493\Debug\Display.a(CyDmac.o)
                0x00002da0                CyDmaChSetExtendedAddress
 .text.CyDmaChSetInitialTd
                0x00002dd4       0x18 .\CortexM3\ARM_GCC_493\Debug\Display.a(CyDmac.o)
                0x00002dd4                CyDmaChSetInitialTd
 .text.CyDmaChStatus
                0x00002dec       0x30 .\CortexM3\ARM_GCC_493\Debug\Display.a(CyDmac.o)
                0x00002dec                CyDmaChStatus
 .text.CyDmaChSetConfiguration
                0x00002e1c       0x48 .\CortexM3\ARM_GCC_493\Debug\Display.a(CyDmac.o)
                0x00002e1c                CyDmaChSetConfiguration
 .text.CyDmaTdAllocate
                0x00002e64       0x34 .\CortexM3\ARM_GCC_493\Debug\Display.a(CyDmac.o)
                0x00002e64                CyDmaTdAllocate
 .text.CyDmaTdSetConfiguration
                0x00002e98       0x28 .\CortexM3\ARM_GCC_493\Debug\Display.a(CyDmac.o)
                0x00002e98                CyDmaTdSetConfiguration
 .text.CyDmaTdSetAddress
                0x00002ec0       0x1c .\CortexM3\ARM_GCC_493\Debug\Display.a(CyDmac.o)
                0x00002ec0                CyDmaTdSetAddress
 .text.CyHalt   0x00002edc        0x4 .\CortexM3\ARM_GCC_493\Debug\Display.a(CyLib.o)
                0x00002edc                CyHalt
 .text.CyDelay  0x00002ee0       0x2c .\CortexM3\ARM_GCC_493\Debug\Display.a(CyLib.o)
                0x00002ee0                CyDelay
 .text.CyDelayUs
                0x00002f0c       0x14 .\CortexM3\ARM_GCC_493\Debug\Display.a(CyLib.o)
                0x00002f0c                CyDelayUs
 .text.CyIntSetVector
                0x00002f20       0x28 .\CortexM3\ARM_GCC_493\Debug\Display.a(CyLib.o)
                0x00002f20                CyIntSetVector
 .text.CyIntSetPriority
                0x00002f48       0x30 .\CortexM3\ARM_GCC_493\Debug\Display.a(CyLib.o)
                0x00002f48                CyIntSetPriority
 .text.LCD_WriteReg
                0x00002f78       0x6c .\CortexM3\ARM_GCC_493\Debug\Display.a(LCD.o)
                0x00002f78                LCD_WriteReg
 .text.LCD_WriteArray
                0x00002fe4       0x78 .\CortexM3\ARM_GCC_493\Debug\Display.a(LCD.o)
                0x00002fe4                LCD_WriteArray
 .text.LCD_Start
                0x0000305c       0x98 .\CortexM3\ARM_GCC_493\Debug\Display.a(LCD.o)
                0x0000305c                LCD_Start
 .text.LCD_SetWindow
                0x000030f4       0x44 .\CortexM3\ARM_GCC_493\Debug\Display.a(LCD.o)
                0x000030f4                LCD_SetWindow
 .text.LCD_SetWindowRead
                0x00003138       0x60 .\CortexM3\ARM_GCC_493\Debug\Display.a(LCD.o)
                0x00003138                LCD_SetWindowRead
 .text.LCD_SetWindowWrite
                0x00003198       0x34 .\CortexM3\ARM_GCC_493\Debug\Display.a(LCD.o)
                0x00003198                LCD_SetWindowWrite
 .text.LCD_ReadPixel
                0x000031cc       0x84 .\CortexM3\ARM_GCC_493\Debug\Display.a(LCD.o)
                0x000031cc                LCD_ReadPixel
 .text.LCD_WritePixel
                0x00003250       0x30 .\CortexM3\ARM_GCC_493\Debug\Display.a(LCD.o)
                0x00003250                LCD_WritePixel
 .text.LCD_StopReadWrite
                0x00003280       0x2c .\CortexM3\ARM_GCC_493\Debug\Display.a(LCD.o)
                0x00003280                LCD_StopReadWrite
 .text.OE_Read  0x000032ac        0xc .\CortexM3\ARM_GCC_493\Debug\Display.a(OE.o)
                0x000032ac                OE_Read
 .text.Camera_WriteReg
                0x000032b8       0x24 .\CortexM3\ARM_GCC_493\Debug\Display.a(Camera.o)
                0x000032b8                Camera_WriteReg
 .text.Camera_SyncFrame
                0x000032dc       0x14 .\CortexM3\ARM_GCC_493\Debug\Display.a(Camera.o)
                0x000032dc                Camera_SyncFrame
 .text.Camera_Start
                0x000032f0      0x160 .\CortexM3\ARM_GCC_493\Debug\Display.a(Camera.o)
                0x000032f0                Camera_Start
 .text.Camera_DMA_DmaInitialize
                0x00003450       0x3c .\CortexM3\ARM_GCC_493\Debug\Display.a(Camera_DMA_dma.o)
                0x00003450                Camera_DMA_DmaInitialize
 .text.Camera_VSYNC_Read
                0x0000348c       0x10 .\CortexM3\ARM_GCC_493\Debug\Display.a(Camera_VSYNC.o)
                0x0000348c                Camera_VSYNC_Read
 .text.Camera_I2C_Init
                0x0000349c       0x68 .\CortexM3\ARM_GCC_493\Debug\Display.a(Camera_I2C.o)
                0x0000349c                Camera_I2C_Init
 .text.Camera_I2C_Enable
                0x00003504       0x24 .\CortexM3\ARM_GCC_493\Debug\Display.a(Camera_I2C.o)
                0x00003504                Camera_I2C_Enable
 .text.Camera_I2C_Start
                0x00003528       0x28 .\CortexM3\ARM_GCC_493\Debug\Display.a(Camera_I2C.o)
                0x00003528                Camera_I2C_Start
 .text.Camera_I2C_ISR
                0x00003550      0x2cc .\CortexM3\ARM_GCC_493\Debug\Display.a(Camera_I2C_INT.o)
                0x00003550                Camera_I2C_ISR
 .text.Camera_I2C_MasterSendStart
                0x0000381c       0x80 .\CortexM3\ARM_GCC_493\Debug\Display.a(Camera_I2C_MASTER.o)
                0x0000381c                Camera_I2C_MasterSendStart
 .text.Camera_I2C_MasterSendStop
                0x0000389c       0x38 .\CortexM3\ARM_GCC_493\Debug\Display.a(Camera_I2C_MASTER.o)
                0x0000389c                Camera_I2C_MasterSendStop
 .text.Camera_I2C_MasterWriteByte
                0x000038d4       0x58 .\CortexM3\ARM_GCC_493\Debug\Display.a(Camera_I2C_MASTER.o)
                0x000038d4                Camera_I2C_MasterWriteByte
 .text.Camera_end_line_SetVector
                0x0000392c        0xc .\CortexM3\ARM_GCC_493\Debug\Display.a(Camera_end_line.o)
                0x0000392c                Camera_end_line_SetVector
 .text.Camera_end_line_SetPriority
                0x00003938       0x10 .\CortexM3\ARM_GCC_493\Debug\Display.a(Camera_end_line.o)
                0x00003938                Camera_end_line_SetPriority
 .text.Camera_end_line_Enable
                0x00003948        0xc .\CortexM3\ARM_GCC_493\Debug\Display.a(Camera_end_line.o)
                0x00003948                Camera_end_line_Enable
 .text.Camera_end_line_Disable
                0x00003954        0xc .\CortexM3\ARM_GCC_493\Debug\Display.a(Camera_end_line.o)
                0x00003954                Camera_end_line_Disable
 .text.Camera_end_line_StartEx
                0x00003960       0x1c .\CortexM3\ARM_GCC_493\Debug\Display.a(Camera_end_line.o)
                0x00003960                Camera_end_line_StartEx
 .text.LCD_DMA_DmaInitialize
                0x0000397c       0x40 .\CortexM3\ARM_GCC_493\Debug\Display.a(LCD_DMA_dma.o)
                0x0000397c                LCD_DMA_DmaInitialize
 .text.Camera_DMA_Colours_DmaInitialize
                0x000039bc       0x40 .\CortexM3\ARM_GCC_493\Debug\Display.a(Camera_DMA_Colours_dma.o)
                0x000039bc                Camera_DMA_Colours_DmaInitialize
 .text.Camera_end_line_colours_SetVector
                0x000039fc        0xc .\CortexM3\ARM_GCC_493\Debug\Display.a(Camera_end_line_colours.o)
                0x000039fc                Camera_end_line_colours_SetVector
 .text.Camera_end_line_colours_SetPriority
                0x00003a08       0x10 .\CortexM3\ARM_GCC_493\Debug\Display.a(Camera_end_line_colours.o)
                0x00003a08                Camera_end_line_colours_SetPriority
 .text.Camera_end_line_colours_Enable
                0x00003a18        0xc .\CortexM3\ARM_GCC_493\Debug\Display.a(Camera_end_line_colours.o)
                0x00003a18                Camera_end_line_colours_Enable
 .text.Camera_end_line_colours_Disable
                0x00003a24        0xc .\CortexM3\ARM_GCC_493\Debug\Display.a(Camera_end_line_colours.o)
                0x00003a24                Camera_end_line_colours_Disable
 .text.Camera_end_line_colours_StartEx
                0x00003a30       0x1c .\CortexM3\ARM_GCC_493\Debug\Display.a(Camera_end_line_colours.o)
                0x00003a30                Camera_end_line_colours_StartEx
 .text.SW_DAC_Enable
                0x00003a4c       0x1c .\CortexM3\ARM_GCC_493\Debug\Display.a(SW_DAC.o)
                0x00003a4c                SW_DAC_Enable
 .text.SW_DAC_SetSpeed
                0x00003a68       0x1c .\CortexM3\ARM_GCC_493\Debug\Display.a(SW_DAC.o)
                0x00003a68                SW_DAC_SetSpeed
 .text.SW_DAC_SetValue
                0x00003a84        0xc .\CortexM3\ARM_GCC_493\Debug\Display.a(SW_DAC.o)
                0x00003a84                SW_DAC_SetValue
 .text.SW_DAC_DacTrim
                0x00003a90       0x24 .\CortexM3\ARM_GCC_493\Debug\Display.a(SW_DAC.o)
                0x00003a90                SW_DAC_DacTrim
 .text.SW_DAC_SetRange
                0x00003ab4       0x20 .\CortexM3\ARM_GCC_493\Debug\Display.a(SW_DAC.o)
                0x00003ab4                SW_DAC_SetRange
 .text.SW_DAC_Init
                0x00003ad4       0x1c .\CortexM3\ARM_GCC_493\Debug\Display.a(SW_DAC.o)
                0x00003ad4                SW_DAC_Init
 .text.SW_DAC_Start
                0x00003af0       0x24 .\CortexM3\ARM_GCC_493\Debug\Display.a(SW_DAC.o)
                0x00003af0                SW_DAC_Start
 .text.SW_Comparator_Enable
                0x00003b14       0x1c .\CortexM3\ARM_GCC_493\Debug\Display.a(SW_Comparator.o)
                0x00003b14                SW_Comparator_Enable
 .text.SW_Comparator_SetSpeed
                0x00003b30       0x58 .\CortexM3\ARM_GCC_493\Debug\Display.a(SW_Comparator.o)
                0x00003b30                SW_Comparator_SetSpeed
 .text.SW_Comparator_Init
                0x00003b88       0x3c .\CortexM3\ARM_GCC_493\Debug\Display.a(SW_Comparator.o)
                0x00003b88                SW_Comparator_Init
 .text.SW_Comparator_Start
                0x00003bc4       0x1c .\CortexM3\ARM_GCC_493\Debug\Display.a(SW_Comparator.o)
                0x00003bc4                SW_Comparator_Start
 .text.PWM_Pan_Enable
                0x00003be0       0x10 .\CortexM3\ARM_GCC_493\Debug\Display.a(PWM_Pan.o)
                0x00003be0                PWM_Pan_Enable
 .text.PWM_Pan_WriteCounter
                0x00003bf0        0xc .\CortexM3\ARM_GCC_493\Debug\Display.a(PWM_Pan.o)
                0x00003bf0                PWM_Pan_WriteCounter
 .text.PWM_Pan_WritePeriod
                0x00003bfc        0xc .\CortexM3\ARM_GCC_493\Debug\Display.a(PWM_Pan.o)
                0x00003bfc                PWM_Pan_WritePeriod
 .text.PWM_Pan_WriteCompare
                0x00003c08        0xc .\CortexM3\ARM_GCC_493\Debug\Display.a(PWM_Pan.o)
                0x00003c08                PWM_Pan_WriteCompare
 .text.PWM_Pan_SetInterruptMode
                0x00003c14        0xc .\CortexM3\ARM_GCC_493\Debug\Display.a(PWM_Pan.o)
                0x00003c14                PWM_Pan_SetInterruptMode
 .text.PWM_Pan_ReadStatusRegister
                0x00003c20        0xc .\CortexM3\ARM_GCC_493\Debug\Display.a(PWM_Pan.o)
                0x00003c20                PWM_Pan_ReadStatusRegister
 .text.PWM_Pan_ReadCapture
                0x00003c2c        0xc .\CortexM3\ARM_GCC_493\Debug\Display.a(PWM_Pan.o)
                0x00003c2c                PWM_Pan_ReadCapture
 .text.PWM_Pan_ClearFIFO
                0x00003c38       0x14 .\CortexM3\ARM_GCC_493\Debug\Display.a(PWM_Pan.o)
                0x00003c38                PWM_Pan_ClearFIFO
 .text.PWM_Pan_Init
                0x00003c4c       0x60 .\CortexM3\ARM_GCC_493\Debug\Display.a(PWM_Pan.o)
                0x00003c4c                PWM_Pan_Init
 .text.PWM_Pan_Start
                0x00003cac       0x1c .\CortexM3\ARM_GCC_493\Debug\Display.a(PWM_Pan.o)
                0x00003cac                PWM_Pan_Start
 .text.PWM_Tilt_Enable
                0x00003cc8       0x10 .\CortexM3\ARM_GCC_493\Debug\Display.a(PWM_Tilt.o)
                0x00003cc8                PWM_Tilt_Enable
 .text.PWM_Tilt_WriteCounter
                0x00003cd8        0xc .\CortexM3\ARM_GCC_493\Debug\Display.a(PWM_Tilt.o)
                0x00003cd8                PWM_Tilt_WriteCounter
 .text.PWM_Tilt_WritePeriod
                0x00003ce4        0xc .\CortexM3\ARM_GCC_493\Debug\Display.a(PWM_Tilt.o)
                0x00003ce4                PWM_Tilt_WritePeriod
 .text.PWM_Tilt_WriteCompare
                0x00003cf0        0xc .\CortexM3\ARM_GCC_493\Debug\Display.a(PWM_Tilt.o)
                0x00003cf0                PWM_Tilt_WriteCompare
 .text.PWM_Tilt_SetInterruptMode
                0x00003cfc        0xc .\CortexM3\ARM_GCC_493\Debug\Display.a(PWM_Tilt.o)
                0x00003cfc                PWM_Tilt_SetInterruptMode
 .text.PWM_Tilt_ReadStatusRegister
                0x00003d08        0xc .\CortexM3\ARM_GCC_493\Debug\Display.a(PWM_Tilt.o)
                0x00003d08                PWM_Tilt_ReadStatusRegister
 .text.PWM_Tilt_ReadCapture
                0x00003d14        0xc .\CortexM3\ARM_GCC_493\Debug\Display.a(PWM_Tilt.o)
                0x00003d14                PWM_Tilt_ReadCapture
 .text.PWM_Tilt_ClearFIFO
                0x00003d20       0x14 .\CortexM3\ARM_GCC_493\Debug\Display.a(PWM_Tilt.o)
                0x00003d20                PWM_Tilt_ClearFIFO
 .text.PWM_Tilt_Init
                0x00003d34       0x60 .\CortexM3\ARM_GCC_493\Debug\Display.a(PWM_Tilt.o)
                0x00003d34                PWM_Tilt_Init
 .text.PWM_Tilt_Start
                0x00003d94       0x1c .\CortexM3\ARM_GCC_493\Debug\Display.a(PWM_Tilt.o)
                0x00003d94                PWM_Tilt_Start
 .text.PWM_Claw_Enable
                0x00003db0       0x10 .\CortexM3\ARM_GCC_493\Debug\Display.a(PWM_Claw.o)
                0x00003db0                PWM_Claw_Enable
 .text.PWM_Claw_WriteCounter
                0x00003dc0        0xc .\CortexM3\ARM_GCC_493\Debug\Display.a(PWM_Claw.o)
                0x00003dc0                PWM_Claw_WriteCounter
 .text.PWM_Claw_WritePeriod
                0x00003dcc        0xc .\CortexM3\ARM_GCC_493\Debug\Display.a(PWM_Claw.o)
                0x00003dcc                PWM_Claw_WritePeriod
 .text.PWM_Claw_WriteCompare
                0x00003dd8        0xc .\CortexM3\ARM_GCC_493\Debug\Display.a(PWM_Claw.o)
                0x00003dd8                PWM_Claw_WriteCompare
 .text.PWM_Claw_SetInterruptMode
                0x00003de4        0xc .\CortexM3\ARM_GCC_493\Debug\Display.a(PWM_Claw.o)
                0x00003de4                PWM_Claw_SetInterruptMode
 .text.PWM_Claw_ReadStatusRegister
                0x00003df0        0xc .\CortexM3\ARM_GCC_493\Debug\Display.a(PWM_Claw.o)
                0x00003df0                PWM_Claw_ReadStatusRegister
 .text.PWM_Claw_ReadCapture
                0x00003dfc        0xc .\CortexM3\ARM_GCC_493\Debug\Display.a(PWM_Claw.o)
                0x00003dfc                PWM_Claw_ReadCapture
 .text.PWM_Claw_ClearFIFO
                0x00003e08       0x14 .\CortexM3\ARM_GCC_493\Debug\Display.a(PWM_Claw.o)
                0x00003e08                PWM_Claw_ClearFIFO
 .text.PWM_Claw_Init
                0x00003e1c       0x60 .\CortexM3\ARM_GCC_493\Debug\Display.a(PWM_Claw.o)
                0x00003e1c                PWM_Claw_Init
 .text.PWM_Claw_Start
                0x00003e7c       0x1c .\CortexM3\ARM_GCC_493\Debug\Display.a(PWM_Claw.o)
                0x00003e7c                PWM_Claw_Start
 .text.Quad_1_GetCounter
                0x00003e98       0x10 .\CortexM3\ARM_GCC_493\Debug\Display.a(Quad_1.o)
                0x00003e98                Quad_1_GetCounter
 .text.Quad_1_SetCounter
                0x00003ea8       0x1c .\CortexM3\ARM_GCC_493\Debug\Display.a(Quad_1.o)
                0x00003ea8                Quad_1_SetCounter
 .text.Quad_1_GetEvents
                0x00003ec4       0x10 .\CortexM3\ARM_GCC_493\Debug\Display.a(Quad_1.o)
                0x00003ec4                Quad_1_GetEvents
 .text.Quad_1_SetInterruptMask
                0x00003ed4        0xc .\CortexM3\ARM_GCC_493\Debug\Display.a(Quad_1.o)
                0x00003ed4                Quad_1_SetInterruptMask
 .text.Quad_1_Enable
                0x00003ee0       0x24 .\CortexM3\ARM_GCC_493\Debug\Display.a(Quad_1.o)
                0x00003ee0                Quad_1_Enable
 .text.Quad_1_Start
                0x00003f04       0x24 .\CortexM3\ARM_GCC_493\Debug\Display.a(Quad_1.o)
                0x00003f04                Quad_1_Start
 .text.Quad_2_GetCounter
                0x00003f28       0x10 .\CortexM3\ARM_GCC_493\Debug\Display.a(Quad_2.o)
                0x00003f28                Quad_2_GetCounter
 .text.Quad_2_SetCounter
                0x00003f38       0x1c .\CortexM3\ARM_GCC_493\Debug\Display.a(Quad_2.o)
                0x00003f38                Quad_2_SetCounter
 .text.Quad_2_GetEvents
                0x00003f54       0x10 .\CortexM3\ARM_GCC_493\Debug\Display.a(Quad_2.o)
                0x00003f54                Quad_2_GetEvents
 .text.Quad_2_SetInterruptMask
                0x00003f64        0xc .\CortexM3\ARM_GCC_493\Debug\Display.a(Quad_2.o)
                0x00003f64                Quad_2_SetInterruptMask
 .text.Quad_2_Enable
                0x00003f70       0x24 .\CortexM3\ARM_GCC_493\Debug\Display.a(Quad_2.o)
                0x00003f70                Quad_2_Enable
 .text.Quad_2_Start
                0x00003f94       0x24 .\CortexM3\ARM_GCC_493\Debug\Display.a(Quad_2.o)
                0x00003f94                Quad_2_Start
 .text.Quad_1_Cnt16_Enable
                0x00003fb8       0x10 .\CortexM3\ARM_GCC_493\Debug\Display.a(Quad_1_Cnt16.o)
                0x00003fb8                Quad_1_Cnt16_Enable
 .text.Quad_1_Cnt16_SetInterruptMode
                0x00003fc8        0xc .\CortexM3\ARM_GCC_493\Debug\Display.a(Quad_1_Cnt16.o)
                0x00003fc8                Quad_1_Cnt16_SetInterruptMode
 .text.Quad_1_Cnt16_ReadStatusRegister
                0x00003fd4        0xc .\CortexM3\ARM_GCC_493\Debug\Display.a(Quad_1_Cnt16.o)
                0x00003fd4                Quad_1_Cnt16_ReadStatusRegister
 .text.Quad_1_Cnt16_WriteCounter
                0x00003fe0        0xc .\CortexM3\ARM_GCC_493\Debug\Display.a(Quad_1_Cnt16.o)
                0x00003fe0                Quad_1_Cnt16_WriteCounter
 .text.Quad_1_Cnt16_ReadCounter
                0x00003fec       0x14 .\CortexM3\ARM_GCC_493\Debug\Display.a(Quad_1_Cnt16.o)
                0x00003fec                Quad_1_Cnt16_ReadCounter
 .text.Quad_1_Cnt16_ReadCapture
                0x00004000        0xc .\CortexM3\ARM_GCC_493\Debug\Display.a(Quad_1_Cnt16.o)
                0x00004000                Quad_1_Cnt16_ReadCapture
 .text.Quad_1_Cnt16_WritePeriod
                0x0000400c        0xc .\CortexM3\ARM_GCC_493\Debug\Display.a(Quad_1_Cnt16.o)
                0x0000400c                Quad_1_Cnt16_WritePeriod
 .text.Quad_1_Cnt16_WriteCompare
                0x00004018        0xc .\CortexM3\ARM_GCC_493\Debug\Display.a(Quad_1_Cnt16.o)
                0x00004018                Quad_1_Cnt16_WriteCompare
 .text.Quad_1_Cnt16_ClearFIFO
                0x00004024       0x14 .\CortexM3\ARM_GCC_493\Debug\Display.a(Quad_1_Cnt16.o)
                0x00004024                Quad_1_Cnt16_ClearFIFO
 .text.Quad_1_Cnt16_Init
                0x00004038       0x58 .\CortexM3\ARM_GCC_493\Debug\Display.a(Quad_1_Cnt16.o)
                0x00004038                Quad_1_Cnt16_Init
 .text.Quad_1_Cnt16_Start
                0x00004090       0x1c .\CortexM3\ARM_GCC_493\Debug\Display.a(Quad_1_Cnt16.o)
                0x00004090                Quad_1_Cnt16_Start
 .text.Quad_2_Cnt16_Enable
                0x000040ac       0x10 .\CortexM3\ARM_GCC_493\Debug\Display.a(Quad_2_Cnt16.o)
                0x000040ac                Quad_2_Cnt16_Enable
 .text.Quad_2_Cnt16_SetInterruptMode
                0x000040bc        0xc .\CortexM3\ARM_GCC_493\Debug\Display.a(Quad_2_Cnt16.o)
                0x000040bc                Quad_2_Cnt16_SetInterruptMode
 .text.Quad_2_Cnt16_ReadStatusRegister
                0x000040c8        0xc .\CortexM3\ARM_GCC_493\Debug\Display.a(Quad_2_Cnt16.o)
                0x000040c8                Quad_2_Cnt16_ReadStatusRegister
 .text.Quad_2_Cnt16_WriteCounter
                0x000040d4        0xc .\CortexM3\ARM_GCC_493\Debug\Display.a(Quad_2_Cnt16.o)
                0x000040d4                Quad_2_Cnt16_WriteCounter
 .text.Quad_2_Cnt16_ReadCounter
                0x000040e0       0x14 .\CortexM3\ARM_GCC_493\Debug\Display.a(Quad_2_Cnt16.o)
                0x000040e0                Quad_2_Cnt16_ReadCounter
 .text.Quad_2_Cnt16_ReadCapture
                0x000040f4        0xc .\CortexM3\ARM_GCC_493\Debug\Display.a(Quad_2_Cnt16.o)
                0x000040f4                Quad_2_Cnt16_ReadCapture
 .text.Quad_2_Cnt16_WritePeriod
                0x00004100        0xc .\CortexM3\ARM_GCC_493\Debug\Display.a(Quad_2_Cnt16.o)
                0x00004100                Quad_2_Cnt16_WritePeriod
 .text.Quad_2_Cnt16_WriteCompare
                0x0000410c        0xc .\CortexM3\ARM_GCC_493\Debug\Display.a(Quad_2_Cnt16.o)
                0x0000410c                Quad_2_Cnt16_WriteCompare
 .text.Quad_2_Cnt16_ClearFIFO
                0x00004118       0x14 .\CortexM3\ARM_GCC_493\Debug\Display.a(Quad_2_Cnt16.o)
                0x00004118                Quad_2_Cnt16_ClearFIFO
 .text.Quad_2_Cnt16_Init
                0x0000412c       0x58 .\CortexM3\ARM_GCC_493\Debug\Display.a(Quad_2_Cnt16.o)
                0x0000412c                Quad_2_Cnt16_Init
 .text.Quad_2_Cnt16_Start
                0x00004184       0x1c .\CortexM3\ARM_GCC_493\Debug\Display.a(Quad_2_Cnt16.o)
                0x00004184                Quad_2_Cnt16_Start
 .text.USTX_Write
                0x000041a0       0x18 .\CortexM3\ARM_GCC_493\Debug\Display.a(USTX.o)
                0x000041a0                USTX_Write
 .text.Timer_1_Enable
                0x000041b8       0x28 .\CortexM3\ARM_GCC_493\Debug\Display.a(Timer_1.o)
                0x000041b8                Timer_1_Enable
 .text.Timer_1_SetInterruptMode
                0x000041e0        0xc .\CortexM3\ARM_GCC_493\Debug\Display.a(Timer_1.o)
                0x000041e0                Timer_1_SetInterruptMode
 .text.Timer_1_WritePeriod
                0x000041ec        0xc .\CortexM3\ARM_GCC_493\Debug\Display.a(Timer_1.o)
                0x000041ec                Timer_1_WritePeriod
 .text.Timer_1_WriteCounter
                0x000041f8        0xc .\CortexM3\ARM_GCC_493\Debug\Display.a(Timer_1.o)
                0x000041f8                Timer_1_WriteCounter
 .text.Timer_1_Init
                0x00004204       0x68 .\CortexM3\ARM_GCC_493\Debug\Display.a(Timer_1.o)
                0x00004204                Timer_1_Init
 .text.Timer_1_Start
                0x0000426c       0x1c .\CortexM3\ARM_GCC_493\Debug\Display.a(Timer_1.o)
                0x0000426c                Timer_1_Start
 .text.Timer_1_ReadCounter
                0x00004288       0x14 .\CortexM3\ARM_GCC_493\Debug\Display.a(Timer_1.o)
                0x00004288                Timer_1_ReadCounter
 .text.USTX2_Write
                0x0000429c       0x18 .\CortexM3\ARM_GCC_493\Debug\Display.a(USTX2.o)
                0x0000429c                USTX2_Write
 .text.Quad_3_GetCounter
                0x000042b4       0x10 .\CortexM3\ARM_GCC_493\Debug\Display.a(Quad_3.o)
                0x000042b4                Quad_3_GetCounter
 .text.Quad_3_SetCounter
                0x000042c4       0x1c .\CortexM3\ARM_GCC_493\Debug\Display.a(Quad_3.o)
                0x000042c4                Quad_3_SetCounter
 .text.Quad_3_GetEvents
                0x000042e0       0x10 .\CortexM3\ARM_GCC_493\Debug\Display.a(Quad_3.o)
                0x000042e0                Quad_3_GetEvents
 .text.Quad_3_SetInterruptMask
                0x000042f0        0xc .\CortexM3\ARM_GCC_493\Debug\Display.a(Quad_3.o)
                0x000042f0                Quad_3_SetInterruptMask
 .text.Quad_3_Enable
                0x000042fc       0x24 .\CortexM3\ARM_GCC_493\Debug\Display.a(Quad_3.o)
                0x000042fc                Quad_3_Enable
 .text.Quad_3_Start
                0x00004320       0x24 .\CortexM3\ARM_GCC_493\Debug\Display.a(Quad_3.o)
                0x00004320                Quad_3_Start
 .text.Quad_3_Cnt16_Enable
                0x00004344       0x10 .\CortexM3\ARM_GCC_493\Debug\Display.a(Quad_3_Cnt16.o)
                0x00004344                Quad_3_Cnt16_Enable
 .text.Quad_3_Cnt16_SetInterruptMode
                0x00004354        0xc .\CortexM3\ARM_GCC_493\Debug\Display.a(Quad_3_Cnt16.o)
                0x00004354                Quad_3_Cnt16_SetInterruptMode
 .text.Quad_3_Cnt16_ReadStatusRegister
                0x00004360        0xc .\CortexM3\ARM_GCC_493\Debug\Display.a(Quad_3_Cnt16.o)
                0x00004360                Quad_3_Cnt16_ReadStatusRegister
 .text.Quad_3_Cnt16_WriteCounter
                0x0000436c        0xc .\CortexM3\ARM_GCC_493\Debug\Display.a(Quad_3_Cnt16.o)
                0x0000436c                Quad_3_Cnt16_WriteCounter
 .text.Quad_3_Cnt16_ReadCounter
                0x00004378       0x14 .\CortexM3\ARM_GCC_493\Debug\Display.a(Quad_3_Cnt16.o)
                0x00004378                Quad_3_Cnt16_ReadCounter
 .text.Quad_3_Cnt16_ReadCapture
                0x0000438c        0xc .\CortexM3\ARM_GCC_493\Debug\Display.a(Quad_3_Cnt16.o)
                0x0000438c                Quad_3_Cnt16_ReadCapture
 .text.Quad_3_Cnt16_WritePeriod
                0x00004398        0xc .\CortexM3\ARM_GCC_493\Debug\Display.a(Quad_3_Cnt16.o)
                0x00004398                Quad_3_Cnt16_WritePeriod
 .text.Quad_3_Cnt16_WriteCompare
                0x000043a4        0xc .\CortexM3\ARM_GCC_493\Debug\Display.a(Quad_3_Cnt16.o)
                0x000043a4                Quad_3_Cnt16_WriteCompare
 .text.Quad_3_Cnt16_ClearFIFO
                0x000043b0       0x14 .\CortexM3\ARM_GCC_493\Debug\Display.a(Quad_3_Cnt16.o)
                0x000043b0                Quad_3_Cnt16_ClearFIFO
 .text.Quad_3_Cnt16_Init
                0x000043c4       0x58 .\CortexM3\ARM_GCC_493\Debug\Display.a(Quad_3_Cnt16.o)
                0x000043c4                Quad_3_Cnt16_Init
 .text.Quad_3_Cnt16_Start
                0x0000441c       0x1c .\CortexM3\ARM_GCC_493\Debug\Display.a(Quad_3_Cnt16.o)
                0x0000441c                Quad_3_Cnt16_Start
 .text.LiftA_Write
                0x00004438       0x18 .\CortexM3\ARM_GCC_493\Debug\Display.a(LiftA.o)
                0x00004438                LiftA_Write
 .text.LiftB_Write
                0x00004450       0x18 .\CortexM3\ARM_GCC_493\Debug\Display.a(LiftB.o)
                0x00004450                LiftB_Write
 .text.Timer_2_Enable
                0x00004468       0x28 .\CortexM3\ARM_GCC_493\Debug\Display.a(Timer_2.o)
                0x00004468                Timer_2_Enable
 .text.Timer_2_SetInterruptMode
                0x00004490        0xc .\CortexM3\ARM_GCC_493\Debug\Display.a(Timer_2.o)
                0x00004490                Timer_2_SetInterruptMode
 .text.Timer_2_WritePeriod
                0x0000449c        0xc .\CortexM3\ARM_GCC_493\Debug\Display.a(Timer_2.o)
                0x0000449c                Timer_2_WritePeriod
 .text.Timer_2_WriteCounter
                0x000044a8        0xc .\CortexM3\ARM_GCC_493\Debug\Display.a(Timer_2.o)
                0x000044a8                Timer_2_WriteCounter
 .text.Timer_2_Init
                0x000044b4       0x68 .\CortexM3\ARM_GCC_493\Debug\Display.a(Timer_2.o)
                0x000044b4                Timer_2_Init
 .text.Timer_2_Start
                0x0000451c       0x1c .\CortexM3\ARM_GCC_493\Debug\Display.a(Timer_2.o)
                0x0000451c                Timer_2_Start
 .text.Timer_2_ReadCounter
                0x00004538       0x14 .\CortexM3\ARM_GCC_493\Debug\Display.a(Timer_2.o)
                0x00004538                Timer_2_ReadCounter
 .text.LCD_RD_Write
                0x0000454c       0x18 .\CortexM3\ARM_GCC_493\Debug\Display.a(LCD_RD.o)
                0x0000454c                LCD_RD_Write
 *fill*         0x00004564        0x4 
 .text.atan     0x00004568      0x338 c:/program files (x86)/cypress/psoc creator/3.3/psoc creator/import/gnu/arm/4.9.3/bin/../lib/gcc/arm-none-eabi/4.9.3/../../../../arm-none-eabi/lib/armv7-m\libm.a(lib_a-s_atan.o)
                0x00004568                atan
 .text.cbrt     0x000048a0      0x198 c:/program files (x86)/cypress/psoc creator/3.3/psoc creator/import/gnu/arm/4.9.3/bin/../lib/gcc/arm-none-eabi/4.9.3/../../../../arm-none-eabi/lib/armv7-m\libm.a(lib_a-s_cbrt.o)
                0x000048a0                cbrt
 .text.fabs     0x00004a38        0x8 c:/program files (x86)/cypress/psoc creator/3.3/psoc creator/import/gnu/arm/4.9.3/bin/../lib/gcc/arm-none-eabi/4.9.3/../../../../arm-none-eabi/lib/armv7-m\libm.a(lib_a-s_fabs.o)
                0x00004a38                fabs
 .text.asin     0x00004a40       0xa8 c:/program files (x86)/cypress/psoc creator/3.3/psoc creator/import/gnu/arm/4.9.3/bin/../lib/gcc/arm-none-eabi/4.9.3/../../../../arm-none-eabi/lib/armv7-m\libm.a(lib_a-w_asin.o)
                0x00004a40                asin
 .text.pow      0x00004ae8      0x2f0 c:/program files (x86)/cypress/psoc creator/3.3/psoc creator/import/gnu/arm/4.9.3/bin/../lib/gcc/arm-none-eabi/4.9.3/../../../../arm-none-eabi/lib/armv7-m\libm.a(lib_a-w_pow.o)
                0x00004ae8                pow
 .text.sqrt     0x00004dd8       0xac c:/program files (x86)/cypress/psoc creator/3.3/psoc creator/import/gnu/arm/4.9.3/bin/../lib/gcc/arm-none-eabi/4.9.3/../../../../arm-none-eabi/lib/armv7-m\libm.a(lib_a-w_sqrt.o)
                0x00004dd8                sqrt
 *fill*         0x00004e84        0x4 
 .text.__ieee754_asin
                0x00004e88      0x460 c:/program files (x86)/cypress/psoc creator/3.3/psoc creator/import/gnu/arm/4.9.3/bin/../lib/gcc/arm-none-eabi/4.9.3/../../../../arm-none-eabi/lib/armv7-m\libm.a(lib_a-e_asin.o)
                0x00004e88                __ieee754_asin
 .text.__ieee754_pow
                0x000052e8      0xaa0 c:/program files (x86)/cypress/psoc creator/3.3/psoc creator/import/gnu/arm/4.9.3/bin/../lib/gcc/arm-none-eabi/4.9.3/../../../../arm-none-eabi/lib/armv7-m\libm.a(lib_a-e_pow.o)
                0x000052e8                __ieee754_pow
 .text.__ieee754_sqrt
                0x00005d88      0x18c c:/program files (x86)/cypress/psoc creator/3.3/psoc creator/import/gnu/arm/4.9.3/bin/../lib/gcc/arm-none-eabi/4.9.3/../../../../arm-none-eabi/lib/armv7-m\libm.a(lib_a-e_sqrt.o)
                0x00005d88                __ieee754_sqrt
 .text.finite   0x00005f14        0xc c:/program files (x86)/cypress/psoc creator/3.3/psoc creator/import/gnu/arm/4.9.3/bin/../lib/gcc/arm-none-eabi/4.9.3/../../../../arm-none-eabi/lib/armv7-m\libm.a(lib_a-s_finite.o)
                0x00005f14                finite
 .text.__fpclassifyd
                0x00005f20       0x58 c:/program files (x86)/cypress/psoc creator/3.3/psoc creator/import/gnu/arm/4.9.3/bin/../lib/gcc/arm-none-eabi/4.9.3/../../../../arm-none-eabi/lib/armv7-m\libm.a(lib_a-s_fpclassify.o)
                0x00005f20                __fpclassifyd
 .text.matherr  0x00005f78        0x4 c:/program files (x86)/cypress/psoc creator/3.3/psoc creator/import/gnu/arm/4.9.3/bin/../lib/gcc/arm-none-eabi/4.9.3/../../../../arm-none-eabi/lib/armv7-m\libm.a(lib_a-s_matherr.o)
                0x00005f78                matherr
 .text.nan      0x00005f7c        0xc c:/program files (x86)/cypress/psoc creator/3.3/psoc creator/import/gnu/arm/4.9.3/bin/../lib/gcc/arm-none-eabi/4.9.3/../../../../arm-none-eabi/lib/armv7-m\libm.a(lib_a-s_nan.o)
                0x00005f7c                nan
 .text.rint     0x00005f88      0x11c c:/program files (x86)/cypress/psoc creator/3.3/psoc creator/import/gnu/arm/4.9.3/bin/../lib/gcc/arm-none-eabi/4.9.3/../../../../arm-none-eabi/lib/armv7-m\libm.a(lib_a-s_rint.o)
                0x00005f88                rint
 *fill*         0x000060a4        0x4 
 .text.scalbn   0x000060a8       0xf0 c:/program files (x86)/cypress/psoc creator/3.3/psoc creator/import/gnu/arm/4.9.3/bin/../lib/gcc/arm-none-eabi/4.9.3/../../../../arm-none-eabi/lib/armv7-m\libm.a(lib_a-s_scalbn.o)
                0x000060a8                scalbn
 .text.copysign
                0x00006198       0x10 c:/program files (x86)/cypress/psoc creator/3.3/psoc creator/import/gnu/arm/4.9.3/bin/../lib/gcc/arm-none-eabi/4.9.3/../../../../arm-none-eabi/lib/armv7-m\libm.a(lib_a-s_copysign.o)
                0x00006198                copysign
 .text          0x000061a8      0x370 c:/program files (x86)/cypress/psoc creator/3.3/psoc creator/import/gnu/arm/4.9.3/bin/../lib/gcc/arm-none-eabi/4.9.3/armv7-m\libgcc.a(_arm_addsubdf3.o)
                0x000061a8                __aeabi_drsub
                0x000061b0                __aeabi_dsub
                0x000061b0                __subdf3
                0x000061b4                __aeabi_dadd
                0x000061b4                __adddf3
                0x0000642c                __floatunsidf
                0x0000642c                __aeabi_ui2d
                0x0000644c                __floatsidf
                0x0000644c                __aeabi_i2d
                0x00006470                __aeabi_f2d
                0x00006470                __extendsfdf2
                0x000064ac                __floatundidf
                0x000064ac                __aeabi_ul2d
                0x000064bc                __floatdidf
                0x000064bc                __aeabi_l2d
 .text          0x00006518      0x424 c:/program files (x86)/cypress/psoc creator/3.3/psoc creator/import/gnu/arm/4.9.3/bin/../lib/gcc/arm-none-eabi/4.9.3/armv7-m\libgcc.a(_arm_muldivdf3.o)
                0x00006518                __aeabi_dmul
                0x00006518                __muldf3
                0x0000676c                __divdf3
                0x0000676c                __aeabi_ddiv
 .text          0x0000693c      0x110 c:/program files (x86)/cypress/psoc creator/3.3/psoc creator/import/gnu/arm/4.9.3/bin/../lib/gcc/arm-none-eabi/4.9.3/armv7-m\libgcc.a(_arm_cmpdf2.o)
                0x0000693c                __gtdf2
                0x0000693c                __gedf2
                0x00006944                __ltdf2
                0x00006944                __ledf2
                0x0000694c                __nedf2
                0x0000694c                __eqdf2
                0x0000694c                __cmpdf2
                0x000069c8                __aeabi_cdrcmple
                0x000069d8                __aeabi_cdcmpeq
                0x000069d8                __aeabi_cdcmple
                0x000069e8                __aeabi_dcmpeq
                0x000069fc                __aeabi_dcmplt
                0x00006a10                __aeabi_dcmple
                0x00006a24                __aeabi_dcmpge
                0x00006a38                __aeabi_dcmpgt
 .text          0x00006a4c       0x40 c:/program files (x86)/cypress/psoc creator/3.3/psoc creator/import/gnu/arm/4.9.3/bin/../lib/gcc/arm-none-eabi/4.9.3/armv7-m\libgcc.a(_arm_fixunsdfsi.o)
                0x00006a4c                __aeabi_d2uiz
                0x00006a4c                __fixunsdfsi
 .text.__errno  0x00006a8c        0xc c:/program files (x86)/cypress/psoc creator/3.3/psoc creator/import/gnu/arm/4.9.3/bin/../lib/gcc/arm-none-eabi/4.9.3/../../../../arm-none-eabi/lib/armv7-m\libg_nano.a(lib_a-errno.o)
                0x00006a8c                __errno
 .text.__libc_init_array
                0x00006a98       0x4c c:/program files (x86)/cypress/psoc creator/3.3/psoc creator/import/gnu/arm/4.9.3/bin/../lib/gcc/arm-none-eabi/4.9.3/../../../../arm-none-eabi/lib/armv7-m\libg_nano.a(lib_a-init.o)
                0x00006a98                __libc_init_array
 .text.memcpy   0x00006ae4       0x16 c:/program files (x86)/cypress/psoc creator/3.3/psoc creator/import/gnu/arm/4.9.3/bin/../lib/gcc/arm-none-eabi/4.9.3/../../../../arm-none-eabi/lib/armv7-m\libg_nano.a(lib_a-memcpy.o)
                0x00006ae4                memcpy
 .text.memset   0x00006afa       0x10 c:/program files (x86)/cypress/psoc creator/3.3/psoc creator/import/gnu/arm/4.9.3/bin/../lib/gcc/arm-none-eabi/4.9.3/../../../../arm-none-eabi/lib/armv7-m\libg_nano.a(lib_a-memset.o)
                0x00006afa                memset
 *(.plt)
 *(.gnu.warning)
 *(.glue_7t)
 .glue_7t       0x00000000        0x0 linker stubs
 *(.glue_7)
 .glue_7        0x00000000        0x0 linker stubs
 *(.vfp11_veneer)
 .vfp11_veneer  0x00000000        0x0 linker stubs
 *(.bootloader)
 *(.ARM.extab* .gnu.linkonce.armextab.*)
 *(.gcc_except_table)

.v4_bx          0x00006b0c        0x0
 .v4_bx         0x00000000        0x0 linker stubs

.iplt           0x00006b0c        0x0
 .iplt          0x00000000        0x0 c:/program files (x86)/cypress/psoc creator/3.3/psoc creator/import/gnu/arm/4.9.3/bin/../lib/gcc/arm-none-eabi/4.9.3/armv7-m/crtbegin.o

.eh_frame_hdr
 *(.eh_frame_hdr)

.eh_frame       0x00006b0c        0x4
 *(.eh_frame)
 .eh_frame      0x00006b0c        0x0 c:/program files (x86)/cypress/psoc creator/3.3/psoc creator/import/gnu/arm/4.9.3/bin/../lib/gcc/arm-none-eabi/4.9.3/armv7-m/crtbegin.o
 .eh_frame      0x00006b0c        0x4 c:/program files (x86)/cypress/psoc creator/3.3/psoc creator/import/gnu/arm/4.9.3/bin/../lib/gcc/arm-none-eabi/4.9.3/armv7-m/crtend.o
                0x00006b10                PROVIDE (__exidx_start, .)

.ARM.exidx
 *(.ARM.exidx* .gnu.linkonce.armexidx.*)
                0x00006b10                __exidx_end = .

.rodata         0x00006b10      0x1e0
 *(.rodata .rodata.* .gnu.linkonce.r.*)
 .rodata        0x00006b10        0x8 .\CortexM3\ARM_GCC_493\Debug\camera_functions.o
                0x00006b10                numCols
                0x00006b12                numRows
                0x00006b13                BLUE
                0x00006b14                GREEN
                0x00006b15                RED
                0x00006b16                blobThresholdSizeDefault
                0x00006b17                offset
 .rodata        0x00006b18       0x30 .\CortexM3\ARM_GCC_493\Debug\Display.a(cyfitter_cfg.o)
 .rodata        0x00006b48       0x20 .\CortexM3\ARM_GCC_493\Debug\Display.a(LCD.o)
 .rodata        0x00006b68       0xb8 .\CortexM3\ARM_GCC_493\Debug\Display.a(Camera_settings.o)
                0x00006b68                Camera_qcif
                0x00006b74                Camera_cif
                0x00006b80                Camera_qvga
                0x00006b8c                Camera_vga
                0x00006b98                Camera_sxga
                0x00006ba4                Camera_format
                0x00006bb4                Camera_settings
 .rodata.atanlo
                0x00006c20       0x20 c:/program files (x86)/cypress/psoc creator/3.3/psoc creator/import/gnu/arm/4.9.3/bin/../lib/gcc/arm-none-eabi/4.9.3/../../../../arm-none-eabi/lib/armv7-m\libm.a(lib_a-s_atan.o)
 .rodata.atanhi
                0x00006c40       0x20 c:/program files (x86)/cypress/psoc creator/3.3/psoc creator/import/gnu/arm/4.9.3/bin/../lib/gcc/arm-none-eabi/4.9.3/../../../../arm-none-eabi/lib/armv7-m\libm.a(lib_a-s_atan.o)
 .rodata.str1.4
                0x00006c60        0x5 c:/program files (x86)/cypress/psoc creator/3.3/psoc creator/import/gnu/arm/4.9.3/bin/../lib/gcc/arm-none-eabi/4.9.3/../../../../arm-none-eabi/lib/armv7-m\libm.a(lib_a-w_asin.o)
                                  0xc (size before relaxing)
 *fill*         0x00006c65        0x3 
 .rodata.str1.4
                0x00006c68        0x4 c:/program files (x86)/cypress/psoc creator/3.3/psoc creator/import/gnu/arm/4.9.3/bin/../lib/gcc/arm-none-eabi/4.9.3/../../../../arm-none-eabi/lib/armv7-m\libm.a(lib_a-w_pow.o)
 .rodata.str1.4
                0x00006c6c        0x8 c:/program files (x86)/cypress/psoc creator/3.3/psoc creator/import/gnu/arm/4.9.3/bin/../lib/gcc/arm-none-eabi/4.9.3/../../../../arm-none-eabi/lib/armv7-m\libm.a(lib_a-w_sqrt.o)
 *fill*         0x00006c74        0x4 
 .rodata.dp_h   0x00006c78       0x10 c:/program files (x86)/cypress/psoc creator/3.3/psoc creator/import/gnu/arm/4.9.3/bin/../lib/gcc/arm-none-eabi/4.9.3/../../../../arm-none-eabi/lib/armv7-m\libm.a(lib_a-e_pow.o)
 .rodata.dp_l   0x00006c88       0x10 c:/program files (x86)/cypress/psoc creator/3.3/psoc creator/import/gnu/arm/4.9.3/bin/../lib/gcc/arm-none-eabi/4.9.3/../../../../arm-none-eabi/lib/armv7-m\libm.a(lib_a-e_pow.o)
 .rodata.bp     0x00006c98       0x10 c:/program files (x86)/cypress/psoc creator/3.3/psoc creator/import/gnu/arm/4.9.3/bin/../lib/gcc/arm-none-eabi/4.9.3/../../../../arm-none-eabi/lib/armv7-m\libm.a(lib_a-e_pow.o)
 .rodata.str1.4
                0x00000000        0x4 c:/program files (x86)/cypress/psoc creator/3.3/psoc creator/import/gnu/arm/4.9.3/bin/../lib/gcc/arm-none-eabi/4.9.3/../../../../arm-none-eabi/lib/armv7-m\libm.a(lib_a-e_pow.o)
 .rodata.TWO52  0x00006ca8       0x10 c:/program files (x86)/cypress/psoc creator/3.3/psoc creator/import/gnu/arm/4.9.3/bin/../lib/gcc/arm-none-eabi/4.9.3/../../../../arm-none-eabi/lib/armv7-m\libm.a(lib_a-s_rint.o)
 .rodata.str1.1
                0x00006cb8        0x2 c:/program files (x86)/cypress/psoc creator/3.3/psoc creator/import/gnu/arm/4.9.3/bin/../lib/gcc/arm-none-eabi/4.9.3/../../../../arm-none-eabi/lib/armv7-m\libg_nano.a(lib_a-impure.o)
                0x00006cbc                . = ALIGN (0x4)
 *fill*         0x00006cba        0x2 
 *(.init)
 .init          0x00006cbc        0x4 c:/program files (x86)/cypress/psoc creator/3.3/psoc creator/import/gnu/arm/4.9.3/bin/../lib/gcc/arm-none-eabi/4.9.3/armv7-m/crti.o
                0x00006cbc                _init
 .init          0x00006cc0        0x8 c:/program files (x86)/cypress/psoc creator/3.3/psoc creator/import/gnu/arm/4.9.3/bin/../lib/gcc/arm-none-eabi/4.9.3/armv7-m/crtn.o
                0x00006cc8                . = ALIGN (0x4)
                0x00006cc8                __preinit_array_start = .
 *(.preinit_array)
                0x00006cc8                __preinit_array_end = .
                0x00006cc8                . = ALIGN (0x4)
                0x00006cc8                __init_array_start = .
 *(SORT(.init_array.*))
 *(.init_array)
 .init_array    0x00006cc8        0x4 c:/program files (x86)/cypress/psoc creator/3.3/psoc creator/import/gnu/arm/4.9.3/bin/../lib/gcc/arm-none-eabi/4.9.3/armv7-m/crtbegin.o
 .init_array    0x00006ccc        0x4 .\CortexM3\ARM_GCC_493\Debug\Cm3Start.o
                0x00006cd0                __init_array_end = .
                0x00006cd0                . = ALIGN (0x4)
 *(.fini)
 .fini          0x00006cd0        0x4 c:/program files (x86)/cypress/psoc creator/3.3/psoc creator/import/gnu/arm/4.9.3/bin/../lib/gcc/arm-none-eabi/4.9.3/armv7-m/crti.o
                0x00006cd0                _fini
 .fini          0x00006cd4        0x8 c:/program files (x86)/cypress/psoc creator/3.3/psoc creator/import/gnu/arm/4.9.3/bin/../lib/gcc/arm-none-eabi/4.9.3/armv7-m/crtn.o
                0x00006cdc                . = ALIGN (0x4)
                0x00006cdc                __fini_array_start = .
 *(.fini_array)
 .fini_array    0x00006cdc        0x4 c:/program files (x86)/cypress/psoc creator/3.3/psoc creator/import/gnu/arm/4.9.3/bin/../lib/gcc/arm-none-eabi/4.9.3/armv7-m/crtbegin.o
 *(SORT(.fini_array.*))
                0x00006ce0                __fini_array_end = .
                0x00006ce0                . = ALIGN (0x4)
 *crtbegin.o(.ctors)
 *(EXCLUDE_FILE(*crtend.o) .ctors)
 *(SORT(.ctors.*))
 *crtend.o(.ctors)
                0x00006ce0                . = ALIGN (0x4)
 *crtbegin.o(.dtors)
 *(EXCLUDE_FILE(*crtend.o) .dtors)
 *(SORT(.dtors.*))
 *crtend.o(.dtors)
                0x00006ce0                . = ALIGN (0x4)
                0x00006ce0                __cy_regions = .
                0x00006ce0        0x4 LONG 0x6cf0 __cy_region_init_ram
                0x00006ce4        0x4 LONG 0x1fff8108 __cy_region_start_data
                0x00006ce8        0x4 LONG 0x2c0 __cy_region_init_size_ram
                0x00006cec        0x4 LONG 0x1118 __cy_region_zero_size_ram
                0x00006cf0                __cy_regions_end = .
                0x00006cf0                . = ALIGN (0x8)
                0x00006cf0                _etext = .

.cy_checksum_exclude
                0x00006cf0        0x0
 *(.cy_checksum_exclude)

.ramvectors     0x1fff8000      0x100
                0x1fff8000                __cy_region_start_ram = .
 *(.ramvectors)
 .ramvectors    0x1fff8000      0x100 .\CortexM3\ARM_GCC_493\Debug\Cm3Start.o
                0x1fff8000                CyRamVectors

.noinit         0x1fff8100        0x5
 *(.noinit)
 .noinit        0x1fff8100        0x4 .\CortexM3\ARM_GCC_493\Debug\Cm3Start.o
 .noinit        0x1fff8104        0x1 .\CortexM3\ARM_GCC_493\Debug\Display.a(CyLib.o)
                0x1fff8104                CyResetStatus

.data           0x1fff8108      0x2c0 load address 0x00006cf0
                0x1fff8108                __cy_region_start_data = .
 *(.jcr)
 .jcr           0x1fff8108        0x0 c:/program files (x86)/cypress/psoc creator/3.3/psoc creator/import/gnu/arm/4.9.3/bin/../lib/gcc/arm-none-eabi/4.9.3/armv7-m/crtbegin.o
 .jcr           0x1fff8108        0x4 c:/program files (x86)/cypress/psoc creator/3.3/psoc creator/import/gnu/arm/4.9.3/bin/../lib/gcc/arm-none-eabi/4.9.3/armv7-m/crtend.o
 *(.got.plt)
 *(.got)
 *(.shdata)
 *(.data .data.* .gnu.linkonce.d.*)
 .data          0x1fff810c        0x3 .\CortexM3\ARM_GCC_493\Debug\pwm_functions.o
                0x1fff810c                zerodegrees
                0x1fff810d                halfway
                0x1fff810e                max
 *fill*         0x1fff810f        0x1 
 .data          0x1fff8110        0x4 .\CortexM3\ARM_GCC_493\Debug\lift_functions.o
                0x1fff8110                groundlvl
                0x1fff8112                pucklvl
 .data          0x1fff8114        0x8 .\CortexM3\ARM_GCC_493\Debug\Display.a(CyDmac.o)
 .data          0x1fff811c       0x10 .\CortexM3\ARM_GCC_493\Debug\Display.a(CyLib.o)
                0x1fff811c                cydelay_32k_ms
                0x1fff8120                cydelay_freq_khz
                0x1fff8124                cydelay_freq_mhz
                0x1fff8128                cydelay_freq_hz
 .data          0x1fff812c        0x1 .\CortexM3\ARM_GCC_493\Debug\Display.a(Camera_DMA_dma.o)
                0x1fff812c                Camera_DMA_DmaHandle
 .data          0x1fff812d        0x1 .\CortexM3\ARM_GCC_493\Debug\Display.a(LCD_DMA_dma.o)
                0x1fff812d                LCD_DMA_DmaHandle
 .data          0x1fff812e        0x1 .\CortexM3\ARM_GCC_493\Debug\Display.a(Camera_DMA_Colours_dma.o)
                0x1fff812e                Camera_DMA_Colours_DmaHandle
 .data.__fdlib_version
                0x1fff812f        0x1 c:/program files (x86)/cypress/psoc creator/3.3/psoc creator/import/gnu/arm/4.9.3/bin/../lib/gcc/arm-none-eabi/4.9.3/../../../../arm-none-eabi/lib/armv7-m\libm.a(lib_a-s_lib_ver.o)
                0x1fff812f                __fdlib_version
 .data.impure_data
                0x1fff8130       0x60 c:/program files (x86)/cypress/psoc creator/3.3/psoc creator/import/gnu/arm/4.9.3/bin/../lib/gcc/arm-none-eabi/4.9.3/../../../../arm-none-eabi/lib/armv7-m\libg_nano.a(lib_a-impure.o)
 .data._impure_ptr
                0x1fff8190        0x4 c:/program files (x86)/cypress/psoc creator/3.3/psoc creator/import/gnu/arm/4.9.3/bin/../lib/gcc/arm-none-eabi/4.9.3/../../../../arm-none-eabi/lib/armv7-m\libg_nano.a(lib_a-impure.o)
                0x1fff8190                _impure_ptr
                0x1fff8198                . = ALIGN (0x8)
 *fill*         0x1fff8194        0x4 
 *(.ram)
 .ram           0x1fff8198      0x1f0 .\CortexM3\ARM_GCC_493\Debug\camera_display.o
                0x1fff82fc                Camera_end_line
 .ram.__stub    0x1fff8388       0x40 linker stubs
                0x1fff83c8                _edata = .

.igot.plt       0x1fff83c8        0x0 load address 0x00006fb0
 .igot.plt      0x00000000        0x0 c:/program files (x86)/cypress/psoc creator/3.3/psoc creator/import/gnu/arm/4.9.3/bin/../lib/gcc/arm-none-eabi/4.9.3/armv7-m/crtbegin.o

.bss            0x1fff83c8     0x1118 load address 0x00006fb0
                0x1fff83c8                PROVIDE (__bss_start__, .)
 *(.shbss)
 *(.bss .bss.* .gnu.linkonce.b.*)
 .bss           0x1fff83c8       0x1c c:/program files (x86)/cypress/psoc creator/3.3/psoc creator/import/gnu/arm/4.9.3/bin/../lib/gcc/arm-none-eabi/4.9.3/armv7-m/crtbegin.o
 .bss           0x1fff83e4      0xbc8 .\CortexM3\ARM_GCC_493\Debug\camera_display.o
 .bss           0x1fff8fac        0x8 .\CortexM3\ARM_GCC_493\Debug\camera_functions.o
                0x1fff8fac                k
                0x1fff8fae                j
                0x1fff8fb0                blobCounter
                0x1fff8fb2                i
 .bss           0x1fff8fb4       0x10 .\CortexM3\ARM_GCC_493\Debug\movement_functions.o
                0x1fff8fb4                SERightTot
                0x1fff8fb8                SERight
                0x1fff8fbc                SELeftTot
                0x1fff8fc0                SELeft
 .bss           0x1fff8fc4        0x2 .\CortexM3\ARM_GCC_493\Debug\puck_functions.o
                0x1fff8fc4                angleTotal
 .bss           0x1fff8fc6        0x2 .\CortexM3\ARM_GCC_493\Debug\Display.a(Camera.o)
 .bss           0x1fff8fc8        0x1 .\CortexM3\ARM_GCC_493\Debug\Display.a(Camera_I2C.o)
                0x1fff8fc8                Camera_I2C_initVar
 .bss           0x1fff8fc9        0x1 .\CortexM3\ARM_GCC_493\Debug\Display.a(SW_DAC.o)
                0x1fff8fc9                SW_DAC_initVar
 .bss           0x1fff8fca        0x1 .\CortexM3\ARM_GCC_493\Debug\Display.a(SW_Comparator.o)
                0x1fff8fca                SW_Comparator_initVar
 .bss           0x1fff8fcb        0x1 .\CortexM3\ARM_GCC_493\Debug\Display.a(PWM_Pan.o)
                0x1fff8fcb                PWM_Pan_initVar
 .bss           0x1fff8fcc        0x1 .\CortexM3\ARM_GCC_493\Debug\Display.a(PWM_Tilt.o)
                0x1fff8fcc                PWM_Tilt_initVar
 .bss           0x1fff8fcd        0x1 .\CortexM3\ARM_GCC_493\Debug\Display.a(PWM_Claw.o)
                0x1fff8fcd                PWM_Claw_initVar
 .bss           0x1fff8fce        0x1 .\CortexM3\ARM_GCC_493\Debug\Display.a(Quad_1.o)
                0x1fff8fce                Quad_1_initVar
 .bss           0x1fff8fcf        0x1 .\CortexM3\ARM_GCC_493\Debug\Display.a(Quad_2.o)
                0x1fff8fcf                Quad_2_initVar
 .bss           0x1fff8fd0        0x1 .\CortexM3\ARM_GCC_493\Debug\Display.a(Quad_1_Cnt16.o)
                0x1fff8fd0                Quad_1_Cnt16_initVar
 .bss           0x1fff8fd1        0x1 .\CortexM3\ARM_GCC_493\Debug\Display.a(Quad_2_Cnt16.o)
                0x1fff8fd1                Quad_2_Cnt16_initVar
 .bss           0x1fff8fd2        0x1 .\CortexM3\ARM_GCC_493\Debug\Display.a(Timer_1.o)
                0x1fff8fd2                Timer_1_initVar
 .bss           0x1fff8fd3        0x1 .\CortexM3\ARM_GCC_493\Debug\Display.a(Quad_3.o)
                0x1fff8fd3                Quad_3_initVar
 .bss           0x1fff8fd4        0x1 .\CortexM3\ARM_GCC_493\Debug\Display.a(Quad_3_Cnt16.o)
                0x1fff8fd4                Quad_3_Cnt16_initVar
 .bss           0x1fff8fd5        0x1 .\CortexM3\ARM_GCC_493\Debug\Display.a(Timer_2.o)
                0x1fff8fd5                Timer_2_initVar
 *(COMMON)
 *fill*         0x1fff8fd6        0x2 
 COMMON         0x1fff8fd8      0x284 .\CortexM3\ARM_GCC_493\Debug\main.o
                0x1fff8fd8                display_mode
                0x1fff8fdc                Camera_linebuffer
 COMMON         0x1fff925c      0x26b .\CortexM3\ARM_GCC_493\Debug\camera_functions.o
                0x1fff925c                lrgClr
                0x1fff9264                scaledClr
                0x1fff9298                lrgY
                0x1fff92a2                closestY
                0x1fff92a4                orderedScaledClr
                0x1fff92ac                scaledDist
                0x1fff9310                lrgX
                0x1fff931a                lowestY
                0x1fff931c                scaledY
                0x1fff9380                orderedScaledY
                0x1fff938a                closestX
                0x1fff938c                scaledX
                0x1fff93f0                orderedScaledX
                0x1fff93fc                scaledElements
                0x1fff94c4                loadPix
 COMMON         0x1fff94c7        0x1 .\CortexM3\ARM_GCC_493\Debug\Display.a(Camera_I2C.o)
                0x1fff94c7                Camera_I2C_state
 COMMON         0x1fff94c8       0x11 .\CortexM3\ARM_GCC_493\Debug\Display.a(Camera_I2C_MASTER.o)
                0x1fff94c8                Camera_I2C_mstrWrBufSize
                0x1fff94c9                Camera_I2C_mstrRdBufIndex
                0x1fff94ca                Camera_I2C_mstrRdBufSize
                0x1fff94cb                Camera_I2C_mstrControl
                0x1fff94cc                Camera_I2C_mstrWrBufPtr
                0x1fff94d0                Camera_I2C_mstrWrBufIndex
                0x1fff94d4                Camera_I2C_mstrRdBufPtr
                0x1fff94d8                Camera_I2C_mstrStatus
                0x1fff94e0                . = ALIGN (0x8)
 *fill*         0x1fff94d9        0x7 
 *(.ram.b)
                0x1fff94e0                _end = .
                0x1fff94e0                __end = .
                0x1fff94e0                PROVIDE (end, .)
                0x1fff94e0                PROVIDE (__bss_end__, .)
                0x00006cf0                __cy_region_init_ram = LOADADDR (.data)
                0x000002c0                __cy_region_init_size_ram = (_edata - ADDR (.data))
                0x00001118                __cy_region_zero_size_ram = (_end - _edata)

.heap           0x1fff94e0       0x80 load address 0x00006fb0
                0x1fff94e0                . = _end
                0x1fff9560                . = (. + 0x80)
 *fill*         0x1fff94e0       0x80 
                0x1fff9560                __cy_heap_limit = .

.stack          0x20007800      0x800
                0x20007800                __cy_stack_limit = .
                0x20008000                . = (. + 0x800)
 *fill*         0x20007800      0x800 
                0x00000001                ASSERT ((__cy_stack_limit >= __cy_heap_limit), region RAM overflowed with stack)
                0x00000000                cy_checksum_exclude_size = (CY_APPL_LOADABLE == 0x1)?SIZEOF (.cy_checksum_exclude):0x0
                0x00000001                ASSERT ((cy_checksum_exclude_size <= CY_CHECKSUM_EXCLUDE_SIZE), CY_BOOT: Section .cy_checksum_exclude size exceedes specified limit.)

.cyloadermeta
 *(.cyloadermeta)

.cyloadablemeta
 *(.cyloadablemeta)

.cyconfigecc    0x80000000     0x12a8
 *(.cyconfigecc)
 .cyconfigecc   0x80000000     0x12a8 .\CortexM3\ARM_GCC_493\Debug\cymetadata.o
                0x80000000                cy_meta_configecc

.cycustnvl      0x90000000        0x4
 *(.cycustnvl)
 .cycustnvl     0x90000000        0x4 .\CortexM3\ARM_GCC_493\Debug\cymetadata.o
                0x90000000                cy_meta_custnvl

.cywolatch      0x90100000        0x4
 *(.cywolatch)
 .cywolatch     0x90100000        0x4 .\CortexM3\ARM_GCC_493\Debug\cymetadata.o
                0x90100000                cy_meta_wonvl

.cyeeprom       0x90200000        0x0
 *(.cyeeprom)
                0x00000001                ASSERT ((. <= ((0x90200000 + ee_offset) + ee_size)), .cyeeprom data will not fit in EEPROM)

.cyflashprotect
                0x90400000      0x100
 *(.cyflashprotect)
 .cyflashprotect
                0x90400000      0x100 .\CortexM3\ARM_GCC_493\Debug\cymetadata.o
                0x90400000                cy_meta_flashprotect

.cymeta         0x90500000        0xc
 *(.cymeta)
 .cymeta        0x90500000        0xc .\CortexM3\ARM_GCC_493\Debug\cymetadata.o
                0x90500000                cy_metadata

.rel.dyn        0x00006fb0        0x0 load address 0x9050000c
 .rel.iplt      0x00000000        0x0 c:/program files (x86)/cypress/psoc creator/3.3/psoc creator/import/gnu/arm/4.9.3/bin/../lib/gcc/arm-none-eabi/4.9.3/armv7-m/crtbegin.o

.stab
 *(.stab)

.stabstr
 *(.stabstr)

.debug
 *(.debug)

.line
 *(.line)

.debug_srcinfo
 *(.debug_srcinfo)

.debug_sfnames
 *(.debug_sfnames)

.debug_aranges  0x00000000     0x1510
 *(.debug_aranges)
 .debug_aranges
                0x00000000       0x28 .\CortexM3\ARM_GCC_493\Debug\main.o
 .debug_aranges
                0x00000028       0x68 .\CortexM3\ARM_GCC_493\Debug\camera_display.o
 .debug_aranges
                0x00000090       0x68 .\CortexM3\ARM_GCC_493\Debug\camera_functions.o
 .debug_aranges
                0x000000f8       0x60 .\CortexM3\ARM_GCC_493\Debug\pwm_functions.o
 .debug_aranges
                0x00000158       0x98 .\CortexM3\ARM_GCC_493\Debug\movement_functions.o
 .debug_aranges
                0x000001f0       0x68 .\CortexM3\ARM_GCC_493\Debug\puck_functions.o
 .debug_aranges
                0x00000258       0x38 .\CortexM3\ARM_GCC_493\Debug\Ultrasonics.o
 .debug_aranges
                0x00000290       0x28 .\CortexM3\ARM_GCC_493\Debug\pathing.o
 .debug_aranges
                0x000002b8       0x20 .\CortexM3\ARM_GCC_493\Debug\initial_path_sequence.o
 .debug_aranges
                0x000002d8       0x70 .\CortexM3\ARM_GCC_493\Debug\lift_functions.o
 .debug_aranges
                0x00000348       0x48 .\CortexM3\ARM_GCC_493\Debug\utils.o
 .debug_aranges
                0x00000390       0x18 .\CortexM3\ARM_GCC_493\Debug\cymetadata.o
 .debug_aranges
                0x000003a8       0x48 .\CortexM3\ARM_GCC_493\Debug\Cm3Start.o
 .debug_aranges
                0x000003f0       0x58 .\CortexM3\ARM_GCC_493\Debug\Display.a(cyfitter_cfg.o)
 .debug_aranges
                0x00000448       0x38 .\CortexM3\ARM_GCC_493\Debug\Display.a(D.o)
 .debug_aranges
                0x00000480       0x38 .\CortexM3\ARM_GCC_493\Debug\Display.a(CS.o)
 .debug_aranges
                0x000004b8       0x20 .\CortexM3\ARM_GCC_493\Debug\Display.a(CyBootAsmGnu.o)
 .debug_aranges
                0x000004d8       0xd8 .\CortexM3\ARM_GCC_493\Debug\Display.a(CyDmac.o)
 .debug_aranges
                0x000005b0      0x298 .\CortexM3\ARM_GCC_493\Debug\Display.a(CyLib.o)
 .debug_aranges
                0x00000848       0x98 .\CortexM3\ARM_GCC_493\Debug\Display.a(cyPm.o)
 .debug_aranges
                0x000008e0       0x60 .\CortexM3\ARM_GCC_493\Debug\Display.a(LCD.o)
 .debug_aranges
                0x00000940       0x28 .\CortexM3\ARM_GCC_493\Debug\Display.a(OE.o)
 .debug_aranges
                0x00000968       0x38 .\CortexM3\ARM_GCC_493\Debug\Display.a(Camera.o)
 .debug_aranges
                0x000009a0       0x28 .\CortexM3\ARM_GCC_493\Debug\Display.a(Camera_DMA_dma.o)
 .debug_aranges
                0x000009c8       0x38 .\CortexM3\ARM_GCC_493\Debug\Display.a(Camera_VSYNC.o)
 .debug_aranges
                0x00000a00       0x38 .\CortexM3\ARM_GCC_493\Debug\Display.a(Camera_I2C.o)
 .debug_aranges
                0x00000a38       0x20 .\CortexM3\ARM_GCC_493\Debug\Display.a(Camera_I2C_INT.o)
 .debug_aranges
                0x00000a58       0x38 .\CortexM3\ARM_GCC_493\Debug\Display.a(Camera_I2C_PM.o)
 .debug_aranges
                0x00000a90       0x80 .\CortexM3\ARM_GCC_493\Debug\Display.a(Camera_I2C_MASTER.o)
 .debug_aranges
                0x00000b10       0x80 .\CortexM3\ARM_GCC_493\Debug\Display.a(Camera_end_line.o)
 .debug_aranges
                0x00000b90       0x28 .\CortexM3\ARM_GCC_493\Debug\Display.a(LCD_DMA_dma.o)
 .debug_aranges
                0x00000bb8       0x28 .\CortexM3\ARM_GCC_493\Debug\Display.a(Camera_DMA_Colours_dma.o)
 .debug_aranges
                0x00000be0       0x80 .\CortexM3\ARM_GCC_493\Debug\Display.a(Camera_end_line_colours.o)
 .debug_aranges
                0x00000c60       0x58 .\CortexM3\ARM_GCC_493\Debug\Display.a(SW_DAC.o)
 .debug_aranges
                0x00000cb8       0x70 .\CortexM3\ARM_GCC_493\Debug\Display.a(SW_Comparator.o)
 .debug_aranges
                0x00000d28       0x98 .\CortexM3\ARM_GCC_493\Debug\Display.a(PWM_Pan.o)
 .debug_aranges
                0x00000dc0       0x98 .\CortexM3\ARM_GCC_493\Debug\Display.a(PWM_Tilt.o)
 .debug_aranges
                0x00000e58       0x98 .\CortexM3\ARM_GCC_493\Debug\Display.a(PWM_Claw.o)
 .debug_aranges
                0x00000ef0       0x60 .\CortexM3\ARM_GCC_493\Debug\Display.a(Quad_1.o)
 .debug_aranges
                0x00000f50       0x60 .\CortexM3\ARM_GCC_493\Debug\Display.a(Quad_2.o)
 .debug_aranges
                0x00000fb0       0x98 .\CortexM3\ARM_GCC_493\Debug\Display.a(Quad_1_Cnt16.o)
 .debug_aranges
                0x00001048       0x98 .\CortexM3\ARM_GCC_493\Debug\Display.a(Quad_2_Cnt16.o)
 .debug_aranges
                0x000010e0       0x38 .\CortexM3\ARM_GCC_493\Debug\Display.a(USTX.o)
 .debug_aranges
                0x00001118       0x88 .\CortexM3\ARM_GCC_493\Debug\Display.a(Timer_1.o)
 .debug_aranges
                0x000011a0       0x38 .\CortexM3\ARM_GCC_493\Debug\Display.a(USTX2.o)
 .debug_aranges
                0x000011d8       0x60 .\CortexM3\ARM_GCC_493\Debug\Display.a(Quad_3.o)
 .debug_aranges
                0x00001238       0x98 .\CortexM3\ARM_GCC_493\Debug\Display.a(Quad_3_Cnt16.o)
 .debug_aranges
                0x000012d0       0x38 .\CortexM3\ARM_GCC_493\Debug\Display.a(LiftA.o)
 .debug_aranges
                0x00001308       0x38 .\CortexM3\ARM_GCC_493\Debug\Display.a(LiftB.o)
 .debug_aranges
                0x00001340       0x88 .\CortexM3\ARM_GCC_493\Debug\Display.a(Timer_2.o)
 .debug_aranges
                0x000013c8       0x38 .\CortexM3\ARM_GCC_493\Debug\Display.a(LCD_RD.o)
 .debug_aranges
                0x00001400       0x80 .\CortexM3\ARM_GCC_493\Debug\Display.a(CyFlash.o)
 .debug_aranges
                0x00001480       0x78 .\CortexM3\ARM_GCC_493\Debug\Display.a(CySpc.o)
 .debug_aranges
                0x000014f8       0x18 .\CortexM3\ARM_GCC_493\Debug\Display.a(Camera_settings.o)

.debug_pubnames
 *(.debug_pubnames)

.debug_info     0x00000000     0xe252
 *(.debug_info .gnu.linkonce.wi.*)
 .debug_info    0x00000000      0x82b .\CortexM3\ARM_GCC_493\Debug\main.o
 .debug_info    0x0000082b      0xa62 .\CortexM3\ARM_GCC_493\Debug\camera_display.o
 .debug_info    0x0000128d      0xad2 .\CortexM3\ARM_GCC_493\Debug\camera_functions.o
 .debug_info    0x00001d5f      0x2bf .\CortexM3\ARM_GCC_493\Debug\pwm_functions.o
 .debug_info    0x0000201e      0x822 .\CortexM3\ARM_GCC_493\Debug\movement_functions.o
 .debug_info    0x00002840     0x10a0 .\CortexM3\ARM_GCC_493\Debug\puck_functions.o
 .debug_info    0x000038e0      0x7f3 .\CortexM3\ARM_GCC_493\Debug\Ultrasonics.o
 .debug_info    0x000040d3      0x534 .\CortexM3\ARM_GCC_493\Debug\pathing.o
 .debug_info    0x00004607      0x3d6 .\CortexM3\ARM_GCC_493\Debug\initial_path_sequence.o
 .debug_info    0x000049dd      0x4e5 .\CortexM3\ARM_GCC_493\Debug\lift_functions.o
 .debug_info    0x00004ec2      0x2b9 .\CortexM3\ARM_GCC_493\Debug\utils.o
 .debug_info    0x0000517b      0x13f .\CortexM3\ARM_GCC_493\Debug\cymetadata.o
 .debug_info    0x000052ba      0x3af .\CortexM3\ARM_GCC_493\Debug\Cm3Start.o
 .debug_info    0x00005669      0x59f .\CortexM3\ARM_GCC_493\Debug\Display.a(cyfitter_cfg.o)
 .debug_info    0x00005c08      0x11c .\CortexM3\ARM_GCC_493\Debug\Display.a(D.o)
 .debug_info    0x00005d24      0x11f .\CortexM3\ARM_GCC_493\Debug\Display.a(CS.o)
 .debug_info    0x00005e43       0x97 .\CortexM3\ARM_GCC_493\Debug\Display.a(CyBootAsmGnu.o)
 .debug_info    0x00005eda      0x944 .\CortexM3\ARM_GCC_493\Debug\Display.a(CyDmac.o)
 .debug_info    0x0000681e     0x136f .\CortexM3\ARM_GCC_493\Debug\Display.a(CyLib.o)
 .debug_info    0x00007b8d      0xa57 .\CortexM3\ARM_GCC_493\Debug\Display.a(cyPm.o)
 .debug_info    0x000085e4      0x710 .\CortexM3\ARM_GCC_493\Debug\Display.a(LCD.o)
 .debug_info    0x00008cf4       0xd6 .\CortexM3\ARM_GCC_493\Debug\Display.a(OE.o)
 .debug_info    0x00008dca      0x622 .\CortexM3\ARM_GCC_493\Debug\Display.a(Camera.o)
 .debug_info    0x000093ec      0x1fd .\CortexM3\ARM_GCC_493\Debug\Display.a(Camera_DMA_dma.o)
 .debug_info    0x000095e9      0x11f .\CortexM3\ARM_GCC_493\Debug\Display.a(Camera_VSYNC.o)
 .debug_info    0x00009708      0x2d9 .\CortexM3\ARM_GCC_493\Debug\Display.a(Camera_I2C.o)
 .debug_info    0x000099e1      0x17f .\CortexM3\ARM_GCC_493\Debug\Display.a(Camera_I2C_INT.o)
 .debug_info    0x00009b60      0x1fe .\CortexM3\ARM_GCC_493\Debug\Display.a(Camera_I2C_PM.o)
 .debug_info    0x00009d5e      0x400 .\CortexM3\ARM_GCC_493\Debug\Display.a(Camera_I2C_MASTER.o)
 .debug_info    0x0000a15e      0x2cb .\CortexM3\ARM_GCC_493\Debug\Display.a(Camera_end_line.o)
 .debug_info    0x0000a429      0x1f9 .\CortexM3\ARM_GCC_493\Debug\Display.a(LCD_DMA_dma.o)
 .debug_info    0x0000a622      0x1fd .\CortexM3\ARM_GCC_493\Debug\Display.a(Camera_DMA_Colours_dma.o)
 .debug_info    0x0000a81f      0x2cb .\CortexM3\ARM_GCC_493\Debug\Display.a(Camera_end_line_colours.o)
 .debug_info    0x0000aaea      0x1de .\CortexM3\ARM_GCC_493\Debug\Display.a(SW_DAC.o)
 .debug_info    0x0000acc8      0x2c3 .\CortexM3\ARM_GCC_493\Debug\Display.a(SW_Comparator.o)
 .debug_info    0x0000af8b      0x34e .\CortexM3\ARM_GCC_493\Debug\Display.a(PWM_Pan.o)
 .debug_info    0x0000b2d9      0x34e .\CortexM3\ARM_GCC_493\Debug\Display.a(PWM_Tilt.o)
 .debug_info    0x0000b627      0x34e .\CortexM3\ARM_GCC_493\Debug\Display.a(PWM_Claw.o)
 .debug_info    0x0000b975      0x2d1 .\CortexM3\ARM_GCC_493\Debug\Display.a(Quad_1.o)
 .debug_info    0x0000bc46      0x2d1 .\CortexM3\ARM_GCC_493\Debug\Display.a(Quad_2.o)
 .debug_info    0x0000bf17      0x343 .\CortexM3\ARM_GCC_493\Debug\Display.a(Quad_1_Cnt16.o)
 .debug_info    0x0000c25a      0x343 .\CortexM3\ARM_GCC_493\Debug\Display.a(Quad_2_Cnt16.o)
 .debug_info    0x0000c59d      0x11f .\CortexM3\ARM_GCC_493\Debug\Display.a(USTX.o)
 .debug_info    0x0000c6bc      0x28c .\CortexM3\ARM_GCC_493\Debug\Display.a(Timer_1.o)
 .debug_info    0x0000c948      0x11f .\CortexM3\ARM_GCC_493\Debug\Display.a(USTX2.o)
 .debug_info    0x0000ca67      0x2d1 .\CortexM3\ARM_GCC_493\Debug\Display.a(Quad_3.o)
 .debug_info    0x0000cd38      0x343 .\CortexM3\ARM_GCC_493\Debug\Display.a(Quad_3_Cnt16.o)
 .debug_info    0x0000d07b      0x11f .\CortexM3\ARM_GCC_493\Debug\Display.a(LiftA.o)
 .debug_info    0x0000d19a      0x11f .\CortexM3\ARM_GCC_493\Debug\Display.a(LiftB.o)
 .debug_info    0x0000d2b9      0x28c .\CortexM3\ARM_GCC_493\Debug\Display.a(Timer_2.o)
 .debug_info    0x0000d545      0x11f .\CortexM3\ARM_GCC_493\Debug\Display.a(LCD_RD.o)
 .debug_info    0x0000d664      0x608 .\CortexM3\ARM_GCC_493\Debug\Display.a(CyFlash.o)
 .debug_info    0x0000dc6c      0x4ea .\CortexM3\ARM_GCC_493\Debug\Display.a(CySpc.o)
 .debug_info    0x0000e156       0xfc .\CortexM3\ARM_GCC_493\Debug\Display.a(Camera_settings.o)

.debug_abbrev   0x00000000     0x4473
 *(.debug_abbrev)
 .debug_abbrev  0x00000000      0x186 .\CortexM3\ARM_GCC_493\Debug\main.o
 .debug_abbrev  0x00000186      0x233 .\CortexM3\ARM_GCC_493\Debug\camera_display.o
 .debug_abbrev  0x000003b9      0x2bd .\CortexM3\ARM_GCC_493\Debug\camera_functions.o
 .debug_abbrev  0x00000676      0x102 .\CortexM3\ARM_GCC_493\Debug\pwm_functions.o
 .debug_abbrev  0x00000778      0x179 .\CortexM3\ARM_GCC_493\Debug\movement_functions.o
 .debug_abbrev  0x000008f1      0x2cf .\CortexM3\ARM_GCC_493\Debug\puck_functions.o
 .debug_abbrev  0x00000bc0      0x1c3 .\CortexM3\ARM_GCC_493\Debug\Ultrasonics.o
 .debug_abbrev  0x00000d83      0x10d .\CortexM3\ARM_GCC_493\Debug\pathing.o
 .debug_abbrev  0x00000e90      0x152 .\CortexM3\ARM_GCC_493\Debug\initial_path_sequence.o
 .debug_abbrev  0x00000fe2      0x12d .\CortexM3\ARM_GCC_493\Debug\lift_functions.o
 .debug_abbrev  0x0000110f      0x149 .\CortexM3\ARM_GCC_493\Debug\utils.o
 .debug_abbrev  0x00001258       0x77 .\CortexM3\ARM_GCC_493\Debug\cymetadata.o
 .debug_abbrev  0x000012cf      0x200 .\CortexM3\ARM_GCC_493\Debug\Cm3Start.o
 .debug_abbrev  0x000014cf      0x203 .\CortexM3\ARM_GCC_493\Debug\Display.a(cyfitter_cfg.o)
 .debug_abbrev  0x000016d2       0x9f .\CortexM3\ARM_GCC_493\Debug\Display.a(D.o)
 .debug_abbrev  0x00001771       0x90 .\CortexM3\ARM_GCC_493\Debug\Display.a(CS.o)
 .debug_abbrev  0x00001801       0x14 .\CortexM3\ARM_GCC_493\Debug\Display.a(CyBootAsmGnu.o)
 .debug_abbrev  0x00001815      0x1cc .\CortexM3\ARM_GCC_493\Debug\Display.a(CyDmac.o)
 .debug_abbrev  0x000019e1      0x296 .\CortexM3\ARM_GCC_493\Debug\Display.a(CyLib.o)
 .debug_abbrev  0x00001c77      0x1ed .\CortexM3\ARM_GCC_493\Debug\Display.a(cyPm.o)
 .debug_abbrev  0x00001e64      0x1b7 .\CortexM3\ARM_GCC_493\Debug\Display.a(LCD.o)
 .debug_abbrev  0x0000201b       0x81 .\CortexM3\ARM_GCC_493\Debug\Display.a(OE.o)
 .debug_abbrev  0x0000209c      0x1c9 .\CortexM3\ARM_GCC_493\Debug\Display.a(Camera.o)
 .debug_abbrev  0x00002265       0xeb .\CortexM3\ARM_GCC_493\Debug\Display.a(Camera_DMA_dma.o)
 .debug_abbrev  0x00002350       0x90 .\CortexM3\ARM_GCC_493\Debug\Display.a(Camera_VSYNC.o)
 .debug_abbrev  0x000023e0      0x15c .\CortexM3\ARM_GCC_493\Debug\Display.a(Camera_I2C.o)
 .debug_abbrev  0x0000253c       0xbd .\CortexM3\ARM_GCC_493\Debug\Display.a(Camera_I2C_INT.o)
 .debug_abbrev  0x000025f9      0x12b .\CortexM3\ARM_GCC_493\Debug\Display.a(Camera_I2C_PM.o)
 .debug_abbrev  0x00002724      0x13c .\CortexM3\ARM_GCC_493\Debug\Display.a(Camera_I2C_MASTER.o)
 .debug_abbrev  0x00002860      0x173 .\CortexM3\ARM_GCC_493\Debug\Display.a(Camera_end_line.o)
 .debug_abbrev  0x000029d3       0xeb .\CortexM3\ARM_GCC_493\Debug\Display.a(LCD_DMA_dma.o)
 .debug_abbrev  0x00002abe       0xeb .\CortexM3\ARM_GCC_493\Debug\Display.a(Camera_DMA_Colours_dma.o)
 .debug_abbrev  0x00002ba9      0x173 .\CortexM3\ARM_GCC_493\Debug\Display.a(Camera_end_line_colours.o)
 .debug_abbrev  0x00002d1c       0xf7 .\CortexM3\ARM_GCC_493\Debug\Display.a(SW_DAC.o)
 .debug_abbrev  0x00002e13      0x175 .\CortexM3\ARM_GCC_493\Debug\Display.a(SW_Comparator.o)
 .debug_abbrev  0x00002f88      0x14d .\CortexM3\ARM_GCC_493\Debug\Display.a(PWM_Pan.o)
 .debug_abbrev  0x000030d5      0x14d .\CortexM3\ARM_GCC_493\Debug\Display.a(PWM_Tilt.o)
 .debug_abbrev  0x00003222      0x14d .\CortexM3\ARM_GCC_493\Debug\Display.a(PWM_Claw.o)
 .debug_abbrev  0x0000336f      0x17e .\CortexM3\ARM_GCC_493\Debug\Display.a(Quad_1.o)
 .debug_abbrev  0x000034ed      0x17e .\CortexM3\ARM_GCC_493\Debug\Display.a(Quad_2.o)
 .debug_abbrev  0x0000366b      0x131 .\CortexM3\ARM_GCC_493\Debug\Display.a(Quad_1_Cnt16.o)
 .debug_abbrev  0x0000379c      0x131 .\CortexM3\ARM_GCC_493\Debug\Display.a(Quad_2_Cnt16.o)
 .debug_abbrev  0x000038cd       0x90 .\CortexM3\ARM_GCC_493\Debug\Display.a(USTX.o)
 .debug_abbrev  0x0000395d      0x11a .\CortexM3\ARM_GCC_493\Debug\Display.a(Timer_1.o)
 .debug_abbrev  0x00003a77       0x90 .\CortexM3\ARM_GCC_493\Debug\Display.a(USTX2.o)
 .debug_abbrev  0x00003b07      0x17e .\CortexM3\ARM_GCC_493\Debug\Display.a(Quad_3.o)
 .debug_abbrev  0x00003c85      0x131 .\CortexM3\ARM_GCC_493\Debug\Display.a(Quad_3_Cnt16.o)
 .debug_abbrev  0x00003db6       0x90 .\CortexM3\ARM_GCC_493\Debug\Display.a(LiftA.o)
 .debug_abbrev  0x00003e46       0x90 .\CortexM3\ARM_GCC_493\Debug\Display.a(LiftB.o)
 .debug_abbrev  0x00003ed6      0x11a .\CortexM3\ARM_GCC_493\Debug\Display.a(Timer_2.o)
 .debug_abbrev  0x00003ff0       0x90 .\CortexM3\ARM_GCC_493\Debug\Display.a(LCD_RD.o)
 .debug_abbrev  0x00004080      0x1ed .\CortexM3\ARM_GCC_493\Debug\Display.a(CyFlash.o)
 .debug_abbrev  0x0000426d      0x1c1 .\CortexM3\ARM_GCC_493\Debug\Display.a(CySpc.o)
 .debug_abbrev  0x0000442e       0x45 .\CortexM3\ARM_GCC_493\Debug\Display.a(Camera_settings.o)

.debug_line     0x00000000     0x5f2f
 *(.debug_line)
 .debug_line    0x00000000      0x332 .\CortexM3\ARM_GCC_493\Debug\main.o
 .debug_line    0x00000332      0x3e7 .\CortexM3\ARM_GCC_493\Debug\camera_display.o
 .debug_line    0x00000719      0x5c1 .\CortexM3\ARM_GCC_493\Debug\camera_functions.o
 .debug_line    0x00000cda      0x22e .\CortexM3\ARM_GCC_493\Debug\pwm_functions.o
 .debug_line    0x00000f08      0x304 .\CortexM3\ARM_GCC_493\Debug\movement_functions.o
 .debug_line    0x0000120c      0x41f .\CortexM3\ARM_GCC_493\Debug\puck_functions.o
 .debug_line    0x0000162b      0x2e2 .\CortexM3\ARM_GCC_493\Debug\Ultrasonics.o
 .debug_line    0x0000190d      0x1ed .\CortexM3\ARM_GCC_493\Debug\pathing.o
 .debug_line    0x00001afa      0x24c .\CortexM3\ARM_GCC_493\Debug\initial_path_sequence.o
 .debug_line    0x00001d46      0x269 .\CortexM3\ARM_GCC_493\Debug\lift_functions.o
 .debug_line    0x00001faf      0x21e .\CortexM3\ARM_GCC_493\Debug\utils.o
 .debug_line    0x000021cd       0x53 .\CortexM3\ARM_GCC_493\Debug\cymetadata.o
 .debug_line    0x00002220      0x254 .\CortexM3\ARM_GCC_493\Debug\Cm3Start.o
 .debug_line    0x00002474      0x1f6 .\CortexM3\ARM_GCC_493\Debug\Display.a(cyfitter_cfg.o)
 .debug_line    0x0000266a       0x97 .\CortexM3\ARM_GCC_493\Debug\Display.a(D.o)
 .debug_line    0x00002701       0x94 .\CortexM3\ARM_GCC_493\Debug\Display.a(CS.o)
 .debug_line    0x00002795       0x68 .\CortexM3\ARM_GCC_493\Debug\Display.a(CyBootAsmGnu.o)
 .debug_line    0x000027fd      0x2e5 .\CortexM3\ARM_GCC_493\Debug\Display.a(CyDmac.o)
 .debug_line    0x00002ae2      0x806 .\CortexM3\ARM_GCC_493\Debug\Display.a(CyLib.o)
 .debug_line    0x000032e8      0x366 .\CortexM3\ARM_GCC_493\Debug\Display.a(cyPm.o)
 .debug_line    0x0000364e      0x2b4 .\CortexM3\ARM_GCC_493\Debug\Display.a(LCD.o)
 .debug_line    0x00003902       0x6c .\CortexM3\ARM_GCC_493\Debug\Display.a(OE.o)
 .debug_line    0x0000396e      0x2ab .\CortexM3\ARM_GCC_493\Debug\Display.a(Camera.o)
 .debug_line    0x00003c19       0xa0 .\CortexM3\ARM_GCC_493\Debug\Display.a(Camera_DMA_dma.o)
 .debug_line    0x00003cb9       0x9b .\CortexM3\ARM_GCC_493\Debug\Display.a(Camera_VSYNC.o)
 .debug_line    0x00003d54       0xf0 .\CortexM3\ARM_GCC_493\Debug\Display.a(Camera_I2C.o)
 .debug_line    0x00003e44      0x124 .\CortexM3\ARM_GCC_493\Debug\Display.a(Camera_I2C_INT.o)