Archive member included because of file (symbol)

.\CortexM3\ARM_GCC_493\Debug\Display.a(cyfitter_cfg.o)
                              .\CortexM3\ARM_GCC_493\Debug\Cm3Start.o (cyfitter_cfg)
.\CortexM3\ARM_GCC_493\Debug\Display.a(CS.o)
                              .\CortexM3\ARM_GCC_493\Debug\main.o (CS_Write)
.\CortexM3\ARM_GCC_493\Debug\Display.a(RST.o)
                              .\CortexM3\ARM_GCC_493\Debug\main.o (RST_Write)
.\CortexM3\ARM_GCC_493\Debug\Display.a(CyBootAsmGnu.o)
                              .\CortexM3\ARM_GCC_493\Debug\Display.a(cyfitter_cfg.o) (CyDelayCycles)
.\CortexM3\ARM_GCC_493\Debug\Display.a(CyDmac.o)
                              .\CortexM3\ARM_GCC_493\Debug\Cm3Start.o (CyDmacConfigure)
.\CortexM3\ARM_GCC_493\Debug\Display.a(CyLib.o)
                              .\CortexM3\ARM_GCC_493\Debug\Cm3Start.o (CyHalt)
.\CortexM3\ARM_GCC_493\Debug\Display.a(cyPm.o)
                              .\CortexM3\ARM_GCC_493\Debug\Display.a(CyLib.o) (CyPmReadStatus)
.\CortexM3\ARM_GCC_493\Debug\Display.a(LCD.o)
                              .\CortexM3\ARM_GCC_493\Debug\main.o (LCD_Start)
.\CortexM3\ARM_GCC_493\Debug\Display.a(LCD_CLK.o)
                              .\CortexM3\ARM_GCC_493\Debug\main.o (LCD_CLK_SetDividerRegister)
.\CortexM3\ARM_GCC_493\Debug\Display.a(OE.o)
                              .\CortexM3\ARM_GCC_493\Debug\camera_display.o (OE_Read)
.\CortexM3\ARM_GCC_493\Debug\Display.a(Camera.o)
                              .\CortexM3\ARM_GCC_493\Debug\main.o (Camera_WriteReg)
.\CortexM3\ARM_GCC_493\Debug\Display.a(Camera_DMA_dma.o)
                              .\CortexM3\ARM_GCC_493\Debug\Display.a(Camera.o) (Camera_DMA_DmaInitialize)
.\CortexM3\ARM_GCC_493\Debug\Display.a(Camera_VSYNC.o)
                              .\CortexM3\ARM_GCC_493\Debug\Display.a(Camera.o) (Camera_VSYNC_Read)
.\CortexM3\ARM_GCC_493\Debug\Display.a(Camera_I2C.o)
                              .\CortexM3\ARM_GCC_493\Debug\Display.a(Camera.o) (Camera_I2C_Start)
.\CortexM3\ARM_GCC_493\Debug\Display.a(Camera_I2C_INT.o)
                              .\CortexM3\ARM_GCC_493\Debug\Display.a(Camera_I2C.o) (Camera_I2C_ISR)
.\CortexM3\ARM_GCC_493\Debug\Display.a(Camera_I2C_PM.o)
                              .\CortexM3\ARM_GCC_493\Debug\Display.a(Camera_I2C.o) (Camera_I2C_backup)
.\CortexM3\ARM_GCC_493\Debug\Display.a(Camera_I2C_MASTER.o)
                              .\CortexM3\ARM_GCC_493\Debug\Display.a(Camera_I2C.o) (Camera_I2C_mstrStatus)
.\CortexM3\ARM_GCC_493\Debug\Display.a(Camera_end_line.o)
                              .\CortexM3\ARM_GCC_493\Debug\Display.a(Camera.o) (Camera_end_line_StartEx)
.\CortexM3\ARM_GCC_493\Debug\Display.a(Data_Out.o)
                              .\CortexM3\ARM_GCC_493\Debug\main.o (Data_Out_Write)
.\CortexM3\ARM_GCC_493\Debug\Display.a(LCD_DMA_dma.o)
                              .\CortexM3\ARM_GCC_493\Debug\camera_display.o (LCD_DMA_DmaInitialize)
.\CortexM3\ARM_GCC_493\Debug\Display.a(isr_1.o)
                              .\CortexM3\ARM_GCC_493\Debug\main.o (isr_1_StartEx)
.\CortexM3\ARM_GCC_493\Debug\Display.a(PWM_1.o)
                              .\CortexM3\ARM_GCC_493\Debug\main.o (PWM_1_WriteCompare1)
.\CortexM3\ARM_GCC_493\Debug\Display.a(SW1.o)
                              .\CortexM3\ARM_GCC_493\Debug\main.o (SW1_Read)
.\CortexM3\ARM_GCC_493\Debug\Display.a(PWM_Claw.o)
                              .\CortexM3\ARM_GCC_493\Debug\main.o (PWM_Claw_Enable)
.\CortexM3\ARM_GCC_493\Debug\Display.a(LCD_RD.o)
                              .\CortexM3\ARM_GCC_493\Debug\Display.a(LCD.o) (LCD_RD_Write)
.\CortexM3\ARM_GCC_493\Debug\Display.a(CyFlash.o)
                              .\CortexM3\ARM_GCC_493\Debug\Display.a(cyPm.o) (CyFlash_SetWaitCycles)
.\CortexM3\ARM_GCC_493\Debug\Display.a(CySpc.o)
                              .\CortexM3\ARM_GCC_493\Debug\Display.a(CyFlash.o) (CySpcStart)
.\CortexM3\ARM_GCC_493\Debug\Display.a(Camera_settings.o)
                              .\CortexM3\ARM_GCC_493\Debug\Display.a(Camera.o) (Camera_qvga)
c:/program files (x86)/cypress/psoc creator/3.3/psoc creator/import/gnu/arm/4.9.3/bin/../lib/gcc/arm-none-eabi/4.9.3/../../../../arm-none-eabi/lib/armv7-m\libg_nano.a(lib_a-errno.o)
                              .\CortexM3\ARM_GCC_493\Debug\Cm3Start.o (__errno)
c:/program files (x86)/cypress/psoc creator/3.3/psoc creator/import/gnu/arm/4.9.3/bin/../lib/gcc/arm-none-eabi/4.9.3/../../../../arm-none-eabi/lib/armv7-m\libg_nano.a(lib_a-exit.o)
                              c:/program files (x86)/cypress/psoc creator/3.3/psoc creator/import/gnu/arm/4.9.3/bin/../lib/gcc/arm-none-eabi/4.9.3/../../../../arm-none-eabi/lib/armv7-m/crt0.o (exit)
c:/program files (x86)/cypress/psoc creator/3.3/psoc creator/import/gnu/arm/4.9.3/bin/../lib/gcc/arm-none-eabi/4.9.3/../../../../arm-none-eabi/lib/armv7-m\libg_nano.a(lib_a-impure.o)
[...]
Memory Configuration

Name             Origin             Length             Attributes
rom              0x00000000         0x00040000         xr
ram              0x1fff8000         0x00010000         xrw
*default*        0x00000000         0xffffffff

Linker script and memory map

LOAD c:/program files (x86)/cypress/psoc creator/3.3/psoc creator/import/gnu/arm/4.9.3/bin/../lib/gcc/arm-none-eabi/4.9.3/armv7-m/crti.o
LOAD c:/program files (x86)/cypress/psoc creator/3.3/psoc creator/import/gnu/arm/4.9.3/bin/../lib/gcc/arm-none-eabi/4.9.3/armv7-m/crtbegin.o
LOAD c:/program files (x86)/cypress/psoc creator/3.3/psoc creator/import/gnu/arm/4.9.3/bin/../lib/gcc/arm-none-eabi/4.9.3/../../../../arm-none-eabi/lib/armv7-m/crt0.o
START GROUP
LOAD .\CortexM3\ARM_GCC_493\Debug\main.o
LOAD .\CortexM3\ARM_GCC_493\Debug\camera_display.o
LOAD .\CortexM3\ARM_GCC_493\Debug\cymetadata.o
LOAD .\CortexM3\ARM_GCC_493\Debug\Cm3Start.o
LOAD .\CortexM3\ARM_GCC_493\Debug\Display.a
LOAD C:\Program Files (x86)\Cypress\PSoC Creator\3.3\PSoC Creator\psoc\content\cycomponentlibrary\CyComponentLibrary.cylib\CortexM3\ARM_GCC_493\Debug\CyComponentLibrary.a
END GROUP
START GROUP
LOAD c:/program files (x86)/cypress/psoc creator/3.3/psoc creator/import/gnu/arm/4.9.3/bin/../lib/gcc/arm-none-eabi/4.9.3/armv7-m\libgcc.a
LOAD c:/program files (x86)/cypress/psoc creator/3.3/psoc creator/import/gnu/arm/4.9.3/bin/../lib/gcc/arm-none-eabi/4.9.3/../../../../arm-none-eabi/lib/armv7-m\libg_nano.a
LOAD c:/program files (x86)/cypress/psoc creator/3.3/psoc creator/import/gnu/arm/4.9.3/bin/../lib/gcc/arm-none-eabi/4.9.3/../../../../arm-none-eabi/lib/armv7-m\libc_nano.a
END GROUP
START GROUP
LOAD c:/program files (x86)/cypress/psoc creator/3.3/psoc creator/import/gnu/arm/4.9.3/bin/../lib/gcc/arm-none-eabi/4.9.3/armv7-m\libgcc.a
LOAD c:/program files (x86)/cypress/psoc creator/3.3/psoc creator/import/gnu/arm/4.9.3/bin/../lib/gcc/arm-none-eabi/4.9.3/../../../../arm-none-eabi/lib/armv7-m\libc_nano.a
END GROUP
LOAD c:/program files (x86)/cypress/psoc creator/3.3/psoc creator/import/gnu/arm/4.9.3/bin/../lib/gcc/arm-none-eabi/4.9.3/armv7-m/crtend.o
LOAD c:/program files (x86)/cypress/psoc creator/3.3/psoc creator/import/gnu/arm/4.9.3/bin/../lib/gcc/arm-none-eabi/4.9.3/armv7-m/crtn.o
START GROUP
LOAD c:/program files (x86)/cypress/psoc creator/3.3/psoc creator/import/gnu/arm/4.9.3/bin/../lib/gcc/arm-none-eabi/4.9.3/armv7-m\libgcc.a
LOAD c:/program files (x86)/cypress/psoc creator/3.3/psoc creator/import/gnu/arm/4.9.3/bin/../lib/gcc/arm-none-eabi/4.9.3/../../../../arm-none-eabi/lib/armv7-m\libc.a
LOAD c:/program files (x86)/cypress/psoc creator/3.3/psoc creator/import/gnu/arm/4.9.3/bin/../lib/gcc/arm-none-eabi/4.9.3/../../../../arm-none-eabi/lib/armv7-m\libnosys.a
END GROUP
                0x00000000                CY_APPL_ORIGIN = 0x0
                0x00000100                CY_FLASH_ROW_SIZE = 0x100
                0x00000020                CY_ECC_ROW_SIZE = 0x20
                0x00000000                CY_EE_IN_BTLDR = 0x0
                0x00000000                CY_APPL_LOADABLE = 0x0
                0x00000800                CY_EE_SIZE = 0x800
                0x00000001                CY_APPL_NUM = 0x1
                0x00000001                CY_APPL_MAX = 0x1
                0x00000040                CY_METADATA_SIZE = 0x40
                0x00000000                CY_APPL_LOADABLE = 0x0
                0x00000000                CY_CHECKSUM_EXCLUDE_SIZE = ALIGN (0x0, CY_FLASH_ROW_SIZE)
                0x1fff8940                PROVIDE (__cy_heap_start, _end)
                0x00000001                PROVIDE (__cy_region_num, ((__cy_regions_end - __cy_regions) / 0x10))
                0x20008000                PROVIDE (__cy_stack, (ORIGIN (ram) + 0x10000))
                0x20007800                PROVIDE (__cy_heap_end, (__cy_stack - 0x800))

.cybootloader   0x00000000        0x0
 *(.cybootloader)
                0x00000000                appl1_start = CY_APPL_ORIGIN?CY_APPL_ORIGIN:ALIGN (CY_FLASH_ROW_SIZE)
                0x0001ff00                appl2_start = (appl1_start + ALIGN ((((0x40000 - appl1_start) - (0x2 * CY_FLASH_ROW_SIZE)) / 0x2), CY_FLASH_ROW_SIZE))
                0x00000000                appl_start = (CY_APPL_NUM == 0x1)?appl1_start:appl2_start
                0x00000000                ecc_offset = ((appl_start / CY_FLASH_ROW_SIZE) * CY_ECC_ROW_SIZE)
                0x00000000                ee_offset = (CY_APPL_LOADABLE && ! (CY_EE_IN_BTLDR))?((CY_EE_SIZE / CY_APPL_MAX) * (CY_APPL_NUM - 0x1)):0x0
                0x00000800                ee_size = (CY_APPL_LOADABLE && ! (CY_EE_IN_BTLDR))?(CY_EE_SIZE / CY_APPL_MAX):CY_EE_SIZE
                0x00000000                PROVIDE (CY_ECC_OFFSET, ecc_offset)

.text           0x00000000     0x1466
 CREATE_OBJECT_SYMBOLS
                0x00000000                PROVIDE (__cy_interrupt_vector, RomVectors)
 *(.romvectors)
 .romvectors    0x00000000       0x10 .\CortexM3\ARM_GCC_493\Debug\Cm3Start.o
                0x00000000                RomVectors
                0x00000001                ASSERT ((. != __cy_interrupt_vector), No interrupt vector)
                0x00000001                ASSERT (CY_APPL_ORIGIN?(SIZEOF (.cybootloader) <= CY_APPL_ORIGIN):0x1, Wrong image location)
                0x00000010                PROVIDE (__cy_reset, Reset)
 *(.text.Reset)
 .text.Reset    0x00000010       0x18 .\CortexM3\ARM_GCC_493\Debug\Cm3Start.o
                0x00000010                Reset
                0x00000001                ASSERT ((. != __cy_reset), No reset code)
 *(.dma_init)
                0x00000001                ASSERT ((((appl_start + .) <= 0x10000) || 0x1), DMA Init must be within the first 64k of flash)
 *(.text .text.* .gnu.linkonce.t.*)
 .text          0x00000028       0x5c c:/program files (x86)/cypress/psoc creator/3.3/psoc creator/import/gnu/arm/4.9.3/bin/../lib/gcc/arm-none-eabi/4.9.3/armv7-m/crtbegin.o
 .text.ISR1Handler
                0x00000084       0x1c .\CortexM3\ARM_GCC_493\Debug\main.o
                0x00000084                ISR1Handler
 .text.BiDirPortOutPut
                0x000000a0        0xc .\CortexM3\ARM_GCC_493\Debug\main.o
                0x000000a0                BiDirPortOutPut
 .text.Beep     0x000000ac       0x3c .\CortexM3\ARM_GCC_493\Debug\main.o
                0x000000ac                Beep
 .text.LEDFlash
                0x000000e8       0x34 .\CortexM3\ARM_GCC_493\Debug\main.o
                0x000000e8                LEDFlash
 .text.InitialisationSequnce
                0x0000011c       0x80 .\CortexM3\ARM_GCC_493\Debug\main.o
                0x0000011c                InitialisationSequnce
 .text.PSOCReset
                0x0000019c       0x3c .\CortexM3\ARM_GCC_493\Debug\main.o
                0x0000019c                PSOCReset
 .text.ISRSetUp
                0x000001d8       0x14 .\CortexM3\ARM_GCC_493\Debug\main.o
                0x000001d8                ISRSetUp
 .text.VariablesInitialise
                0x000001ec        0xc .\CortexM3\ARM_GCC_493\Debug\main.o
                0x000001ec                VariablesInitialise
 .text.main     0x000001f8       0x90 .\CortexM3\ARM_GCC_493\Debug\main.o
                0x000001f8                main
 .text.LCD_DMA_Start
                0x00000288       0x4c .\CortexM3\ARM_GCC_493\Debug\camera_display.o
                0x00000288                LCD_DMA_Start
 .text.Camera_SetBlankTime
                0x000002d4       0x1c .\CortexM3\ARM_GCC_493\Debug\camera_display.o
                0x000002d4                Camera_SetBlankTime
 .text.IntDefaultHandler
                0x000002f0        0x4 .\CortexM3\ARM_GCC_493\Debug\Cm3Start.o
                0x000002f0                IntDefaultHandler
 .text.Start_c  0x000002f4       0x4c .\CortexM3\ARM_GCC_493\Debug\Cm3Start.o
                0x000002f4                Start_c
 .text.initialize_psoc
                0x00000340       0x78 .\CortexM3\ARM_GCC_493\Debug\Cm3Start.o
                0x00000340                initialize_psoc
 .text.CyClockStartupError
                0x000003b8        0x4 .\CortexM3\ARM_GCC_493\Debug\Display.a(cyfitter_cfg.o)
 .text.cfg_write_bytes32
                0x000003bc       0x34 .\CortexM3\ARM_GCC_493\Debug\Display.a(cyfitter_cfg.o)
 .text.AnalogSetDefault
                0x000003f0       0x28 .\CortexM3\ARM_GCC_493\Debug\Display.a(cyfitter_cfg.o)
 .text.ClockSetup
                0x00000418       0xe0 .\CortexM3\ARM_GCC_493\Debug\Display.a(cyfitter_cfg.o)
 .text.CYMEMZERO
                0x000004f8        0xc .\CortexM3\ARM_GCC_493\Debug\Display.a(cyfitter_cfg.o)
 .text.CYCONFIGCPY
                0x00000504        0x8 .\CortexM3\ARM_GCC_493\Debug\Display.a(cyfitter_cfg.o)
 .text.cyfitter_cfg
                0x0000050c      0x110 .\CortexM3\ARM_GCC_493\Debug\Display.a(cyfitter_cfg.o)
                0x0000050c                cyfitter_cfg
 .text.CS_Write
                0x0000061c       0x18 .\CortexM3\ARM_GCC_493\Debug\Display.a(CS.o)
                0x0000061c                CS_Write
 .text.CS_Read  0x00000634       0x10 .\CortexM3\ARM_GCC_493\Debug\Display.a(CS.o)
                0x00000634                CS_Read
 .text.RST_Write
                0x00000644       0x18 .\CortexM3\ARM_GCC_493\Debug\Display.a(RST.o)
                0x00000644                RST_Write
 *fill*         0x0000065c        0x4 
 .text          0x00000660       0x20 .\CortexM3\ARM_GCC_493\Debug\Display.a(CyBootAsmGnu.o)
                0x00000660                CyDelayCycles
                0x00000670                CyEnterCriticalSection
                0x00000678                CyExitCriticalSection
 .text.CyDmacConfigure
                0x00000680       0x34 .\CortexM3\ARM_GCC_493\Debug\Display.a(CyDmac.o)
                0x00000680                CyDmacConfigure
 .text.CyDmaChEnable
                0x000006b4       0x38 .\CortexM3\ARM_GCC_493\Debug\Display.a(CyDmac.o)
                0x000006b4                CyDmaChEnable
 .text.CyDmaClearPendingDrq
                0x000006ec       0x28 .\CortexM3\ARM_GCC_493\Debug\Display.a(CyDmac.o)
                0x000006ec                CyDmaClearPendingDrq
 .text.CyDmaChPriority
                0x00000714       0x24 .\CortexM3\ARM_GCC_493\Debug\Display.a(CyDmac.o)
                0x00000714                CyDmaChPriority
 .text.CyDmaChSetExtendedAddress
                0x00000738       0x34 .\CortexM3\ARM_GCC_493\Debug\Display.a(CyDmac.o)
                0x00000738                CyDmaChSetExtendedAddress
 .text.CyDmaChSetInitialTd
                0x0000076c       0x18 .\CortexM3\ARM_GCC_493\Debug\Display.a(CyDmac.o)
                0x0000076c                CyDmaChSetInitialTd
 .text.CyDmaChStatus
                0x00000784       0x30 .\CortexM3\ARM_GCC_493\Debug\Display.a(CyDmac.o)
                0x00000784                CyDmaChStatus
 .text.CyDmaChSetConfiguration
                0x000007b4       0x48 .\CortexM3\ARM_GCC_493\Debug\Display.a(CyDmac.o)
                0x000007b4                CyDmaChSetConfiguration
 .text.CyDmaTdAllocate
                0x000007fc       0x34 .\CortexM3\ARM_GCC_493\Debug\Display.a(CyDmac.o)
                0x000007fc                CyDmaTdAllocate
 .text.CyDmaTdSetConfiguration
                0x00000830       0x28 .\CortexM3\ARM_GCC_493\Debug\Display.a(CyDmac.o)
                0x00000830                CyDmaTdSetConfiguration
 .text.CyDmaTdSetAddress
                0x00000858       0x1c .\CortexM3\ARM_GCC_493\Debug\Display.a(CyDmac.o)
                0x00000858                CyDmaTdSetAddress
 .text.CyHalt   0x00000874        0x4 .\CortexM3\ARM_GCC_493\Debug\Display.a(CyLib.o)
                0x00000874                CyHalt
 .text.CyDelay  0x00000878       0x2c .\CortexM3\ARM_GCC_493\Debug\Display.a(CyLib.o)
                0x00000878                CyDelay
 .text.CyIntSetVector
                0x000008a4       0x28 .\CortexM3\ARM_GCC_493\Debug\Display.a(CyLib.o)
                0x000008a4                CyIntSetVector
 .text.CyIntSetPriority
                0x000008cc       0x30 .\CortexM3\ARM_GCC_493\Debug\Display.a(CyLib.o)
                0x000008cc                CyIntSetPriority
 .text.LCD_WriteReg
                0x000008fc       0x6c .\CortexM3\ARM_GCC_493\Debug\Display.a(LCD.o)
                0x000008fc                LCD_WriteReg
 .text.LCD_WriteArray
                0x00000968       0x78 .\CortexM3\ARM_GCC_493\Debug\Display.a(LCD.o)
                0x00000968                LCD_WriteArray
 .text.LCD_Start
                0x000009e0       0x98 .\CortexM3\ARM_GCC_493\Debug\Display.a(LCD.o)
                0x000009e0                LCD_Start
 .text.LCD_CLK_GetDividerRegister
                0x00000a78        0xc .\CortexM3\ARM_GCC_493\Debug\Display.a(LCD_CLK.o)
                0x00000a78                LCD_CLK_GetDividerRegister
 .text.LCD_CLK_GetSourceRegister
                0x00000a84       0x10 .\CortexM3\ARM_GCC_493\Debug\Display.a(LCD_CLK.o)
                0x00000a84                LCD_CLK_GetSourceRegister
 .text.LCD_CLK_SetDividerRegister
                0x00000a94       0xdc .\CortexM3\ARM_GCC_493\Debug\Display.a(LCD_CLK.o)
                0x00000a94                LCD_CLK_SetDividerRegister
 .text.Camera_WriteReg
                0x00000b70       0x24 .\CortexM3\ARM_GCC_493\Debug\Display.a(Camera.o)
                0x00000b70                Camera_WriteReg
 .text.Camera_Start
                0x00000b94       0xcc .\CortexM3\ARM_GCC_493\Debug\Display.a(Camera.o)
                0x00000b94                Camera_Start
 .text.Camera_DMA_DmaInitialize
                0x00000c60       0x3c .\CortexM3\ARM_GCC_493\Debug\Display.a(Camera_DMA_dma.o)
                0x00000c60                Camera_DMA_DmaInitialize
 .text.Camera_I2C_Init
                0x00000c9c       0x68 .\CortexM3\ARM_GCC_493\Debug\Display.a(Camera_I2C.o)
                0x00000c9c                Camera_I2C_Init
 .text.Camera_I2C_Enable
                0x00000d04       0x24 .\CortexM3\ARM_GCC_493\Debug\Display.a(Camera_I2C.o)
                0x00000d04                Camera_I2C_Enable
 .text.Camera_I2C_Start
                0x00000d28       0x28 .\CortexM3\ARM_GCC_493\Debug\Display.a(Camera_I2C.o)
                0x00000d28                Camera_I2C_Start
 .text.Camera_I2C_ISR
                0x00000d50      0x2cc .\CortexM3\ARM_GCC_493\Debug\Display.a(Camera_I2C_INT.o)
                0x00000d50                Camera_I2C_ISR
 .text.Camera_I2C_MasterSendStart
                0x0000101c       0x80 .\CortexM3\ARM_GCC_493\Debug\Display.a(Camera_I2C_MASTER.o)
                0x0000101c                Camera_I2C_MasterSendStart
 .text.Camera_I2C_MasterSendStop
                0x0000109c       0x38 .\CortexM3\ARM_GCC_493\Debug\Display.a(Camera_I2C_MASTER.o)
                0x0000109c                Camera_I2C_MasterSendStop
 .text.Camera_I2C_MasterWriteByte
                0x000010d4       0x58 .\CortexM3\ARM_GCC_493\Debug\Display.a(Camera_I2C_MASTER.o)
                0x000010d4                Camera_I2C_MasterWriteByte
 .text.Camera_end_line_SetVector
                0x0000112c        0xc .\CortexM3\ARM_GCC_493\Debug\Display.a(Camera_end_line.o)
                0x0000112c                Camera_end_line_SetVector
 .text.Camera_end_line_SetPriority
                0x00001138       0x10 .\CortexM3\ARM_GCC_493\Debug\Display.a(Camera_end_line.o)
                0x00001138                Camera_end_line_SetPriority
 .text.Camera_end_line_Enable
                0x00001148        0xc .\CortexM3\ARM_GCC_493\Debug\Display.a(Camera_end_line.o)
                0x00001148                Camera_end_line_Enable
 .text.Camera_end_line_Disable
                0x00001154        0xc .\CortexM3\ARM_GCC_493\Debug\Display.a(Camera_end_line.o)
                0x00001154                Camera_end_line_Disable
 .text.Camera_end_line_StartEx
                0x00001160       0x1c .\CortexM3\ARM_GCC_493\Debug\Display.a(Camera_end_line.o)
                0x00001160                Camera_end_line_StartEx
 .text.Data_Out_Write
                0x0000117c        0xc .\CortexM3\ARM_GCC_493\Debug\Display.a(Data_Out.o)
                0x0000117c                Data_Out_Write
 .text.LCD_DMA_DmaInitialize
                0x00001188       0x3c .\CortexM3\ARM_GCC_493\Debug\Display.a(LCD_DMA_dma.o)
                0x00001188                LCD_DMA_DmaInitialize
 .text.isr_1_SetVector
                0x000011c4        0xc .\CortexM3\ARM_GCC_493\Debug\Display.a(isr_1.o)
                0x000011c4                isr_1_SetVector
 .text.isr_1_SetPriority
                0x000011d0       0x10 .\CortexM3\ARM_GCC_493\Debug\Display.a(isr_1.o)
                0x000011d0                isr_1_SetPriority
 .text.isr_1_Enable
                0x000011e0        0xc .\CortexM3\ARM_GCC_493\Debug\Display.a(isr_1.o)
                0x000011e0                isr_1_Enable
 .text.isr_1_Disable
                0x000011ec        0xc .\CortexM3\ARM_GCC_493\Debug\Display.a(isr_1.o)
                0x000011ec                isr_1_Disable
 .text.isr_1_StartEx
                0x000011f8       0x1c .\CortexM3\ARM_GCC_493\Debug\Display.a(isr_1.o)
                0x000011f8                isr_1_StartEx
 .text.isr_1_ClearPending
                0x00001214        0xc .\CortexM3\ARM_GCC_493\Debug\Display.a(isr_1.o)
                0x00001214                isr_1_ClearPending
 .text.PWM_1_Enable
                0x00001220       0x10 .\CortexM3\ARM_GCC_493\Debug\Display.a(PWM_1.o)
                0x00001220                PWM_1_Enable
 .text.PWM_1_WriteCounter
                0x00001230        0xc .\CortexM3\ARM_GCC_493\Debug\Display.a(PWM_1.o)
                0x00001230                PWM_1_WriteCounter
 .text.PWM_1_WritePeriod
                0x0000123c        0xc .\CortexM3\ARM_GCC_493\Debug\Display.a(PWM_1.o)
                0x0000123c                PWM_1_WritePeriod
 .text.PWM_1_WriteCompare1
                0x00001248        0xc .\CortexM3\ARM_GCC_493\Debug\Display.a(PWM_1.o)
                0x00001248                PWM_1_WriteCompare1
 .text.PWM_1_WriteCompare2
                0x00001254        0xc .\CortexM3\ARM_GCC_493\Debug\Display.a(PWM_1.o)
                0x00001254                PWM_1_WriteCompare2
 .text.PWM_1_SetInterruptMode
                0x00001260        0xc .\CortexM3\ARM_GCC_493\Debug\Display.a(PWM_1.o)
                0x00001260                PWM_1_SetInterruptMode
 .text.PWM_1_ReadStatusRegister
                0x0000126c        0xc .\CortexM3\ARM_GCC_493\Debug\Display.a(PWM_1.o)
                0x0000126c                PWM_1_ReadStatusRegister
 .text.PWM_1_ReadCapture
                0x00001278        0xc .\CortexM3\ARM_GCC_493\Debug\Display.a(PWM_1.o)
                0x00001278                PWM_1_ReadCapture
 .text.PWM_1_ClearFIFO
                0x00001284       0x14 .\CortexM3\ARM_GCC_493\Debug\Display.a(PWM_1.o)
                0x00001284                PWM_1_ClearFIFO
 .text.PWM_1_Init
                0x00001298       0x58 .\CortexM3\ARM_GCC_493\Debug\Display.a(PWM_1.o)
                0x00001298                PWM_1_Init
 .text.PWM_1_Start
                0x000012f0       0x1c .\CortexM3\ARM_GCC_493\Debug\Display.a(PWM_1.o)
                0x000012f0                PWM_1_Start
 .text.PWM_Claw_Enable
                0x0000130c       0x10 .\CortexM3\ARM_GCC_493\Debug\Display.a(PWM_Claw.o)
                0x0000130c                PWM_Claw_Enable
 .text.PWM_Claw_WriteCounter
                0x0000131c        0xc .\CortexM3\ARM_GCC_493\Debug\Display.a(PWM_Claw.o)
                0x0000131c                PWM_Claw_WriteCounter
 .text.PWM_Claw_WritePeriod
                0x00001328        0xc .\CortexM3\ARM_GCC_493\Debug\Display.a(PWM_Claw.o)
                0x00001328                PWM_Claw_WritePeriod
 .text.PWM_Claw_WriteCompare
                0x00001334        0xc .\CortexM3\ARM_GCC_493\Debug\Display.a(PWM_Claw.o)
                0x00001334                PWM_Claw_WriteCompare
 .text.PWM_Claw_SetInterruptMode
                0x00001340        0xc .\CortexM3\ARM_GCC_493\Debug\Display.a(PWM_Claw.o)
                0x00001340                PWM_Claw_SetInterruptMode
 .text.PWM_Claw_ReadStatusRegister
                0x0000134c        0xc .\CortexM3\ARM_GCC_493\Debug\Display.a(PWM_Claw.o)
                0x0000134c                PWM_Claw_ReadStatusRegister
 .text.PWM_Claw_ReadCapture
                0x00001358        0xc .\CortexM3\ARM_GCC_493\Debug\Display.a(PWM_Claw.o)
                0x00001358                PWM_Claw_ReadCapture
 .text.PWM_Claw_ClearFIFO
                0x00001364       0x14 .\CortexM3\ARM_GCC_493\Debug\Display.a(PWM_Claw.o)
                0x00001364                PWM_Claw_ClearFIFO
 .text.PWM_Claw_Init
                0x00001378       0x60 .\CortexM3\ARM_GCC_493\Debug\Display.a(PWM_Claw.o)
                0x00001378                PWM_Claw_Init
 .text.PWM_Claw_Start
                0x000013d8       0x1c .\CortexM3\ARM_GCC_493\Debug\Display.a(PWM_Claw.o)
                0x000013d8                PWM_Claw_Start
 .text.__libc_init_array
                0x000013f4       0x4c c:/program files (x86)/cypress/psoc creator/3.3/psoc creator/import/gnu/arm/4.9.3/bin/../lib/gcc/arm-none-eabi/4.9.3/../../../../arm-none-eabi/lib/armv7-m\libg_nano.a(lib_a-init.o)
                0x000013f4                __libc_init_array
 .text.memcpy   0x00001440       0x16 c:/program files (x86)/cypress/psoc creator/3.3/psoc creator/import/gnu/arm/4.9.3/bin/../lib/gcc/arm-none-eabi/4.9.3/../../../../arm-none-eabi/lib/armv7-m\libg_nano.a(lib_a-memcpy.o)
                0x00001440                memcpy
 .text.memset   0x00001456       0x10 c:/program files (x86)/cypress/psoc creator/3.3/psoc creator/import/gnu/arm/4.9.3/bin/../lib/gcc/arm-none-eabi/4.9.3/../../../../arm-none-eabi/lib/armv7-m\libg_nano.a(lib_a-memset.o)
                0x00001456                memset
 *(.plt)
 *(.gnu.warning)
 *(.glue_7t)
 .glue_7t       0x00000000        0x0 linker stubs
 *(.glue_7)
 .glue_7        0x00000000        0x0 linker stubs
 *(.vfp11_veneer)
 .vfp11_veneer  0x00000000        0x0 linker stubs
 *(.bootloader)
 *(.ARM.extab* .gnu.linkonce.armextab.*)
 *(.gcc_except_table)

.v4_bx          0x00001468        0x0
 .v4_bx         0x00000000        0x0 linker stubs

.iplt           0x00001468        0x0
 .iplt          0x00000000        0x0 c:/program files (x86)/cypress/psoc creator/3.3/psoc creator/import/gnu/arm/4.9.3/bin/../lib/gcc/arm-none-eabi/4.9.3/armv7-m/crtbegin.o

.eh_frame_hdr
 *(.eh_frame_hdr)

.eh_frame       0x00001468        0x4
 *(.eh_frame)
 .eh_frame      0x00001468        0x0 c:/program files (x86)/cypress/psoc creator/3.3/psoc creator/import/gnu/arm/4.9.3/bin/../lib/gcc/arm-none-eabi/4.9.3/armv7-m/crtbegin.o
 .eh_frame      0x00001468        0x4 c:/program files (x86)/cypress/psoc creator/3.3/psoc creator/import/gnu/arm/4.9.3/bin/../lib/gcc/arm-none-eabi/4.9.3/armv7-m/crtend.o
                0x0000146c                PROVIDE (__exidx_start, .)

.ARM.exidx
 *(.ARM.exidx* .gnu.linkonce.armexidx.*)
                0x0000146c                __exidx_end = .

.rodata         0x0000146c      0x13c
 *(.rodata .rodata.* .gnu.linkonce.r.*)
 .rodata        0x0000146c       0x30 .\CortexM3\ARM_GCC_493\Debug\Display.a(cyfitter_cfg.o)
 .rodata        0x0000149c       0x20 .\CortexM3\ARM_GCC_493\Debug\Display.a(LCD.o)
 .rodata        0x000014bc       0xb8 .\CortexM3\ARM_GCC_493\Debug\Display.a(Camera_settings.o)
                0x000014bc                Camera_qcif
                0x000014c8                Camera_cif
                0x000014d4                Camera_qvga
                0x000014e0                Camera_vga
                0x000014ec                Camera_sxga
                0x000014f8                Camera_format
                0x00001508                Camera_settings
                0x00001574                . = ALIGN (0x4)
 *(.init)
 .init          0x00001574        0x4 c:/program files (x86)/cypress/psoc creator/3.3/psoc creator/import/gnu/arm/4.9.3/bin/../lib/gcc/arm-none-eabi/4.9.3/armv7-m/crti.o
                0x00001574                _init
 .init          0x00001578        0x8 c:/program files (x86)/cypress/psoc creator/3.3/psoc creator/import/gnu/arm/4.9.3/bin/../lib/gcc/arm-none-eabi/4.9.3/armv7-m/crtn.o
                0x00001580                . = ALIGN (0x4)
                0x00001580                __preinit_array_start = .
 *(.preinit_array)
                0x00001580                __preinit_array_end = .
                0x00001580                . = ALIGN (0x4)
                0x00001580                __init_array_start = .
 *(SORT(.init_array.*))
 *(.init_array)
 .init_array    0x00001580        0x4 c:/program files (x86)/cypress/psoc creator/3.3/psoc creator/import/gnu/arm/4.9.3/bin/../lib/gcc/arm-none-eabi/4.9.3/armv7-m/crtbegin.o
 .init_array    0x00001584        0x4 .\CortexM3\ARM_GCC_493\Debug\Cm3Start.o
                0x00001588                __init_array_end = .
                0x00001588                . = ALIGN (0x4)
 *(.fini)
 .fini          0x00001588        0x4 c:/program files (x86)/cypress/psoc creator/3.3/psoc creator/import/gnu/arm/4.9.3/bin/../lib/gcc/arm-none-eabi/4.9.3/armv7-m/crti.o
                0x00001588                _fini
 .fini          0x0000158c        0x8 c:/program files (x86)/cypress/psoc creator/3.3/psoc creator/import/gnu/arm/4.9.3/bin/../lib/gcc/arm-none-eabi/4.9.3/armv7-m/crtn.o
                0x00001594                . = ALIGN (0x4)
                0x00001594                __fini_array_start = .
 *(.fini_array)
 .fini_array    0x00001594        0x4 c:/program files (x86)/cypress/psoc creator/3.3/psoc creator/import/gnu/arm/4.9.3/bin/../lib/gcc/arm-none-eabi/4.9.3/armv7-m/crtbegin.o
 *(SORT(.fini_array.*))
                0x00001598                __fini_array_end = .
                0x00001598                . = ALIGN (0x4)
 *crtbegin.o(.ctors)
 *(EXCLUDE_FILE(*crtend.o) .ctors)
 *(SORT(.ctors.*))
 *crtend.o(.ctors)
                0x00001598                . = ALIGN (0x4)
 *crtbegin.o(.dtors)
 *(EXCLUDE_FILE(*crtend.o) .dtors)
 *(SORT(.dtors.*))
 *crtend.o(.dtors)
                0x00001598                . = ALIGN (0x4)
                0x00001598                __cy_regions = .
                0x00001598        0x4 LONG 0x15a8 __cy_region_init_ram
                0x0000159c        0x4 LONG 0x1fff8108 __cy_region_start_data
                0x000015a0        0x4 LONG 0x1a0 __cy_region_init_size_ram
                0x000015a4        0x4 LONG 0x698 __cy_region_zero_size_ram
                0x000015a8                __cy_regions_end = .
                0x000015a8                . = ALIGN (0x8)
                0x000015a8                _etext = .

.cy_checksum_exclude
                0x000015a8        0x0
 *(.cy_checksum_exclude)

.ramvectors     0x1fff8000      0x100
                0x1fff8000                __cy_region_start_ram = .
 *(.ramvectors)
 .ramvectors    0x1fff8000      0x100 .\CortexM3\ARM_GCC_493\Debug\Cm3Start.o
                0x1fff8000                CyRamVectors

.noinit         0x1fff8100        0x5
 *(.noinit)
 .noinit        0x1fff8100        0x4 .\CortexM3\ARM_GCC_493\Debug\Cm3Start.o
 .noinit        0x1fff8104        0x1 .\CortexM3\ARM_GCC_493\Debug\Display.a(CyLib.o)
                0x1fff8104                CyResetStatus

.data           0x1fff8108      0x1a0 load address 0x000015a8
                0x1fff8108                __cy_region_start_data = .
 *(.jcr)
 .jcr           0x1fff8108        0x0 c:/program files (x86)/cypress/psoc creator/3.3/psoc creator/import/gnu/arm/4.9.3/bin/../lib/gcc/arm-none-eabi/4.9.3/armv7-m/crtbegin.o
 .jcr           0x1fff8108        0x4 c:/program files (x86)/cypress/psoc creator/3.3/psoc creator/import/gnu/arm/4.9.3/bin/../lib/gcc/arm-none-eabi/4.9.3/armv7-m/crtend.o
 *(.got.plt)
 *(.got)
 *(.shdata)
 *(.data .data.* .gnu.linkonce.d.*)
 .data          0x1fff810c        0x8 .\CortexM3\ARM_GCC_493\Debug\Display.a(CyDmac.o)
 .data          0x1fff8114       0x10 .\CortexM3\ARM_GCC_493\Debug\Display.a(CyLib.o)
                0x1fff8114                cydelay_32k_ms
                0x1fff8118                cydelay_freq_khz
                0x1fff811c                cydelay_freq_mhz
                0x1fff8120                cydelay_freq_hz
 .data          0x1fff8124        0x1 .\CortexM3\ARM_GCC_493\Debug\Display.a(Camera_DMA_dma.o)
                0x1fff8124                Camera_DMA_DmaHandle
 .data          0x1fff8125        0x1 .\CortexM3\ARM_GCC_493\Debug\Display.a(LCD_DMA_dma.o)
                0x1fff8125                LCD_DMA_DmaHandle
                0x1fff8128                . = ALIGN (0x8)
 *fill*         0x1fff8126        0x2 
 *(.ram)
 .ram           0x1fff8128      0x140 .\CortexM3\ARM_GCC_493\Debug\camera_display.o
                0x1fff8234                Camera_end_line
 .ram.__stub    0x1fff8268       0x40 linker stubs
                0x1fff82a8                _edata = .

.igot.plt       0x1fff82a8        0x0 load address 0x00001748
 .igot.plt      0x00000000        0x0 c:/program files (x86)/cypress/psoc creator/3.3/psoc creator/import/gnu/arm/4.9.3/bin/../lib/gcc/arm-none-eabi/4.9.3/armv7-m/crtbegin.o

.bss            0x1fff82a8      0x698 load address 0x00001748
                0x1fff82a8                PROVIDE (__bss_start__, .)
 *(.shbss)
 *(.bss .bss.* .gnu.linkonce.b.*)
 .bss           0x1fff82a8       0x1c c:/program files (x86)/cypress/psoc creator/3.3/psoc creator/import/gnu/arm/4.9.3/bin/../lib/gcc/arm-none-eabi/4.9.3/armv7-m/crtbegin.o
 .bss           0x1fff82c4      0x3c8 .\CortexM3\ARM_GCC_493\Debug\camera_display.o
 .bss           0x1fff868c        0x2 .\CortexM3\ARM_GCC_493\Debug\Display.a(Camera.o)
 .bss           0x1fff868e        0x1 .\CortexM3\ARM_GCC_493\Debug\Display.a(Camera_I2C.o)
                0x1fff868e                Camera_I2C_initVar
 .bss           0x1fff868f        0x1 .\CortexM3\ARM_GCC_493\Debug\Display.a(PWM_1.o)
                0x1fff868f                PWM_1_initVar
 .bss           0x1fff8690        0x1 .\CortexM3\ARM_GCC_493\Debug\Display.a(PWM_Claw.o)
                0x1fff8690                PWM_Claw_initVar
 *(COMMON)
 *fill*         0x1fff8691        0x3 
 COMMON         0x1fff8694      0x294 .\CortexM3\ARM_GCC_493\Debug\main.o
                0x1fff8694                OnOff
                0x1fff8698                b
                0x1fff869c                AD0Data
                0x1fff86a0                c
                0x1fff86a4                Camera_linebuffer
                0x1fff8924                a
 COMMON         0x1fff8928        0x1 .\CortexM3\ARM_GCC_493\Debug\Display.a(Camera_I2C.o)
                0x1fff8928                Camera_I2C_state
 *fill*         0x1fff8929        0x3 
 COMMON         0x1fff892c       0x11 .\CortexM3\ARM_GCC_493\Debug\Display.a(Camera_I2C_MASTER.o)
                0x1fff892c                Camera_I2C_mstrWrBufSize
                0x1fff892d                Camera_I2C_mstrRdBufIndex
                0x1fff892e                Camera_I2C_mstrRdBufSize
                0x1fff892f                Camera_I2C_mstrControl
                0x1fff8930                Camera_I2C_mstrWrBufPtr
                0x1fff8934                Camera_I2C_mstrWrBufIndex
                0x1fff8938                Camera_I2C_mstrRdBufPtr
                0x1fff893c                Camera_I2C_mstrStatus
                0x1fff8940                . = ALIGN (0x8)
 *fill*         0x1fff893d        0x3 
 *(.ram.b)
                0x1fff8940                _end = .
                0x1fff8940                __end = .
                0x1fff8940                PROVIDE (end, .)
                0x1fff8940                PROVIDE (__bss_end__, .)
                0x000015a8                __cy_region_init_ram = LOADADDR (.data)
                0x000001a0                __cy_region_init_size_ram = (_edata - ADDR (.data))
                0x00000698                __cy_region_zero_size_ram = (_end - _edata)

.heap           0x1fff8940       0x80 load address 0x00001748
                0x1fff8940                . = _end
                0x1fff89c0                . = (. + 0x80)
 *fill*         0x1fff8940       0x80 
                0x1fff89c0                __cy_heap_limit = .

.stack          0x20007800      0x800
                0x20007800                __cy_stack_limit = .
                0x20008000                . = (. + 0x800)
 *fill*         0x20007800      0x800 
                0x00000001                ASSERT ((__cy_stack_limit >= __cy_heap_limit), region RAM overflowed with stack)
                0x00000000                cy_checksum_exclude_size = (CY_APPL_LOADABLE == 0x1)?SIZEOF (.cy_checksum_exclude):0x0
                0x00000001                ASSERT ((cy_checksum_exclude_size <= CY_CHECKSUM_EXCLUDE_SIZE), CY_BOOT: Section .cy_checksum_exclude size exceedes specified limit.)

.cyloadermeta
 *(.cyloadermeta)

.cyloadablemeta
 *(.cyloadablemeta)

.cyconfigecc    0x80000000      0x5b8
 *(.cyconfigecc)
 .cyconfigecc   0x80000000      0x5b8 .\CortexM3\ARM_GCC_493\Debug\cymetadata.o
                0x80000000                cy_meta_configecc

.cycustnvl      0x90000000        0x4
 *(.cycustnvl)
 .cycustnvl     0x90000000        0x4 .\CortexM3\ARM_GCC_493\Debug\cymetadata.o
                0x90000000                cy_meta_custnvl

.cywolatch      0x90100000        0x4
 *(.cywolatch)
 .cywolatch     0x90100000        0x4 .\CortexM3\ARM_GCC_493\Debug\cymetadata.o
                0x90100000                cy_meta_wonvl

.cyeeprom       0x90200000        0x0
 *(.cyeeprom)
                0x00000001                ASSERT ((. <= ((0x90200000 + ee_offset) + ee_size)), .cyeeprom data will not fit in EEPROM)

.cyflashprotect
                0x90400000      0x100
 *(.cyflashprotect)
 .cyflashprotect
                0x90400000      0x100 .\CortexM3\ARM_GCC_493\Debug\cymetadata.o
                0x90400000                cy_meta_flashprotect

.cymeta         0x90500000        0xc
 *(.cymeta)
 .cymeta        0x90500000        0xc .\CortexM3\ARM_GCC_493\Debug\cymetadata.o
                0x90500000                cy_metadata

.rel.dyn        0x00001748        0x0 load address 0x9050000c
 .rel.iplt      0x00000000        0x0 c:/program files (x86)/cypress/psoc creator/3.3/psoc creator/import/gnu/arm/4.9.3/bin/../lib/gcc/arm-none-eabi/4.9.3/armv7-m/crtbegin.o

.stab
 *(.stab)

.stabstr
 *(.stabstr)

.debug
 *(.debug)

.line
 *(.line)

.debug_srcinfo
 *(.debug_srcinfo)

.debug_sfnames
 *(.debug_sfnames)

.debug_aranges  0x00000000      0xcd8
 *(.debug_aranges)
 .debug_aranges
                0x00000000       0x90 .\CortexM3\ARM_GCC_493\Debug\main.o
 .debug_aranges
                0x00000090       0x48 .\CortexM3\ARM_GCC_493\Debug\camera_display.o
 .debug_aranges
                0x000000d8       0x18 .\CortexM3\ARM_GCC_493\Debug\cymetadata.o
 .debug_aranges
                0x000000f0       0x48 .\CortexM3\ARM_GCC_493\Debug\Cm3Start.o
 .debug_aranges
                0x00000138       0x58 .\CortexM3\ARM_GCC_493\Debug\Display.a(cyfitter_cfg.o)
 .debug_aranges
                0x00000190       0x38 .\CortexM3\ARM_GCC_493\Debug\Display.a(CS.o)
 .debug_aranges
                0x000001c8       0x38 .\CortexM3\ARM_GCC_493\Debug\Display.a(RST.o)
 .debug_aranges
                0x00000200       0x20 .\CortexM3\ARM_GCC_493\Debug\Display.a(CyBootAsmGnu.o)
 .debug_aranges
                0x00000220       0xd8 .\CortexM3\ARM_GCC_493\Debug\Display.a(CyDmac.o)
 .debug_aranges
                0x000002f8      0x298 .\CortexM3\ARM_GCC_493\Debug\Display.a(CyLib.o)
 .debug_aranges
                0x00000590       0x98 .\CortexM3\ARM_GCC_493\Debug\Display.a(cyPm.o)
 .debug_aranges
                0x00000628       0x60 .\CortexM3\ARM_GCC_493\Debug\Display.a(LCD.o)
 .debug_aranges
                0x00000688       0x70 .\CortexM3\ARM_GCC_493\Debug\Display.a(LCD_CLK.o)
 .debug_aranges
                0x000006f8       0x28 .\CortexM3\ARM_GCC_493\Debug\Display.a(OE.o)
 .debug_aranges
                0x00000720       0x38 .\CortexM3\ARM_GCC_493\Debug\Display.a(Camera.o)
 .debug_aranges
                0x00000758       0x28 .\CortexM3\ARM_GCC_493\Debug\Display.a(Camera_DMA_dma.o)
 .debug_aranges
                0x00000780       0x38 .\CortexM3\ARM_GCC_493\Debug\Display.a(Camera_VSYNC.o)
 .debug_aranges
                0x000007b8       0x38 .\CortexM3\ARM_GCC_493\Debug\Display.a(Camera_I2C.o)
 .debug_aranges
                0x000007f0       0x20 .\CortexM3\ARM_GCC_493\Debug\Display.a(Camera_I2C_INT.o)
 .debug_aranges
                0x00000810       0x38 .\CortexM3\ARM_GCC_493\Debug\Display.a(Camera_I2C_PM.o)
 .debug_aranges
                0x00000848       0x80 .\CortexM3\ARM_GCC_493\Debug\Display.a(Camera_I2C_MASTER.o)
 .debug_aranges
                0x000008c8       0x80 .\CortexM3\ARM_GCC_493\Debug\Display.a(Camera_end_line.o)
 .debug_aranges
                0x00000948       0x28 .\CortexM3\ARM_GCC_493\Debug\Display.a(Data_Out.o)
 .debug_aranges
                0x00000970       0x28 .\CortexM3\ARM_GCC_493\Debug\Display.a(LCD_DMA_dma.o)
 .debug_aranges
                0x00000998       0x80 .\CortexM3\ARM_GCC_493\Debug\Display.a(isr_1.o)
 .debug_aranges
                0x00000a18       0xa8 .\CortexM3\ARM_GCC_493\Debug\Display.a(PWM_1.o)
 .debug_aranges
                0x00000ac0       0x38 .\CortexM3\ARM_GCC_493\Debug\Display.a(SW1.o)
 .debug_aranges
                0x00000af8       0x98 .\CortexM3\ARM_GCC_493\Debug\Display.a(PWM_Claw.o)
 .debug_aranges
                0x00000b90       0x38 .\CortexM3\ARM_GCC_493\Debug\Display.a(LCD_RD.o)
 .debug_aranges
                0x00000bc8       0x80 .\CortexM3\ARM_GCC_493\Debug\Display.a(CyFlash.o)
 .debug_aranges
                0x00000c48       0x78 .\CortexM3\ARM_GCC_493\Debug\Display.a(CySpc.o)
 .debug_aranges
                0x00000cc0       0x18 .\CortexM3\ARM_GCC_493\Debug\Display.a(Camera_settings.o)

.debug_pubnames
 *(.debug_pubnames)

.debug_info     0x00000000     0x7d83
 *(.debug_info .gnu.linkonce.wi.*)
 .debug_info    0x00000000      0x8e8 .\CortexM3\ARM_GCC_493\Debug\main.o
 .debug_info    0x000008e8      0x61a .\CortexM3\ARM_GCC_493\Debug\camera_display.o
 .debug_info    0x00000f02      0x13c .\CortexM3\ARM_GCC_493\Debug\cymetadata.o
 .debug_info    0x0000103e      0x3af .\CortexM3\ARM_GCC_493\Debug\Cm3Start.o
 .debug_info    0x000013ed      0x555 .\CortexM3\ARM_GCC_493\Debug\Display.a(cyfitter_cfg.o)
 .debug_info    0x00001942      0x11f .\CortexM3\ARM_GCC_493\Debug\Display.a(CS.o)
 .debug_info    0x00001a61      0x11f .\CortexM3\ARM_GCC_493\Debug\Display.a(RST.o)
 .debug_info    0x00001b80       0x88 .\CortexM3\ARM_GCC_493\Debug\Display.a(CyBootAsmGnu.o)
 .debug_info    0x00001c08      0x944 .\CortexM3\ARM_GCC_493\Debug\Display.a(CyDmac.o)
 .debug_info    0x0000254c     0x136f .\CortexM3\ARM_GCC_493\Debug\Display.a(CyLib.o)
 .debug_info    0x000038bb      0xa57 .\CortexM3\ARM_GCC_493\Debug\Display.a(cyPm.o)
 .debug_info    0x00004312      0x710 .\CortexM3\ARM_GCC_493\Debug\Display.a(LCD.o)
 .debug_info    0x00004a22      0x283 .\CortexM3\ARM_GCC_493\Debug\Display.a(LCD_CLK.o)
 .debug_info    0x00004ca5       0xd6 .\CortexM3\ARM_GCC_493\Debug\Display.a(OE.o)
 .debug_info    0x00004d7b      0x536 .\CortexM3\ARM_GCC_493\Debug\Display.a(Camera.o)
 .debug_info    0x000052b1      0x1fd .\CortexM3\ARM_GCC_493\Debug\Display.a(Camera_DMA_dma.o)
 .debug_info    0x000054ae      0x11f .\CortexM3\ARM_GCC_493\Debug\Display.a(Camera_VSYNC.o)
 .debug_info    0x000055cd      0x2d9 .\CortexM3\ARM_GCC_493\Debug\Display.a(Camera_I2C.o)
 .debug_info    0x000058a6      0x17f .\CortexM3\ARM_GCC_493\Debug\Display.a(Camera_I2C_INT.o)
 .debug_info    0x00005a25      0x1fe .\CortexM3\ARM_GCC_493\Debug\Display.a(Camera_I2C_PM.o)
 .debug_info    0x00005c23      0x400 .\CortexM3\ARM_GCC_493\Debug\Display.a(Camera_I2C_MASTER.o)
 .debug_info    0x00006023      0x2cb .\CortexM3\ARM_GCC_493\Debug\Display.a(Camera_end_line.o)
 .debug_info    0x000062ee       0xd6 .\CortexM3\ARM_GCC_493\Debug\Display.a(Data_Out.o)
 .debug_info    0x000063c4      0x1fd .\CortexM3\ARM_GCC_493\Debug\Display.a(LCD_DMA_dma.o)
 .debug_info    0x000065c1      0x2cb .\CortexM3\ARM_GCC_493\Debug\Display.a(isr_1.o)
 .debug_info    0x0000688c      0x37e .\CortexM3\ARM_GCC_493\Debug\Display.a(PWM_1.o)
 .debug_info    0x00006c0a      0x11f .\CortexM3\ARM_GCC_493\Debug\Display.a(SW1.o)
 .debug_info    0x00006d29      0x34d .\CortexM3\ARM_GCC_493\Debug\Display.a(PWM_Claw.o)
 .debug_info    0x00007076      0x11f .\CortexM3\ARM_GCC_493\Debug\Display.a(LCD_RD.o)
 .debug_info    0x00007195      0x608 .\CortexM3\ARM_GCC_493\Debug\Display.a(CyFlash.o)
 .debug_info    0x0000779d      0x4ea .\CortexM3\ARM_GCC_493\Debug\Display.a(CySpc.o)
 .debug_info    0x00007c87       0xfc .\CortexM3\ARM_GCC_493\Debug\Display.a(Camera_settings.o)

.debug_abbrev   0x00000000     0x26e8
 *(.debug_abbrev)
 .debug_abbrev  0x00000000      0x1c6 .\CortexM3\ARM_GCC_493\Debug\main.o
 .debug_abbrev  0x000001c6      0x1ef .\CortexM3\ARM_GCC_493\Debug\camera_display.o
 .debug_abbrev  0x000003b5       0x77 .\CortexM3\ARM_GCC_493\Debug\cymetadata.o
 .debug_abbrev  0x0000042c      0x200 .\CortexM3\ARM_GCC_493\Debug\Cm3Start.o
 .debug_abbrev  0x0000062c      0x203 .\CortexM3\ARM_GCC_493\Debug\Display.a(cyfitter_cfg.o)
 .debug_abbrev  0x0000082f       0x90 .\CortexM3\ARM_GCC_493\Debug\Display.a(CS.o)
 .debug_abbrev  0x000008bf       0x90 .\CortexM3\ARM_GCC_493\Debug\Display.a(RST.o)
 .debug_abbrev  0x0000094f       0x14 .\CortexM3\ARM_GCC_493\Debug\Display.a(CyBootAsmGnu.o)
 .debug_abbrev  0x00000963      0x1cc .\CortexM3\ARM_GCC_493\Debug\Display.a(CyDmac.o)
 .debug_abbrev  0x00000b2f      0x296 .\CortexM3\ARM_GCC_493\Debug\Display.a(CyLib.o)
 .debug_abbrev  0x00000dc5      0x1ed .\CortexM3\ARM_GCC_493\Debug\Display.a(cyPm.o)
 .debug_abbrev  0x00000fb2      0x1b7 .\CortexM3\ARM_GCC_493\Debug\Display.a(LCD.o)
 .debug_abbrev  0x00001169      0x139 .\CortexM3\ARM_GCC_493\Debug\Display.a(LCD_CLK.o)
 .debug_abbrev  0x000012a2       0x81 .\CortexM3\ARM_GCC_493\Debug\Display.a(OE.o)
 .debug_abbrev  0x00001323      0x1cb .\CortexM3\ARM_GCC_493\Debug\Display.a(Camera.o)
 .debug_abbrev  0x000014ee       0xeb .\CortexM3\ARM_GCC_493\Debug\Display.a(Camera_DMA_dma.o)
 .debug_abbrev  0x000015d9       0x90 .\CortexM3\ARM_GCC_493\Debug\Display.a(Camera_VSYNC.o)
 .debug_abbrev  0x00001669      0x15c .\CortexM3\ARM_GCC_493\Debug\Display.a(Camera_I2C.o)
 .debug_abbrev  0x000017c5       0xbd .\CortexM3\ARM_GCC_493\Debug\Display.a(Camera_I2C_INT.o)
 .debug_abbrev  0x00001882      0x12b .\CortexM3\ARM_GCC_493\Debug\Display.a(Camera_I2C_PM.o)
 .debug_abbrev  0x000019ad      0x13c .\CortexM3\ARM_GCC_493\Debug\Display.a(Camera_I2C_MASTER.o)
 .debug_abbrev  0x00001ae9      0x173 .\CortexM3\ARM_GCC_493\Debug\Display.a(Camera_end_line.o)
 .debug_abbrev  0x00001c5c       0x81 .\CortexM3\ARM_GCC_493\Debug\Display.a(Data_Out.o)
 .debug_abbrev  0x00001cdd       0xeb .\CortexM3\ARM_GCC_493\Debug\Display.a(LCD_DMA_dma.o)
 .debug_abbrev  0x00001dc8      0x173 .\CortexM3\ARM_GCC_493\Debug\Display.a(isr_1.o)
 .debug_abbrev  0x00001f3b      0x14d .\CortexM3\ARM_GCC_493\Debug\Display.a(PWM_1.o)
 .debug_abbrev  0x00002088       0x90 .\CortexM3\ARM_GCC_493\Debug\Display.a(SW1.o)
 .debug_abbrev  0x00002118      0x14d .\CortexM3\ARM_GCC_493\Debug\Display.a(PWM_Claw.o)
 .debug_abbrev  0x00002265       0x90 .\CortexM3\ARM_GCC_493\Debug\Display.a(LCD_RD.o)
 .debug_abbrev  0x000022f5      0x1ed .\CortexM3\ARM_GCC_493\Debug\Display.a(CyFlash.o)
 .debug_abbrev  0x000024e2      0x1c1 .\CortexM3\ARM_GCC_493\Debug\Display.a(CySpc.o)
 .debug_abbrev  0x000026a3       0x45 .\CortexM3\ARM_GCC_493\Debug\Display.a(Camera_settings.o)

.debug_line     0x00000000     0x34bc
 *(.debug_line)
 .debug_line    0x00000000      0x3ec .\CortexM3\ARM_GCC_493\Debug\main.o
 .debug_line    0x000003ec      0x2ab .\CortexM3\ARM_GCC_493\Debug\camera_display.o
 .debug_line    0x00000697       0x53 .\CortexM3\ARM_GCC_493\Debug\cymetadata.o
 .debug_line    0x000006ea      0x254 .\CortexM3\ARM_GCC_493\Debug\Cm3Start.o
 .debug_line    0x0000093e      0x1e5 .\CortexM3\ARM_GCC_493\Debug\Display.a(cyfitter_cfg.o)
 .debug_line    0x00000b23       0x94 .\CortexM3\ARM_GCC_493\Debug\Display.a(CS.o)
 .debug_line    0x00000bb7       0x92 .\CortexM3\ARM_GCC_493\Debug\Display.a(RST.o)
 .debug_line    0x00000c49       0x68 .\CortexM3\ARM_GCC_493\Debug\Display.a(CyBootAsmGnu.o)
 .debug_line    0x00000cb1      0x2e5 .\CortexM3\ARM_GCC_493\Debug\Display.a(CyDmac.o)
 .debug_line    0x00000f96      0x806 .\CortexM3\ARM_GCC_493\Debug\Display.a(CyLib.o)
 .debug_line    0x0000179c      0x366 .\CortexM3\ARM_GCC_493\Debug\Display.a(cyPm.o)
 .debug_line    0x00001b02      0x2b4 .\CortexM3\ARM_GCC_493\Debug\Display.a(LCD.o)
 .debug_line    0x00001db6      0x18f .\CortexM3\ARM_GCC_493\Debug\Display.a(LCD_CLK.o)
 .debug_line    0x00001f45       0x6c .\CortexM3\ARM_GCC_493\Debug\Display.a(OE.o)
 .debug_line    0x00001fb1      0x261 .\CortexM3\ARM_GCC_493\Debug\Display.a(Camera.o)
 .debug_line    0x00002212       0xa0 .\CortexM3\ARM_GCC_493\Debug\Display.a(Camera_DMA_dma.o)
 .debug_line    0x000022b2       0x9b .\CortexM3\ARM_GCC_493\Debug\Display.a(Camera_VSYNC.o)
 .debug_line    0x0000234d       0xf0 .\CortexM3\ARM_GCC_493\Debug\Display.a(Camera_I2C.o)
 .debug_line    0x0000243d      0x124 .\CortexM3\ARM_GCC_493\Debug\Display.a(Camera_I2C_INT.o)
 .debug_line    0x00002561       0xcb .\CortexM3\ARM_GCC_493\Debug\Display.a(Camera_I2C_PM.o)
 .debug_line    0x0000262c      0x20d .\CortexM3\ARM_GCC_493\Debug\Display.a(Camera_I2C_MASTER.o)
 .debug_line    0x00002839      0x155 .\CortexM3\ARM_GCC_493\Debug\Display.a(Camera_end_line.o)
 .debug_line    0x0000298e       0x72 .\CortexM3\ARM_GCC_493\Debug\Display.a(Data_Out.o)
 .debug_line    0x00002a00       0x9d .\CortexM3\ARM_GCC_493\Debug\Display.a(LCD_DMA_dma.o)
 .debug_line    0x00002a9d      0x14b .\CortexM3\ARM_GCC_493\Debug\Display.a(isr_1.o)
 .debug_line    0x00002be8      0x1ab .\CortexM3\ARM_GCC_493\Debug\Display.a(PWM_1.o)
 .debug_line    0x00002d93       0x92 .\CortexM3\ARM_GCC_493\Debug\Display.a(SW1.o)
 .debug_line    0x00002e25      0x18d .\CortexM3\ARM_GCC_493\Debug\Display.a(PWM_Claw.o)
 .debug_line    0x00002fb2       0x95 .\CortexM3\ARM_GCC_493\Debug\Display.a(LCD_RD.o)
 .debug_line    0x00003047      0x1ec .\CortexM3\ARM_GCC_493\Debug\Display.a(CyFlash.o)
 .debug_line    0x00003233      0x23e .\CortexM3\ARM_GCC_493\Debug\Display.a(CySpc.o)
 .debug_line    0x00003471       0x4b .\CortexM3\ARM_GCC_493\Debug\Display.a(Camera_settings.o)

.debug_frame    0x00000000     0x1ebc
 *(.debug_frame)
 .debug_frame   0x00000000      0x178 .\CortexM3\ARM_GCC_493\Debug\main.o
 .debug_frame   0x00000178       0xd4 .\CortexM3\ARM_GCC_493\Debug\camera_display.o
 .debug_frame   0x0000024c       0xac .\CortexM3\ARM_GCC_493\Debug\Cm3Start.o
 .debug_frame   0x000002f8       0xe0 .\CortexM3\ARM_GCC_493\Debug\Display.a(cyfitter_cfg.o)
 .debug_frame   0x000003d8       0x50 .\CortexM3\ARM_GCC_493\Debug\Display.a(CS.o)
 .debug_frame   0x00000428       0x50 .\CortexM3\ARM_GCC_493\Debug\Display.a(RST.o)
 .debug_frame   0x00000478      0x1f4 .\CortexM3\ARM_GCC_493\Debug\Display.a(CyDmac.o)
 .debug_frame   0x0000066c      0x728 .\CortexM3\ARM_GCC_493\Debug\Display.a(CyLib.o)
 .debug_frame   0x00000d94      0x1f8 .\CortexM3\ARM_GCC_493\Debug\Display.a(cyPm.o)
 .debug_frame   0x00000f8c      0x148 .\CortexM3\ARM_GCC_493\Debug\Display.a(LCD.o)
 .debug_frame   0x000010d4       0xe0 .\CortexM3\ARM_GCC_493\Debug\Display.a(LCD_CLK.o)
 .debug_frame   0x000011b4       0x30 .\CortexM3\ARM_GCC_493\Debug\Display.a(OE.o)
 .debug_frame   0x000011e4       0x84 .\CortexM3\ARM_GCC_493\Debug\Display.a(Camera.o)
 .debug_frame   0x00001268       0x54 .\CortexM3\ARM_GCC_493\Debug\Display.a(Camera_DMA_dma.o)
 .debug_frame   0x000012bc       0x50 .\CortexM3\ARM_GCC_493\Debug\Display.a(Camera_VSYNC.o)
 .debug_frame   0x0000130c       0x90 .\CortexM3\ARM_GCC_493\Debug\Display.a(Camera_I2C.o)
 .debug_frame   0x0000139c       0x30 .\CortexM3\ARM_GCC_493\Debug\Display.a(Camera_I2C_INT.o)
 .debug_frame   0x000013cc       0x74 .\CortexM3\ARM_GCC_493\Debug\Display.a(Camera_I2C_PM.o)
 .debug_frame   0x00001440      0x138 .\CortexM3\ARM_GCC_493\Debug\Display.a(Camera_I2C_MASTER.o)
 .debug_frame   0x00001578      0x104 .\CortexM3\ARM_GCC_493\Debug\Display.a(Camera_end_line.o)
 .debug_frame   0x0000167c       0x30 .\CortexM3\ARM_GCC_493\Debug\Display.a(Data_Out.o)
 .debug_frame   0x000016ac       0x54 .\CortexM3\ARM_GCC_493\Debug\Display.a(LCD_DMA_dma.o)
 .debug_frame   0x00001700      0x104 .\CortexM3\ARM_GCC_493\Debug\Display.a(isr_1.o)
 .debug_frame   0x00001804      0x154 .\CortexM3\ARM_GCC_493\Debug\Display.a(PWM_1.o)
 .debug_frame   0x00001958       0x50 .\CortexM3\ARM_GCC_493\Debug\Display.a(SW1.o)
 .debug_frame   0x000019a8      0x134 .\CortexM3\ARM_GCC_493\Debug\Display.a(PWM_Claw.o)
 .debug_frame   0x00001adc       0x50 .\CortexM3\ARM_GCC_493\Debug\Display.a(LCD_RD.o)
 .debug_frame   0x00001b2c      0x174 .\CortexM3\ARM_GCC_493\Debug\Display.a(CyFlash.o)
 .debug_frame   0x00001ca0      0x160 .\CortexM3\ARM_GCC_493\Debug\Display.a(CySpc.o)
 .debug_frame   0x00001e00       0x20 c:/program files (x86)/cypress/psoc creator/3.3/psoc creator/import/gnu/arm/4.9.3/bin/../lib/gcc/arm-none-eabi/4.9.3/../../../../arm-none-eabi/lib/armv7-m\libg_nano.a(lib_a-errno.o)
 .debug_frame   0x00001e20       0x28 c:/program files (x86)/cypress/psoc creator/3.3/psoc creator/import/gnu/arm/4.9.3/bin/../lib/gcc/arm-none-eabi/4.9.3/../../../../arm-none-eabi/lib/armv7-m\libg_nano.a(lib_a-exit.o)
 .debug_frame   0x00001e48       0x2c c:/program files (x86)/cypress/psoc creator/3.3/psoc creator/import/gnu/arm/4.9.3/bin/../lib/gcc/arm-none-eabi/4.9.3/../../../../arm-none-eabi/lib/armv7-m\libg_nano.a(lib_a-init.o)
 .debug_frame   0x00001e74       0x28 c:/program files (x86)/cypress/psoc creator/3.3/psoc creator/import/gnu/arm/4.9.3/bin/../lib/gcc/arm-none-eabi/4.9.3/../../../../arm-none-eabi/lib/armv7-m\libg_nano.a(lib_a-memcpy.o)
 .debug_frame   0x00001e9c       0x20 c:/program files (x86)/cypress/psoc creator/3.3/psoc creator/import/gnu/arm/4.9.3/bin/../lib/gcc/arm-none-eabi/4.9.3/../../../../arm-none-eabi/lib/armv7-m\libg_nano.a(lib_a-memset.o)

.debug_str      0x00000000     0x27c0
 *(.debug_str)
 .debug_str     0x00000000      0x377 .\CortexM3\ARM_GCC_493\Debug\main.o
                                0x3b8 (size before relaxing)
 .debug_str     0x00000377      0x157 .\CortexM3\ARM_GCC_493\Debug\camera_display.o
                                0x351 (size before relaxing)
 .debug_str     0x000004ce       0x77 .\CortexM3\ARM_GCC_493\Debug\cymetadata.o
                                0x1e2 (size before relaxing)
 .debug_str     0x00000545      0x163 .\CortexM3\ARM_GCC_493\Debug\Cm3Start.o
                                0x306 (size before relaxing)
 .debug_str     0x000006a8      0x156 .\CortexM3\ARM_GCC_493\Debug\Display.a(cyfitter_cfg.o)
                                0x2fb (size before relaxing)
 .debug_str     0x000007fe       0x4d .\CortexM3\ARM_GCC_493\Debug\Display.a(CS.o)
                                0x1cb (size before relaxing)
 .debug_str     0x0000084b       0x49 .\CortexM3\ARM_GCC_493\Debug\Display.a(RST.o)
                                0x1d0 (size before relaxing)
 .debug_str     0x00000894      0x2f4 .\CortexM3\ARM_GCC_493\Debug\Display.a(CyDmac.o)
                                0x536 (size before relaxing)
 .debug_str     0x00000b88      0x7d6 .\CortexM3\ARM_GCC_493\Debug\Display.a(CyLib.o)
                                0xa1b (size before relaxing)
 .debug_str     0x0000135e      0x35b .\CortexM3\ARM_GCC_493\Debug\Display.a(cyPm.o)
                                0x713 (size before relaxing)
 .debug_str     0x000016b9       0xd0 .\CortexM3\ARM_GCC_493\Debug\Display.a(LCD.o)
                                0x2e1 (size before relaxing)
 .debug_str     0x00001789      0x149 .\CortexM3\ARM_GCC_493\Debug\Display.a(LCD_CLK.o)
                                0x2e6 (size before relaxing)
 .debug_str     0x000018d2       0x2f .\CortexM3\ARM_GCC_493\Debug\Display.a(OE.o)
                                0x19e (size before relaxing)
 .debug_str     0x00001901      0x125 .\CortexM3\ARM_GCC_493\Debug\Display.a(Camera.o)
                                0x3ae (size before relaxing)
 .debug_str     0x00001a26       0x90 .\CortexM3\ARM_GCC_493\Debug\Display.a(Camera_DMA_dma.o)
                                0x275 (size before relaxing)
 .debug_str     0x00001ab6       0x6e .\CortexM3\ARM_GCC_493\Debug\Display.a(Camera_VSYNC.o)
                                0x1fd (size before relaxing)
 .debug_str     0x00001b24      0x128 .\CortexM3\ARM_GCC_493\Debug\Display.a(Camera_I2C.o)
                                0x32e (size before relaxing)
 .debug_str     0x00001c4c       0xb9 .\CortexM3\ARM_GCC_493\Debug\Display.a(Camera_I2C_INT.o)
                                0x298 (size before relaxing)
 .debug_str     0x00001d05       0x7b .\CortexM3\ARM_GCC_493\Debug\Display.a(Camera_I2C_PM.o)
                                0x2a8 (size before relaxing)
 .debug_str     0x00001d80      0x16a .\CortexM3\ARM_GCC_493\Debug\Display.a(Camera_I2C_MASTER.o)
                                0x431 (size before relaxing)
 .debug_str     0x00001eea      0x15c .\CortexM3\ARM_GCC_493\Debug\Display.a(Camera_end_line.o)
                                0x31e (size before relaxing)
 .debug_str     0x00002046       0x32 .\CortexM3\ARM_GCC_493\Debug\Display.a(Data_Out.o)
                                0x1b0 (size before relaxing)
 .debug_str     0x00002078       0x4c .\CortexM3\ARM_GCC_493\Debug\Display.a(LCD_DMA_dma.o)
                                0x269 (size before relaxing)
 .debug_str     0x000020c4       0xc7 .\CortexM3\ARM_GCC_493\Debug\Display.a(isr_1.o)
                                0x292 (size before relaxing)
 .debug_str     0x0000218b      0x18d .\CortexM3\ARM_GCC_493\Debug\Display.a(PWM_1.o)
                                0x366 (size before relaxing)
 .debug_str     0x00002318       0x4a .\CortexM3\ARM_GCC_493\Debug\Display.a(SW1.o)
                                0x1d0 (size before relaxing)
 .debug_str     0x00002362      0x16b .\CortexM3\ARM_GCC_493\Debug\Display.a(PWM_Claw.o)
                                0x383 (size before relaxing)
 .debug_str     0x000024cd       0x55 .\CortexM3\ARM_GCC_493\Debug\Display.a(LCD_RD.o)
                                0x1df (size before relaxing)
 .debug_str     0x00002522      0x197 .\CortexM3\ARM_GCC_493\Debug\Display.a(CyFlash.o)
                                0x38d (size before relaxing)
 .debug_str     0x000026b9       0xae .\CortexM3\ARM_GCC_493\Debug\Display.a(CySpc.o)
                                0x316 (size before relaxing)
 .debug_str     0x00002767       0x59 .\CortexM3\ARM_GCC_493\Debug\Display.a(Camera_settings.o)
                                0x160 (size before relaxing)

.debug_loc      0x00000000     0x33e1
 *(.debug_loc)
 .debug_loc     0x00000000       0x1e .\CortexM3\ARM_GCC_493\Debug\main.o
 .debug_loc     0x0000001e      0x25d .\CortexM3\ARM_GCC_493\Debug\camera_display.o
 .debug_loc     0x0000027b      0x144 .\CortexM3\ARM_GCC_493\Debug\Cm3Start.o
 .debug_loc     0x000003bf      0x1d7 .\CortexM3\ARM_GCC_493\Debug\Display.a(cyfitter_cfg.o)
 .debug_loc     0x00000596       0x42 .\CortexM3\ARM_GCC_493\Debug\Display.a(CS.o)
 .debug_loc     0x000005d8       0x42 .\CortexM3\ARM_GCC_493\Debug\Display.a(RST.o)
 .debug_loc     0x0000061a      0xb83 .\CortexM3\ARM_GCC_493\Debug\Display.a(CyDmac.o)
 .debug_loc     0x0000119d      0xa11 .\CortexM3\ARM_GCC_493\Debug\Display.a(CyLib.o)
 .debug_loc     0x00001bae      0x1e4 .\CortexM3\ARM_GCC_493\Debug\Display.a(cyPm.o)
 .debug_loc     0x00001d92      0x2cd .\CortexM3\ARM_GCC_493\Debug\Display.a(LCD.o)
 .debug_loc     0x0000205f      0x128 .\CortexM3\ARM_GCC_493\Debug\Display.a(LCD_CLK.o)
 .debug_loc     0x00002187       0xa3 .\CortexM3\ARM_GCC_493\Debug\Display.a(Camera.o)
 .debug_loc     0x0000222a       0x84 .\CortexM3\ARM_GCC_493\Debug\Display.a(Camera_DMA_dma.o)
 .debug_loc     0x000022ae       0x42 .\CortexM3\ARM_GCC_493\Debug\Display.a(Camera_VSYNC.o)
 .debug_loc     0x000022f0       0x39 .\CortexM3\ARM_GCC_493\Debug\Display.a(Camera_I2C.o)
 .debug_loc     0x00002329       0x29 .\CortexM3\ARM_GCC_493\Debug\Display.a(Camera_I2C_INT.o)
 .debug_loc     0x00002352       0x13 .\CortexM3\ARM_GCC_493\Debug\Display.a(Camera_I2C_PM.o)
 .debug_loc     0x00002365      0x52f .\CortexM3\ARM_GCC_493\Debug\Display.a(Camera_I2C_MASTER.o)
 .debug_loc     0x00002894       0x56 .\CortexM3\ARM_GCC_493\Debug\Display.a(Camera_end_line.o)
 .debug_loc     0x000028ea       0x84 .\CortexM3\ARM_GCC_493\Debug\Display.a(LCD_DMA_dma.o)
 .debug_loc     0x0000296e       0x56 .\CortexM3\ARM_GCC_493\Debug\Display.a(isr_1.o)
 .debug_loc     0x000029c4       0x26 .\CortexM3\ARM_GCC_493\Debug\Display.a(PWM_1.o)
 .debug_loc     0x000029ea       0x42 .\CortexM3\ARM_GCC_493\Debug\Display.a(SW1.o)
 .debug_loc     0x00002a2c       0x26 .\CortexM3\ARM_GCC_493\Debug\Display.a(PWM_Claw.o)
 .debug_loc     0x00002a52       0x42 .\CortexM3\ARM_GCC_493\Debug\Display.a(LCD_RD.o)
 .debug_loc     0x00002a94      0x300 .\CortexM3\ARM_GCC_493\Debug\Display.a(CyFlash.o)
 .debug_loc     0x00002d94      0x64d .\CortexM3\ARM_GCC_493\Debug\Display.a(CySpc.o)

.debug_macinfo
 *(.debug_macinfo)

.debug_ranges   0x00000000      0xab8
 *(.debug_ranges)
 .debug_ranges  0x00000000       0x80 .\CortexM3\ARM_GCC_493\Debug\main.o
 .debug_ranges  0x00000080       0x38 .\CortexM3\ARM_GCC_493\Debug\camera_display.o
 .debug_ranges  0x000000b8       0x38 .\CortexM3\ARM_GCC_493\Debug\Cm3Start.o
 .debug_ranges  0x000000f0       0x48 .\CortexM3\ARM_GCC_493\Debug\Display.a(cyfitter_cfg.o)
 .debug_ranges  0x00000138       0x28 .\CortexM3\ARM_GCC_493\Debug\Display.a(CS.o)
 .debug_ranges  0x00000160       0x28 .\CortexM3\ARM_GCC_493\Debug\Display.a(RST.o)
 .debug_ranges  0x00000188       0xc8 .\CortexM3\ARM_GCC_493\Debug\Display.a(CyDmac.o)
 .debug_ranges  0x00000250      0x288 .\CortexM3\ARM_GCC_493\Debug\Display.a(CyLib.o)
 .debug_ranges  0x000004d8       0x88 .\CortexM3\ARM_GCC_493\Debug\Display.a(cyPm.o)
 .debug_ranges  0x00000560       0x50 .\CortexM3\ARM_GCC_493\Debug\Display.a(LCD.o)
 .debug_ranges  0x000005b0       0x60 .\CortexM3\ARM_GCC_493\Debug\Display.a(LCD_CLK.o)
 .debug_ranges  0x00000610       0x18 .\CortexM3\ARM_GCC_493\Debug\Display.a(OE.o)
 .debug_ranges  0x00000628       0x28 .\CortexM3\ARM_GCC_493\Debug\Display.a(Camera.o)
 .debug_ranges  0x00000650       0x18 .\CortexM3\ARM_GCC_493\Debug\Display.a(Camera_DMA_dma.o)
 .debug_ranges  0x00000668       0x28 .\CortexM3\ARM_GCC_493\Debug\Display.a(Camera_VSYNC.o)
 .debug_ranges  0x00000690       0x28 .\CortexM3\ARM_GCC_493\Debug\Display.a(Camera_I2C.o)
 .debug_ranges  0x000006b8       0x10 .\CortexM3\ARM_GCC_493\Debug\Display.a(Camera_I2C_INT.o)
 .debug_ranges  0x000006c8       0x28 .\CortexM3\ARM_GCC_493\Debug\Display.a(Camera_I2C_PM.o)
 .debug_ranges  0x000006f0       0x70 .\CortexM3\ARM_GCC_493\Debug\Display.a(Camera_I2C_MASTER.o)
 .debug_ranges  0x00000760       0x70 .\CortexM3\ARM_GCC_493\Debug\Display.a(Camera_end_line.o)
 .debug_ranges  0x000007d0       0x18 .\CortexM3\ARM_GCC_493\Debug\Display.a(Data_Out.o)
 .debug_ranges  0x000007e8       0x18 .\CortexM3\ARM_GCC_493\Debug\Display.a(LCD_DMA_dma.o)
 .debug_ranges  0x00000800       0x70 .\CortexM3\ARM_GCC_493\Debug\Display.a(isr_1.o)
 .debug_ranges  0x00000870       0x98 .\CortexM3\ARM_GCC_493\Debug\Display.a(PWM_1.o)
 .debug_ranges  0x00000908       0x28 .\CortexM3\ARM_GCC_493\Debug\Display.a(SW1.o)
 .debug_ranges  0x00000930       0x88 .\CortexM3\ARM_GCC_493\Debug\Display.a(PWM_Claw.o)
 .debug_ranges  0x000009b8       0x28 .\CortexM3\ARM_GCC_493\Debug\Display.a(LCD_RD.o)
 .debug_ranges  0x000009e0       0x70 .\CortexM3\ARM_GCC_493\Debug\Display.a(CyFlash.o)
 .debug_ranges  0x00000a50       0x68 .\CortexM3\ARM_GCC_493\Debug\Display.a(CySpc.o)

.comment        0x00000000       0x70
 .comment       0x00000000       0x70 .\CortexM3\ARM_GCC_493\Debug\main.o
                                 0x71 (size before relaxing)
 .comment       0x00000000       0x71 .\CortexM3\ARM_GCC_493\Debug\camera_display.o
 .comment       0x00000000       0x71 .\CortexM3\ARM_GCC_493\Debug\cymetadata.o
 .comment       0x00000000       0x71 .\CortexM3\ARM_GCC_493\Debug\Cm3Start.o
 .comment       0x00000000       0x71 .\CortexM3\ARM_GCC_493\Debug\Display.a(cyfitter_cfg.o)
 .comment       0x00000000       0x71 .\CortexM3\ARM_GCC_493\Debug\Display.a(CS.o)
 .comment       0x00000000       0x71 .\CortexM3\ARM_GCC_493\Debug\Display.a(RST.o)
 .comment       0x00000000       0x71 .\CortexM3\ARM_GCC_493\Debug\Display.a(CyDmac.o)
 .comment       0x00000000       0x71 .\CortexM3\ARM_GCC_493\Debug\Display.a(CyLib.o)
 .comment       0x00000000       0x71 .\CortexM3\ARM_GCC_493\Debug\Display.a(cyPm.o)
 .comment       0x00000000       0x71 .\CortexM3\ARM_GCC_493\Debug\Display.a(LCD.o)
 .comment       0x00000000       0x71 .\CortexM3\ARM_GCC_493\Debug\Display.a(LCD_CLK.o)
 .comment       0x00000000       0x71 .\CortexM3\ARM_GCC_493\Debug\Display.a(OE.o)
 .comment       0x00000000       0x71 .\CortexM3\ARM_GCC_493\Debug\Display.a(Camera.o)
 .comment       0x00000000       0x71 .\CortexM3\ARM_GCC_493\Debug\Display.a(Camera_DMA_dma.o)
 .comment       0x00000000       0x71 .\CortexM3\ARM_GCC_493\Debug\Display.a(Camera_VSYNC.o)
 .comment       0x00000000       0x71 .\CortexM3\ARM_GCC_493\Debug\Display.a(Camera_I2C.o)
 .comment       0x00000000       0x71 .\CortexM3\ARM_GCC_493\Debug\Display.a(Camera_I2C_INT.o)
 .comment       0x00000000       0x71 .\CortexM3\ARM_GCC_493\Debug\Display.a(Camera_I2C_PM.o)
 .comment       0x00000000       0x71 .\CortexM3\ARM_GCC_493\Debug\Display.a(Camera_I2C_MASTER.o)
 .comment       0x00000000       0x71 .\CortexM3\ARM_GCC_493\Debug\Display.a(Camera_end_line.o)
 .comment       0x00000000       0x71 .\CortexM3\ARM_GCC_493\Debug\Display.a(Data_Out.o)
 .comment       0x00000000       0x71 .\CortexM3\ARM_GCC_493\Debug\Display.a(LCD_DMA_dma.o)
 .comment       0x00000000       0x71 .\CortexM3\ARM_GCC_493\Debug\Display.a(isr_1.o)
 .comment       0x00000000       0x71 .\CortexM3\ARM_GCC_493\Debug\Display.a(PWM_1.o)
 .comment       0x00000000       0x71 .\CortexM3\ARM_GCC_493\Debug\Display.a(SW1.o)
 .comment       0x00000000       0x71 .\CortexM3\ARM_GCC_493\Debug\Display.a(PWM_Claw.o)
 .comment       0x00000000       0x71 .\CortexM3\ARM_GCC_493\Debug\Display.a(LCD_RD.o)
 .comment       0x00000000       0x71 .\CortexM3\ARM_GCC_493\Debug\Display.a(CyFlash.o)
 .comment       0x00000000       0x71 .\CortexM3\ARM_GCC_493\Debug\Display.a(CySpc.o)
 .comment       0x00000000       0x71 .\CortexM3\ARM_GCC_493\Debug\Display.a(Camera_settings.o)

.debug_weaknames
 *(.debug_weaknames)

.debug_funcnames
 *(.debug_funcnames)

.debug_typenames
 *(.debug_typenames)

.debug_varnames
 *(.debug_varnames)

.note.gnu.arm.ident
 *(.note.gnu.arm.ident)

.ARM.attributes
                0x00000000       0x29
 *(.ARM.attributes)
 .ARM.attributes
                0x00000000       0x1d c:/program files (x86)/cypress/psoc creator/3.3/psoc creator/import/gnu/arm/4.9.3/bin/../lib/gcc/arm-none-eabi/4.9.3/armv7-m/crti.o
 .ARM.attributes
                0x0000001d       0x2d c:/program files (x86)/cypress/psoc creator/3.3/psoc creator/import/gnu/arm/4.9.3/bin/../lib/gcc/arm-none-eabi/4.9.3/armv7-m/crtbegin.o
 .ARM.attributes
                0x0000004a       0x1b c:/program files (x86)/cypress/psoc creator/3.3/psoc creator/import/gnu/arm/4.9.3/bin/../lib/gcc/arm-none-eabi/4.9.3/../../../../arm-none-eabi/lib/armv7-m/crt0.o
 .ARM.attributes
                0x00000065       0x33 .\CortexM3\ARM_GCC_493\Debug\main.o
 .ARM.attributes
                0x00000098       0x33 .\CortexM3\ARM_GCC_493\Debug\camera_display.o
 .ARM.attributes
                0x000000cb       0x33 .\CortexM3\ARM_GCC_493\Debug\cymetadata.o
 .ARM.attributes
                0x000000fe       0x33 .\CortexM3\ARM_GCC_493\Debug\Cm3Start.o
 .ARM.attributes
                0x00000131       0x33 .\CortexM3\ARM_GCC_493\Debug\Display.a(cyfitter_cfg.o)
 .ARM.attributes
                0x00000164       0x33 .\CortexM3\ARM_GCC_493\Debug\Display.a(CS.o)
 .ARM.attributes
                0x00000197       0x33 .\CortexM3\ARM_GCC_493\Debug\Display.a(RST.o)
 .ARM.attributes
                0x000001ca       0x21 .\CortexM3\ARM_GCC_493\Debug\Display.a(CyBootAsmGnu.o)
 .ARM.attributes
                0x000001eb       0x33 .\CortexM3\ARM_GCC_493\Debug\Display.a(CyDmac.o)
 .ARM.attributes
                0x0000021e       0x33 .\CortexM3\ARM_GCC_493\Debug\Display.a(CyLib.o)
 .ARM.attributes
                0x00000251       0x33 .\CortexM3\ARM_GCC_493\Debug\Display.a(cyPm.o)
 .ARM.attributes
                0x00000284       0x33 .\CortexM3\ARM_GCC_493\Debug\Display.a(LCD.o)
 .ARM.attributes
                0x000002b7       0x33 .\CortexM3\ARM_GCC_493\Debug\Display.a(LCD_CLK.o)
 .ARM.attributes
                0x000002ea       0x33 .\CortexM3\ARM_GCC_493\Debug\Display.a(OE.o)
 .ARM.attributes
                0x0000031d       0x33 .\CortexM3\ARM_GCC_493\Debug\Display.a(Camera.o)
 .ARM.attributes
                0x00000350       0x33 .\CortexM3\ARM_GCC_493\Debug\Display.a(Camera_DMA_dma.o)
 .ARM.attributes
                0x00000383       0x33 .\CortexM3\ARM_GCC_493\Debug\Display.a(Camera_VSYNC.o)
 .ARM.attributes
                0x000003b6       0x33 .\CortexM3\ARM_GCC_493\Debug\Display.a(Camera_I2C.o)
 .ARM.attributes
                0x000003e9       0x33 .\CortexM3\ARM_GCC_493\Debug\Display.a(Camera_I2C_INT.o)
 .ARM.attributes
                0x0000041c       0x33 .\CortexM3\ARM_GCC_493\Debug\Display.a(Camera_I2C_PM.o)
 .ARM.attributes
                0x0000044f       0x33 .\CortexM3\ARM_GCC_493\Debug\Display.a(Camera_I2C_MASTER.o)
 .ARM.attributes
                0x00000482       0x33 .\CortexM3\ARM_GCC_493\Debug\Display.a(Camera_end_line.o)
 .ARM.attributes
                0x000004b5       0x33 .\CortexM3\ARM_GCC_493\Debug\Display.a(Data_Out.o)
 .ARM.attributes
                0x000004e8       0x33 .\CortexM3\ARM_GCC_493\Debug\Display.a(LCD_DMA_dma.o)
 .ARM.attributes
                0x0000051b       0x33 .\CortexM3\ARM_GCC_493\Debug\Display.a(isr_1.o)
 .ARM.attributes
                0x0000054e       0x33 .\CortexM3\ARM_GCC_493\Debug\Display.a(PWM_1.o)
 .ARM.attributes
                0x00000581       0x33 .\CortexM3\ARM_GCC_493\Debug\Display.a(SW1.o)
 .ARM.attributes
                0x000005b4       0x33 .\CortexM3\ARM_GCC_493\Debug\Display.a(PWM_Claw.o)
 .ARM.attributes
                0x000005e7       0x33 .\CortexM3\ARM_GCC_493\Debug\Display.a(LCD_RD.o)
 .ARM.attributes
                0x0000061a       0x33 .\CortexM3\ARM_GCC_493\Debug\Display.a(CyFlash.o)
 .ARM.attributes
                0x0000064d       0x33 .\CortexM3\ARM_GCC_493\Debug\Display.a(CySpc.o)
 .ARM.attributes
                0x00000680       0x33 .\CortexM3\ARM_GCC_493\Debug\Display.a(Camera_settings.o)
 .ARM.attributes
                0x000006b3       0x2d c:/program files (x86)/cypress/psoc creator/3.3/psoc creator/import/gnu/arm/4.9.3/bin/../lib/gcc/arm-none-eabi/4.9.3/../../../../arm-none-eabi/lib/armv7-m\libg_nano.a(lib_a-errno.o)
 .ARM.attributes
                0x000006e0       0x2d c:/program files (x86)/cypress/psoc creator/3.3/psoc creator/import/gnu/arm/4.9.3/bin/../lib/gcc/arm-none-eabi/4.9.3/../../../../arm-none-eabi/lib/armv7-m\libg_nano.a(lib_a-exit.o)
 .ARM.attributes
                0x0000070d       0x2d c:/program files (x86)/cypress/psoc creator/3.3/psoc creator/import/gnu/arm/4.9.3/bin/../lib/gcc/arm-none-eabi/4.9.3/../../../../arm-none-eabi/lib/armv7-m\libg_nano.a(lib_a-impure.o)
 .ARM.attributes
                0x0000073a       0x2d c:/program files (x86)/cypress/psoc creator/3.3/psoc creator/import/gnu/arm/4.9.3/bin/../lib/gcc/arm-none-eabi/4.9.3/../../../../arm-none-eabi/lib/armv7-m\libg_nano.a(lib_a-init.o)
 .ARM.attributes
                0x00000767       0x2d c:/program files (x86)/cypress/psoc creator/3.3/psoc creator/import/gnu/arm/4.9.3/bin/../lib/gcc/arm-none-eabi/4.9.3/../../../../arm-none-eabi/lib/armv7-m\libg_nano.a(lib_a-memcpy.o)
 .ARM.attributes
                0x00000794       0x2d c:/program files (x86)/cypress/psoc creator/3.3/psoc creator/import/gnu/arm/4.9.3/bin/../lib/gcc/arm-none-eabi/4.9.3/../../../../arm-none-eabi/lib/armv7-m\libg_nano.a(lib_a-memset.o)
 .ARM.attributes
                0x000007c1       0x2d c:/program files (x86)/cypress/psoc creator/3.3/psoc creator/import/gnu/arm/4.9.3/bin/../lib/gcc/arm-none-eabi/4.9.3/armv7-m/crtend.o
 .ARM.attributes
                0x000007ee       0x1d c:/program files (x86)/cypress/psoc creator/3.3/psoc creator/import/gnu/arm/4.9.3/bin/../lib/gcc/arm-none-eabi/4.9.3/armv7-m/crtn.o

/DISCARD/
 *(.note.GNU-stack)
OUTPUT(.\CortexM3\ARM_GCC_493\Debug\Display.elf elf32-littlearm)
